Archive member included to satisfy reference by file (symbol)

c:/program files (x86)/gnu tools arm embedded/6 2017-q2-update/bin/../lib/gcc/arm-none-eabi/6.3.1/../../../../arm-none-eabi/lib/thumb/v7e-m/fpv4-sp/hard\libc_nano.a(lib_a-exit.o)
                              c:/program files (x86)/gnu tools arm embedded/6 2017-q2-update/bin/../lib/gcc/arm-none-eabi/6.3.1/../../../../arm-none-eabi/lib/thumb/v7e-m/fpv4-sp/hard/crt0.o (exit)
c:/program files (x86)/gnu tools arm embedded/6 2017-q2-update/bin/../lib/gcc/arm-none-eabi/6.3.1/../../../../arm-none-eabi/lib/thumb/v7e-m/fpv4-sp/hard\libc_nano.a(lib_a-impure.o)
                              c:/program files (x86)/gnu tools arm embedded/6 2017-q2-update/bin/../lib/gcc/arm-none-eabi/6.3.1/../../../../arm-none-eabi/lib/thumb/v7e-m/fpv4-sp/hard\libc_nano.a(lib_a-exit.o) (_global_impure_ptr)
c:/program files (x86)/gnu tools arm embedded/6 2017-q2-update/bin/../lib/gcc/arm-none-eabi/6.3.1/../../../../arm-none-eabi/lib/thumb/v7e-m/fpv4-sp/hard\libc_nano.a(lib_a-init.o)
                              c:/program files (x86)/gnu tools arm embedded/6 2017-q2-update/bin/../lib/gcc/arm-none-eabi/6.3.1/../../../../arm-none-eabi/lib/thumb/v7e-m/fpv4-sp/hard/crt0.o (__libc_init_array)
c:/program files (x86)/gnu tools arm embedded/6 2017-q2-update/bin/../lib/gcc/arm-none-eabi/6.3.1/../../../../arm-none-eabi/lib/thumb/v7e-m/fpv4-sp/hard\libc_nano.a(lib_a-memcpy-stub.o)
                              build/queue.o (memcpy)
c:/program files (x86)/gnu tools arm embedded/6 2017-q2-update/bin/../lib/gcc/arm-none-eabi/6.3.1/../../../../arm-none-eabi/lib/thumb/v7e-m/fpv4-sp/hard\libc_nano.a(lib_a-memset.o)
                              c:/program files (x86)/gnu tools arm embedded/6 2017-q2-update/bin/../lib/gcc/arm-none-eabi/6.3.1/../../../../arm-none-eabi/lib/thumb/v7e-m/fpv4-sp/hard/crt0.o (memset)
c:/program files (x86)/gnu tools arm embedded/6 2017-q2-update/bin/../lib/gcc/arm-none-eabi/6.3.1/../../../../arm-none-eabi/lib/thumb/v7e-m/fpv4-sp/hard\libnosys.a(_exit.o)
                              c:/program files (x86)/gnu tools arm embedded/6 2017-q2-update/bin/../lib/gcc/arm-none-eabi/6.3.1/../../../../arm-none-eabi/lib/thumb/v7e-m/fpv4-sp/hard\libc_nano.a(lib_a-exit.o) (_exit)
c:/program files (x86)/gnu tools arm embedded/6 2017-q2-update/bin/../lib/gcc/arm-none-eabi/6.3.1/thumb/v7e-m/fpv4-sp/hard\libgcc.a(_aeabi_uldivmod.o)
                              build/stm32l4xx_hal_uart.o (__aeabi_uldivmod)
c:/program files (x86)/gnu tools arm embedded/6 2017-q2-update/bin/../lib/gcc/arm-none-eabi/6.3.1/thumb/v7e-m/fpv4-sp/hard\libgcc.a(_udivmoddi4.o)
                              c:/program files (x86)/gnu tools arm embedded/6 2017-q2-update/bin/../lib/gcc/arm-none-eabi/6.3.1/thumb/v7e-m/fpv4-sp/hard\libgcc.a(_aeabi_uldivmod.o) (__udivmoddi4)
c:/program files (x86)/gnu tools arm embedded/6 2017-q2-update/bin/../lib/gcc/arm-none-eabi/6.3.1/thumb/v7e-m/fpv4-sp/hard\libgcc.a(_dvmd_tls.o)
                              c:/program files (x86)/gnu tools arm embedded/6 2017-q2-update/bin/../lib/gcc/arm-none-eabi/6.3.1/thumb/v7e-m/fpv4-sp/hard\libgcc.a(_aeabi_uldivmod.o) (__aeabi_ldiv0)

Allocating common symbols
Common symbol       size              file

hdfsdm1_channel1    0x38              build/dfsdm.o
defaultTaskHandle   0x4               build/freertos.o
huart3              0x80              build/usart.o
hpcd_USB_OTG_FS     0x408             build/usb_otg.o
hi2c2               0x4c              build/i2c.o
uwTick              0x4               build/stm32l4xx_hal.o
xQueueRegistry      0x40              build/queue.o
htim2               0x40              build/stm32l4xx_hal_timebase_tim.o
hcom_uart           0x80              build/stm32l4xx_nucleo.o
hqspi               0x44              build/quadspi.o

Discarded input sections

 .text          0x00000000        0x0 c:/program files (x86)/gnu tools arm embedded/6 2017-q2-update/bin/../lib/gcc/arm-none-eabi/6.3.1/thumb/v7e-m/fpv4-sp/hard/crti.o
 .data          0x00000000        0x0 c:/program files (x86)/gnu tools arm embedded/6 2017-q2-update/bin/../lib/gcc/arm-none-eabi/6.3.1/thumb/v7e-m/fpv4-sp/hard/crti.o
 .bss           0x00000000        0x0 c:/program files (x86)/gnu tools arm embedded/6 2017-q2-update/bin/../lib/gcc/arm-none-eabi/6.3.1/thumb/v7e-m/fpv4-sp/hard/crti.o
 .data          0x00000000        0x4 c:/program files (x86)/gnu tools arm embedded/6 2017-q2-update/bin/../lib/gcc/arm-none-eabi/6.3.1/thumb/v7e-m/fpv4-sp/hard/crtbegin.o
 .text          0x00000000       0x74 c:/program files (x86)/gnu tools arm embedded/6 2017-q2-update/bin/../lib/gcc/arm-none-eabi/6.3.1/../../../../arm-none-eabi/lib/thumb/v7e-m/fpv4-sp/hard/crt0.o
 .data          0x00000000        0x0 c:/program files (x86)/gnu tools arm embedded/6 2017-q2-update/bin/../lib/gcc/arm-none-eabi/6.3.1/../../../../arm-none-eabi/lib/thumb/v7e-m/fpv4-sp/hard/crt0.o
[...]
Memory Configuration

Name             Origin             Length             Attributes
RAM              0x20000000         0x00018000         xrw
RAM2             0x10000000         0x00008000         xrw
FLASH            0x08000000         0x00100000         xr
*default*        0x00000000         0xffffffff

Linker script and memory map

LOAD c:/program files (x86)/gnu tools arm embedded/6 2017-q2-update/bin/../lib/gcc/arm-none-eabi/6.3.1/thumb/v7e-m/fpv4-sp/hard/crti.o
LOAD c:/program files (x86)/gnu tools arm embedded/6 2017-q2-update/bin/../lib/gcc/arm-none-eabi/6.3.1/thumb/v7e-m/fpv4-sp/hard/crtbegin.o
LOAD c:/program files (x86)/gnu tools arm embedded/6 2017-q2-update/bin/../lib/gcc/arm-none-eabi/6.3.1/../../../../arm-none-eabi/lib/thumb/v7e-m/fpv4-sp/hard/crt0.o
LOAD build/main.o
LOAD build/gpio.o
LOAD build/dfsdm.o
LOAD build/freertos.o
LOAD build/i2c.o
LOAD build/quadspi.o
LOAD build/sys.o
LOAD build/stm32l4xx_hal_timebase_tim.o
LOAD build/usart.o
LOAD build/usb_otg.o
LOAD build/stm32l4xx_it.o
LOAD build/stm32l4xx_hal_msp.o
LOAD build/app_x-cube-ble1.o
LOAD build/eddystone_beacon.o
LOAD build/sensor_service.o
LOAD build/stm32l4xx_nucleo.o
LOAD build/stm32l4xx_hal_dfsdm.o
LOAD build/stm32l4xx_hal.o
LOAD build/stm32l4xx_hal_i2c.o
LOAD build/stm32l4xx_hal_i2c_ex.o
LOAD build/stm32l4xx_hal_rcc.o
LOAD build/stm32l4xx_hal_rcc_ex.o
LOAD build/stm32l4xx_hal_flash.o
LOAD build/stm32l4xx_hal_flash_ex.o
LOAD build/stm32l4xx_hal_flash_ramfunc.o
LOAD build/stm32l4xx_hal_gpio.o
LOAD build/stm32l4xx_hal_dma.o
LOAD build/stm32l4xx_hal_dma_ex.o
LOAD build/stm32l4xx_hal_pwr.o
LOAD build/stm32l4xx_hal_pwr_ex.o
LOAD build/stm32l4xx_hal_cortex.o
LOAD build/stm32l4xx_hal_exti.o
LOAD build/stm32l4xx_hal_qspi.o
LOAD build/stm32l4xx_hal_tim.o
LOAD build/stm32l4xx_hal_tim_ex.o
LOAD build/stm32l4xx_hal_uart.o
LOAD build/stm32l4xx_hal_uart_ex.o
LOAD build/stm32l4xx_hal_pcd.o
LOAD build/stm32l4xx_hal_pcd_ex.o
LOAD build/stm32l4xx_ll_usb.o
LOAD build/system_stm32l4xx.o
LOAD build/croutine.o
LOAD build/event_groups.o
LOAD build/list.o
LOAD build/queue.o
LOAD build/stream_buffer.o
LOAD build/tasks.o
LOAD build/timers.o
LOAD build/cmsis_os2.o
LOAD build/heap_4.o
LOAD build/port.o
LOAD build/ble_list.o
LOAD build/hci_le.o
LOAD build/hci_tl.o
LOAD build/hci_tl_interface.o
LOAD build/bluenrg_hal_aci.o
LOAD build/bluenrg_gatt_aci.o
LOAD build/bluenrg_gap_aci.o
LOAD build/bluenrg_utils_small.o
LOAD build/startup_stm32l475xx.o
LOAD c:/program files (x86)/gnu tools arm embedded/6 2017-q2-update/bin/../lib/gcc/arm-none-eabi/6.3.1/../../../../arm-none-eabi/lib/thumb/v7e-m/fpv4-sp/hard\libc_nano.a
LOAD c:/program files (x86)/gnu tools arm embedded/6 2017-q2-update/bin/../lib/gcc/arm-none-eabi/6.3.1/../../../../arm-none-eabi/lib/thumb/v7e-m/fpv4-sp/hard\libm.a
LOAD c:/program files (x86)/gnu tools arm embedded/6 2017-q2-update/bin/../lib/gcc/arm-none-eabi/6.3.1/../../../../arm-none-eabi/lib/thumb/v7e-m/fpv4-sp/hard\libnosys.a
START GROUP
LOAD c:/program files (x86)/gnu tools arm embedded/6 2017-q2-update/bin/../lib/gcc/arm-none-eabi/6.3.1/thumb/v7e-m/fpv4-sp/hard\libgcc.a
LOAD c:/program files (x86)/gnu tools arm embedded/6 2017-q2-update/bin/../lib/gcc/arm-none-eabi/6.3.1/../../../../arm-none-eabi/lib/thumb/v7e-m/fpv4-sp/hard\libc_nano.a
END GROUP
START GROUP
LOAD c:/program files (x86)/gnu tools arm embedded/6 2017-q2-update/bin/../lib/gcc/arm-none-eabi/6.3.1/thumb/v7e-m/fpv4-sp/hard\libgcc.a
LOAD c:/program files (x86)/gnu tools arm embedded/6 2017-q2-update/bin/../lib/gcc/arm-none-eabi/6.3.1/../../../../arm-none-eabi/lib/thumb/v7e-m/fpv4-sp/hard\libc_nano.a
END GROUP
LOAD c:/program files (x86)/gnu tools arm embedded/6 2017-q2-update/bin/../lib/gcc/arm-none-eabi/6.3.1/thumb/v7e-m/fpv4-sp/hard/crtend.o
LOAD c:/program files (x86)/gnu tools arm embedded/6 2017-q2-update/bin/../lib/gcc/arm-none-eabi/6.3.1/thumb/v7e-m/fpv4-sp/hard/crtn.o
                0x20018000                _estack = 0x20018000
                0x00000200                _Min_Heap_Size = 0x200
                0x00000400                _Min_Stack_Size = 0x400

.isr_vector     0x08000000      0x188
                0x08000000                . = ALIGN (0x8)
 *(.isr_vector)
 .isr_vector    0x08000000      0x188 build/startup_stm32l475xx.o
                0x08000000                g_pfnVectors
                0x08000188                . = ALIGN (0x8)

.text           0x08000190     0x5700
                0x08000190                . = ALIGN (0x8)
 *(.text)
 .text          0x08000190       0x6c c:/program files (x86)/gnu tools arm embedded/6 2017-q2-update/bin/../lib/gcc/arm-none-eabi/6.3.1/thumb/v7e-m/fpv4-sp/hard/crtbegin.o
 .text          0x080001fc       0x30 c:/program files (x86)/gnu tools arm embedded/6 2017-q2-update/bin/../lib/gcc/arm-none-eabi/6.3.1/thumb/v7e-m/fpv4-sp/hard\libgcc.a(_aeabi_uldivmod.o)
                0x080001fc                __aeabi_uldivmod
 .text          0x0800022c      0x2dc c:/program files (x86)/gnu tools arm embedded/6 2017-q2-update/bin/../lib/gcc/arm-none-eabi/6.3.1/thumb/v7e-m/fpv4-sp/hard\libgcc.a(_udivmoddi4.o)
                0x0800022c                __udivmoddi4
 .text          0x08000508        0x4 c:/program files (x86)/gnu tools arm embedded/6 2017-q2-update/bin/../lib/gcc/arm-none-eabi/6.3.1/thumb/v7e-m/fpv4-sp/hard\libgcc.a(_dvmd_tls.o)
                0x08000508                __aeabi_idiv0
                0x08000508                __aeabi_ldiv0
 *(.text*)
 .text.SystemClock_Config
                0x0800050c       0xb8 build/main.o
                0x0800050c                SystemClock_Config
 .text.main     0x080005c4       0x2c build/main.o
                0x080005c4                main
 .text.HAL_TIM_PeriodElapsedCallback
                0x080005f0       0x12 build/main.o
                0x080005f0                HAL_TIM_PeriodElapsedCallback
 .text.Error_Handler
                0x08000602        0x2 build/main.o
                0x08000602                Error_Handler
 .text.MX_GPIO_Init
                0x08000604      0x314 build/gpio.o
                0x08000604                MX_GPIO_Init
 .text.MX_DFSDM1_Init
                0x08000918       0x44 build/dfsdm.o
                0x08000918                MX_DFSDM1_Init
 .text.HAL_DFSDM_ChannelMspInit
                0x0800095c       0x70 build/dfsdm.o
                0x0800095c                HAL_DFSDM_ChannelMspInit
 .text.StartDefaultTask
                0x080009cc        0xe build/freertos.o
                0x080009cc                StartDefaultTask
 *fill*         0x080009da        0x2 
 .text.MX_FREERTOS_Init
                0x080009dc       0x40 build/freertos.o
                0x080009dc                MX_FREERTOS_Init
 .text.MX_I2C2_Init
                0x08000a1c       0x58 build/i2c.o
                0x08000a1c                MX_I2C2_Init
 .text.HAL_I2C_MspInit
                0x08000a74       0x70 build/i2c.o
                0x08000a74                HAL_I2C_MspInit
 .text.MX_QUADSPI_Init
                0x08000ae4       0x30 build/quadspi.o
                0x08000ae4                MX_QUADSPI_Init
 .text.HAL_QSPI_MspInit
                0x08000b14       0x70 build/quadspi.o
                0x08000b14                HAL_QSPI_MspInit
 .text.HAL_InitTick
                0x08000b84       0x78 build/stm32l4xx_hal_timebase_tim.o
                0x08000b84                HAL_InitTick
 .text.MX_USART3_UART_Init
                0x08000bfc       0x38 build/usart.o
                0x08000bfc                MX_USART3_UART_Init
 .text.HAL_UART_MspInit
                0x08000c34       0x6c build/usart.o
                0x08000c34                HAL_UART_MspInit
 .text.MX_USB_OTG_FS_PCD_Init
                0x08000ca0       0x34 build/usb_otg.o
                0x08000ca0                MX_USB_OTG_FS_PCD_Init
 .text.HAL_PCD_MspInit
                0x08000cd4       0xa8 build/usb_otg.o
                0x08000cd4                HAL_PCD_MspInit
 .text.NMI_Handler
                0x08000d7c        0x2 build/stm32l4xx_it.o
                0x08000d7c                NMI_Handler
 .text.HardFault_Handler
                0x08000d7e        0x2 build/stm32l4xx_it.o
                0x08000d7e                HardFault_Handler
 .text.MemManage_Handler
                0x08000d80        0x2 build/stm32l4xx_it.o
                0x08000d80                MemManage_Handler
 .text.BusFault_Handler
                0x08000d82        0x2 build/stm32l4xx_it.o
                0x08000d82                BusFault_Handler
 .text.UsageFault_Handler
                0x08000d84        0x2 build/stm32l4xx_it.o
                0x08000d84                UsageFault_Handler
 .text.DebugMon_Handler
                0x08000d86        0x2 build/stm32l4xx_it.o
                0x08000d86                DebugMon_Handler
 .text.EXTI9_5_IRQHandler
                0x08000d88       0x1e build/stm32l4xx_it.o
                0x08000d88                EXTI9_5_IRQHandler
 *fill*         0x08000da6        0x2 
 .text.TIM2_IRQHandler
                0x08000da8       0x10 build/stm32l4xx_it.o
                0x08000da8                TIM2_IRQHandler
 .text.EXTI15_10_IRQHandler
                0x08000db8       0x2c build/stm32l4xx_it.o
                0x08000db8                EXTI15_10_IRQHandler
 .text.HAL_MspInit
                0x08000de4       0x40 build/stm32l4xx_hal_msp.o
                0x08000de4                HAL_MspInit
 .text.User_Init
                0x08000e24        0xa build/app_x-cube-ble1.o
 *fill*         0x08000e2e        0x2 
 .text.MX_BlueNRG_MS_Init
                0x08000e30       0xa0 build/app_x-cube-ble1.o
                0x08000e30                MX_BlueNRG_MS_Init
 .text.EddystoneUID_Init
                0x08000ed0      0x110 build/eddystone_beacon.o
                0x08000ed0                EddystoneUID_Init
 .text.EddystoneUID_Start
                0x08000fe0       0x50 build/eddystone_beacon.o
                0x08000fe0                EddystoneUID_Start
 .text.user_notify
                0x08001030        0x2 build/sensor_service.o
                0x08001030                user_notify
 *fill*         0x08001032        0x2 
 .text.USART2_MspInit
                0x08001034       0x50 build/stm32l4xx_nucleo.o
 .text.MX_USART2_UART_Init
                0x08001084       0x34 build/stm32l4xx_nucleo.o
                0x08001084                MX_USART2_UART_Init
 .text.BSP_COM_Init
                0x080010b8       0x38 build/stm32l4xx_nucleo.o
                0x080010b8                BSP_COM_Init
 .text.DFSDM_GetChannelFromInstance
                0x080010f0       0x58 build/stm32l4xx_hal_dfsdm.o
 .text.HAL_DFSDM_ChannelInit
                0x08001148      0x108 build/stm32l4xx_hal_dfsdm.o
                0x08001148                HAL_DFSDM_ChannelInit
 .text.HAL_Init
                0x08001250       0x1e build/stm32l4xx_hal.o
                0x08001250                HAL_Init
 *fill*         0x0800126e        0x2 
 .text.HAL_IncTick
                0x08001270       0x18 build/stm32l4xx_hal.o
                0x08001270                HAL_IncTick
 .text.HAL_GetTick
                0x08001288        0xc build/stm32l4xx_hal.o
                0x08001288                HAL_GetTick
 .text.HAL_Delay
                0x08001294       0x28 build/stm32l4xx_hal.o
                0x08001294                HAL_Delay
 .text.HAL_I2C_Init
                0x080012bc       0xbc build/stm32l4xx_hal_i2c.o
                0x080012bc                HAL_I2C_Init
 .text.HAL_I2CEx_ConfigAnalogFilter
                0x08001378       0x5c build/stm32l4xx_hal_i2c_ex.o
                0x08001378                HAL_I2CEx_ConfigAnalogFilter
 .text.HAL_I2CEx_ConfigDigitalFilter
                0x080013d4       0x58 build/stm32l4xx_hal_i2c_ex.o
                0x080013d4                HAL_I2CEx_ConfigDigitalFilter
 .text.RCC_SetFlashLatencyFromMSIRange
                0x0800142c       0x90 build/stm32l4xx_hal_rcc.o
 .text.HAL_RCC_GetSysClockFreq
                0x080014bc       0xb4 build/stm32l4xx_hal_rcc.o
                0x080014bc                HAL_RCC_GetSysClockFreq
 .text.HAL_RCC_OscConfig
                0x08001570      0x5d8 build/stm32l4xx_hal_rcc.o
                0x08001570                HAL_RCC_OscConfig
 .text.HAL_RCC_ClockConfig
                0x08001b48      0x158 build/stm32l4xx_hal_rcc.o
                0x08001b48                HAL_RCC_ClockConfig
 .text.HAL_RCC_GetHCLKFreq
                0x08001ca0        0xc build/stm32l4xx_hal_rcc.o
                0x08001ca0                HAL_RCC_GetHCLKFreq
 .text.HAL_RCC_GetPCLK1Freq
                0x08001cac       0x24 build/stm32l4xx_hal_rcc.o
                0x08001cac                HAL_RCC_GetPCLK1Freq
 .text.HAL_RCC_GetPCLK2Freq
                0x08001cd0       0x24 build/stm32l4xx_hal_rcc.o
                0x08001cd0                HAL_RCC_GetPCLK2Freq
 .text.HAL_RCC_GetClockConfig
                0x08001cf4       0x3c build/stm32l4xx_hal_rcc.o
                0x08001cf4                HAL_RCC_GetClockConfig
 .text.RCCEx_PLLSAI1_Config
                0x08001d30      0x180 build/stm32l4xx_hal_rcc_ex.o
 .text.RCCEx_PLLSAI2_Config
                0x08001eb0      0x15c build/stm32l4xx_hal_rcc_ex.o
 .text.HAL_RCCEx_PeriphCLKConfig
                0x0800200c      0x458 build/stm32l4xx_hal_rcc_ex.o
                0x0800200c                HAL_RCCEx_PeriphCLKConfig
 .text.HAL_RCCEx_EnableMSIPLLMode
                0x08002464       0x10 build/stm32l4xx_hal_rcc_ex.o
                0x08002464                HAL_RCCEx_EnableMSIPLLMode
 .text.HAL_GPIO_Init
                0x08002474      0x1d4 build/stm32l4xx_hal_gpio.o
                0x08002474                HAL_GPIO_Init
 .text.HAL_GPIO_WritePin
                0x08002648        0xa build/stm32l4xx_hal_gpio.o
                0x08002648                HAL_GPIO_WritePin
 .text.HAL_GPIO_EXTI_Callback
                0x08002652        0x2 build/stm32l4xx_hal_gpio.o
                0x08002652                HAL_GPIO_EXTI_Callback
 .text.HAL_GPIO_EXTI_IRQHandler
                0x08002654       0x1c build/stm32l4xx_hal_gpio.o
                0x08002654                HAL_GPIO_EXTI_IRQHandler
 .text.HAL_PWR_EnableBkUpAccess
                0x08002670       0x10 build/stm32l4xx_hal_pwr.o
                0x08002670                HAL_PWR_EnableBkUpAccess
 .text.HAL_PWREx_GetVoltageRange
                0x08002680       0x10 build/stm32l4xx_hal_pwr_ex.o
                0x08002680                HAL_PWREx_GetVoltageRange
 .text.HAL_PWREx_ControlVoltageScaling
                0x08002690       0x90 build/stm32l4xx_hal_pwr_ex.o
                0x08002690                HAL_PWREx_ControlVoltageScaling
 .text.HAL_PWREx_EnableVddUSB
                0x08002720       0x10 build/stm32l4xx_hal_pwr_ex.o
                0x08002720                HAL_PWREx_EnableVddUSB
 .text.HAL_NVIC_SetPriorityGrouping
                0x08002730       0x24 build/stm32l4xx_hal_cortex.o
                0x08002730                HAL_NVIC_SetPriorityGrouping
 .text.HAL_NVIC_SetPriority
                0x08002754       0x64 build/stm32l4xx_hal_cortex.o
                0x08002754                HAL_NVIC_SetPriority
 .text.HAL_NVIC_EnableIRQ
                0x080027b8       0x1c build/stm32l4xx_hal_cortex.o
                0x080027b8                HAL_NVIC_EnableIRQ
 .text.QSPI_WaitFlagStateUntilTimeout
                0x080027d4       0x4e build/stm32l4xx_hal_qspi.o
 .text.HAL_QSPI_SetTimeout
                0x08002822        0x4 build/stm32l4xx_hal_qspi.o
                0x08002822                HAL_QSPI_SetTimeout
 *fill*         0x08002826        0x2 
 .text.HAL_QSPI_Init
                0x08002828       0xc0 build/stm32l4xx_hal_qspi.o
                0x08002828                HAL_QSPI_Init
 .text.HAL_TIM_Base_MspInit
                0x080028e8        0x2 build/stm32l4xx_hal_tim.o
                0x080028e8                HAL_TIM_Base_MspInit
 *fill*         0x080028ea        0x2 
 .text.HAL_TIM_Base_Start_IT
                0x080028ec       0x2c build/stm32l4xx_hal_tim.o
                0x080028ec                HAL_TIM_Base_Start_IT
 .text.HAL_TIM_OC_DelayElapsedCallback
                0x08002918        0x2 build/stm32l4xx_hal_tim.o
                0x08002918                HAL_TIM_OC_DelayElapsedCallback
 .text.HAL_TIM_IC_CaptureCallback
                0x0800291a        0x2 build/stm32l4xx_hal_tim.o
                0x0800291a                HAL_TIM_IC_CaptureCallback
 .text.HAL_TIM_PWM_PulseFinishedCallback
                0x0800291c        0x2 build/stm32l4xx_hal_tim.o
                0x0800291c                HAL_TIM_PWM_PulseFinishedCallback
 .text.HAL_TIM_TriggerCallback
                0x0800291e        0x2 build/stm32l4xx_hal_tim.o
                0x0800291e                HAL_TIM_TriggerCallback
 .text.HAL_TIM_IRQHandler
                0x08002920      0x19a build/stm32l4xx_hal_tim.o
                0x08002920                HAL_TIM_IRQHandler
 *fill*         0x08002aba        0x2 
 .text.TIM_Base_SetConfig
                0x08002abc       0xc8 build/stm32l4xx_hal_tim.o
                0x08002abc                TIM_Base_SetConfig
 .text.HAL_TIM_Base_Init
                0x08002b84       0x32 build/stm32l4xx_hal_tim.o
                0x08002b84                HAL_TIM_Base_Init
 .text.HAL_TIMEx_CommutCallback
                0x08002bb6        0x2 build/stm32l4xx_hal_tim_ex.o
                0x08002bb6                HAL_TIMEx_CommutCallback
 .text.HAL_TIMEx_BreakCallback
                0x08002bb8        0x2 build/stm32l4xx_hal_tim_ex.o
                0x08002bb8                HAL_TIMEx_BreakCallback
 .text.HAL_TIMEx_Break2Callback
                0x08002bba        0x2 build/stm32l4xx_hal_tim_ex.o
                0x08002bba                HAL_TIMEx_Break2Callback
 .text.UART_SetConfig
                0x08002bbc      0x410 build/stm32l4xx_hal_uart.o
                0x08002bbc                UART_SetConfig
 .text.UART_AdvFeatureConfig
                0x08002fcc       0xca build/stm32l4xx_hal_uart.o
                0x08002fcc                UART_AdvFeatureConfig
 .text.UART_WaitOnFlagUntilTimeout
                0x08003096       0x62 build/stm32l4xx_hal_uart.o
                0x08003096                UART_WaitOnFlagUntilTimeout
 .text.UART_CheckIdleState
                0x080030f8       0x6c build/stm32l4xx_hal_uart.o
                0x080030f8                UART_CheckIdleState
 .text.HAL_UART_Init
                0x08003164       0x64 build/stm32l4xx_hal_uart.o
                0x08003164                HAL_UART_Init
 .text.HAL_PCD_Init
                0x080031c8      0x130 build/stm32l4xx_hal_pcd.o
                0x080031c8                HAL_PCD_Init
 .text.HAL_PCDEx_ActivateLPM
                0x080032f8       0x26 build/stm32l4xx_hal_pcd_ex.o
                0x080032f8                HAL_PCDEx_ActivateLPM
 *fill*         0x0800331e        0x2 
 .text.USB_CoreReset
                0x08003320       0x3c build/stm32l4xx_ll_usb.o
 .text.USB_CoreInit
                0x0800335c       0x72 build/stm32l4xx_ll_usb.o
                0x0800335c                USB_CoreInit
 .text.USB_DisableGlobalInt
                0x080033ce        0xc build/stm32l4xx_ll_usb.o
                0x080033ce                USB_DisableGlobalInt
 .text.USB_SetCurrentMode
                0x080033da       0x30 build/stm32l4xx_ll_usb.o
                0x080033da                USB_SetCurrentMode
 *fill*         0x0800340a        0x2 
 .text.USB_FlushTxFifo
                0x0800340c       0x28 build/stm32l4xx_ll_usb.o
                0x0800340c                USB_FlushTxFifo
 .text.USB_FlushRxFifo
                0x08003434       0x24 build/stm32l4xx_ll_usb.o
                0x08003434                USB_FlushRxFifo
 .text.USB_SetDevSpeed
                0x08003458        0xe build/stm32l4xx_ll_usb.o
                0x08003458                USB_SetDevSpeed
 *fill*         0x08003466        0x2 
 .text.USB_DevInit
                0x08003468      0x15c build/stm32l4xx_ll_usb.o
                0x08003468                USB_DevInit
 .text.USB_DevDisconnect
                0x080035c4       0x18 build/stm32l4xx_ll_usb.o
                0x080035c4                USB_DevDisconnect
 .text.SystemInit
                0x080035dc       0x48 build/system_stm32l4xx.o
                0x080035dc                SystemInit
 .text.vListInitialise
                0x08003624       0x16 build/list.o
                0x08003624                vListInitialise
 .text.vListInitialiseItem
                0x0800363a        0x6 build/list.o
                0x0800363a                vListInitialiseItem
 .text.vListInsertEnd
                0x08003640       0x18 build/list.o
                0x08003640                vListInsertEnd
 .text.vListInsert
                0x08003658       0x34 build/list.o
                0x08003658                vListInsert
 .text.uxListRemove
                0x0800368c       0x28 build/list.o
                0x0800368c                uxListRemove
 .text.prvIsQueueFull
                0x080036b4       0x1e build/queue.o
 .text.prvIsQueueEmpty
                0x080036d2       0x1a build/queue.o
 .text.prvCopyDataToQueue
                0x080036ec       0x76 build/queue.o
 .text.prvCopyDataFromQueue
                0x08003762       0x24 build/queue.o
 .text.prvUnlockQueue
                0x08003786       0x6e build/queue.o
 .text.xQueueGenericReset
                0x080037f4       0x80 build/queue.o
                0x080037f4                xQueueGenericReset
 .text.prvInitialiseNewQueue
                0x08003874       0x22 build/queue.o
 .text.xQueueGenericCreateStatic
                0x08003896       0xa0 build/queue.o
                0x08003896                xQueueGenericCreateStatic
 *fill*         0x08003936        0x2 
 .text.xQueueGenericSend
                0x08003938      0x188 build/queue.o
                0x08003938                xQueueGenericSend
 .text.xQueueGenericSendFromISR
                0x08003ac0       0xde build/queue.o
                0x08003ac0                xQueueGenericSendFromISR
 *fill*         0x08003b9e        0x2 
 .text.xQueueReceive
                0x08003ba0      0x15c build/queue.o
                0x08003ba0                xQueueReceive
 .text.vQueueAddToRegistry
                0x08003cfc       0x28 build/queue.o
                0x08003cfc                vQueueAddToRegistry
 .text.vQueueWaitForMessageRestricted
                0x08003d24       0x52 build/queue.o
                0x08003d24                vQueueWaitForMessageRestricted
 *fill*         0x08003d76        0x2 
 .text.prvResetNextTaskUnblockTime
                0x08003d78       0x34 build/tasks.o
 .text.prvInitialiseNewTask
                0x08003dac       0x90 build/tasks.o
 .text.prvInitialiseTaskLists
                0x08003e3c       0x68 build/tasks.o
 .text.prvAddNewTaskToReadyList
                0x08003ea4       0xac build/tasks.o
 .text.prvDeleteTCB
                0x08003f50       0x3a build/tasks.o
 *fill*         0x08003f8a        0x2 
 .text.prvCheckTasksWaitingTermination
                0x08003f8c       0x4c build/tasks.o
 .text.prvIdleTask
                0x08003fd8       0x28 build/tasks.o
 .text.prvAddCurrentTaskToDelayedList
                0x08004000       0x7c build/tasks.o
 .text.xTaskCreateStatic
                0x0800407c       0x72 build/tasks.o
                0x0800407c                xTaskCreateStatic
 .text.xTaskCreate
                0x080040ee       0x66 build/tasks.o
                0x080040ee                xTaskCreate
 .text.vTaskStartScheduler
                0x08004154       0x9c build/tasks.o
                0x08004154                vTaskStartScheduler
 .text.vTaskSuspendAll
                0x080041f0       0x10 build/tasks.o
                0x080041f0                vTaskSuspendAll
 .text.xTaskGetTickCount
                0x08004200        0xc build/tasks.o
                0x08004200                xTaskGetTickCount
 .text.xTaskIncrementTick
                0x0800420c      0x120 build/tasks.o
                0x0800420c                xTaskIncrementTick
 .text.xTaskResumeAll
                0x0800432c       0xfc build/tasks.o
                0x0800432c                xTaskResumeAll
 .text.vTaskDelay
                0x08004428       0x50 build/tasks.o
                0x08004428                vTaskDelay
 .text.vTaskSwitchContext
                0x08004478       0x9c build/tasks.o
                0x08004478                vTaskSwitchContext
 .text.vTaskPlaceOnEventList
                0x08004514       0x30 build/tasks.o
                0x08004514                vTaskPlaceOnEventList
 .text.vTaskPlaceOnEventListRestricted
                0x08004544       0x38 build/tasks.o
                0x08004544                vTaskPlaceOnEventListRestricted
 .text.xTaskRemoveFromEventList
                0x0800457c       0x8c build/tasks.o
                0x0800457c                xTaskRemoveFromEventList
 .text.vTaskInternalSetTimeOutState
                0x08004608       0x18 build/tasks.o
                0x08004608                vTaskInternalSetTimeOutState
 .text.xTaskCheckForTimeOut
                0x08004620       0x80 build/tasks.o
                0x08004620                xTaskCheckForTimeOut
 .text.vTaskMissedYield
                0x080046a0        0xc build/tasks.o
                0x080046a0                vTaskMissedYield
 .text.xTaskGetSchedulerState
                0x080046ac       0x20 build/tasks.o
                0x080046ac                xTaskGetSchedulerState
 .text.xTaskPriorityDisinherit
                0x080046cc       0x90 build/tasks.o
                0x080046cc                xTaskPriorityDisinherit
 .text.prvGetNextExpireTime
                0x0800475c       0x20 build/timers.o
 .text.prvInsertTimerInActiveList
                0x0800477c       0x48 build/timers.o
 .text.prvCheckForValidListAndQueue
                0x080047c4       0x70 build/timers.o
 .text.xTimerCreateTimerTask
                0x08004834       0x70 build/timers.o
                0x08004834                xTimerCreateTimerTask
 .text.xTimerGenericCommand
                0x080048a4       0x6c build/timers.o
                0x080048a4                xTimerGenericCommand
 .text.prvSwitchTimerLists
                0x08004910       0x78 build/timers.o
 .text.prvSampleTimeNow
                0x08004988       0x2c build/timers.o
 .text.prvProcessExpiredTimer
                0x080049b4       0x60 build/timers.o
 .text.prvProcessTimerOrBlockTask
                0x08004a14       0x74 build/timers.o
 .text.prvProcessReceivedCommands
                0x08004a88       0xfc build/timers.o
 .text.prvTimerTask
                0x08004b84       0x16 build/timers.o
 *fill*         0x08004b9a        0x2 
 .text.osKernelInitialize
                0x08004b9c       0x44 build/cmsis_os2.o
                0x08004b9c                osKernelInitialize
 .text.osKernelStart
                0x08004be0       0x4c build/cmsis_os2.o
                0x08004be0                osKernelStart
 .text.osThreadNew
                0x08004c2c       0xec build/cmsis_os2.o
                0x08004c2c                osThreadNew
 .text.osDelay  0x08004d18       0x44 build/cmsis_os2.o
                0x08004d18                osDelay
 .text.vApplicationGetIdleTaskMemory
                0x08004d5c       0x18 build/cmsis_os2.o
                0x08004d5c                vApplicationGetIdleTaskMemory
 .text.vApplicationGetTimerTaskMemory
                0x08004d74       0x18 build/cmsis_os2.o
                0x08004d74                vApplicationGetTimerTaskMemory
 .text.prvHeapInit
                0x08004d8c       0x68 build/heap_4.o
 .text.prvInsertBlockIntoFreeList
                0x08004df4       0x58 build/heap_4.o
 .text.pvPortMalloc
                0x08004e4c      0x108 build/heap_4.o
                0x08004e4c                pvPortMalloc
 .text.vPortFree
                0x08004f54       0x70 build/heap_4.o
                0x08004f54                vPortFree
 .text.prvTaskExitError
                0x08004fc4       0x40 build/port.o
 .text.prvPortStartFirstTask
                0x08005004       0x28 build/port.o
 .text.vPortEnableVFP
                0x0800502c       0x14 build/port.o
 .text.pxPortInitialiseStack
                0x08005040       0x2c build/port.o
                0x08005040                pxPortInitialiseStack
 *fill*         0x0800506c        0x4 
 .text.SVC_Handler
                0x08005070       0x24 build/port.o
                0x08005070                SVC_Handler
 .text.vPortEnterCritical
                0x08005094       0x44 build/port.o
                0x08005094                vPortEnterCritical
 .text.vPortExitCritical
                0x080050d8       0x2c build/port.o
                0x080050d8                vPortExitCritical
 *fill*         0x08005104        0xc 
 .text.PendSV_Handler
                0x08005110       0x64 build/port.o
                0x08005110                PendSV_Handler
 .text.SysTick_Handler
                0x08005174       0x2c build/port.o
                0x08005174                SysTick_Handler
 .text.vPortSetupTimerInterrupt
                0x080051a0       0x38 build/port.o
                0x080051a0                vPortSetupTimerInterrupt
 .text.xPortStartScheduler
                0x080051d8      0x110 build/port.o
                0x080051d8                xPortStartScheduler
 .text.vPortValidateInterruptPriority
                0x080052e8       0x5c build/port.o
                0x080052e8                vPortValidateInterruptPriority
 .text.hci_reset
                0x08005344       0x38 build/hci_le.o
                0x08005344                hci_reset
 .text.hci_le_read_local_version
                0x0800537c       0x6a build/hci_le.o
                0x0800537c                hci_le_read_local_version
 .text.hci_le_set_scan_resp_data
                0x080053e6       0x62 build/hci_le.o
                0x080053e6                hci_le_set_scan_resp_data
 .text.hci_init
                0x08005448       0x24 build/hci_tl.o
                0x08005448                hci_init
 .text.hci_send_req
                0x0800546c        0x4 build/hci_tl.o
                0x0800546c                hci_send_req
 .text.hci_tl_lowlevel_init
                0x08005470        0x2 build/hci_tl_interface.o
                0x08005470                hci_tl_lowlevel_init
 .text.aci_hal_write_config_data
                0x08005472       0x60 build/bluenrg_hal_aci.o
                0x08005472                aci_hal_write_config_data
 .text.aci_hal_set_tx_power_level
                0x080054d2       0x46 build/bluenrg_hal_aci.o
                0x080054d2                aci_hal_set_tx_power_level
 .text.aci_gatt_init
                0x08005518       0x3c build/bluenrg_gatt_aci.o
                0x08005518                aci_gatt_init
 .text.aci_gap_init_IDB05A1
                0x08005554       0x66 build/bluenrg_gap_aci.o
                0x08005554                aci_gap_init_IDB05A1
 .text.aci_gap_init_IDB04A1
                0x080055ba       0x5e build/bluenrg_gap_aci.o
                0x080055ba                aci_gap_init_IDB04A1
 .text.aci_gap_set_discoverable
                0x08005618       0xb4 build/bluenrg_gap_aci.o
                0x08005618                aci_gap_set_discoverable
 .text.aci_gap_update_adv_data
                0x080056cc       0x56 build/bluenrg_gap_aci.o
                0x080056cc                aci_gap_update_adv_data
 .text.aci_gap_delete_ad_type
                0x08005722       0x40 build/bluenrg_gap_aci.o
                0x08005722                aci_gap_delete_ad_type
 .text.getBlueNRGVersion
                0x08005762       0x4e build/bluenrg_utils_small.o
                0x08005762                getBlueNRGVersion
 .text.Reset_Handler
                0x080057b0       0x50 build/startup_stm32l475xx.o
                0x080057b0                Reset_Handler
 .text.Default_Handler
                0x08005800        0x2 build/startup_stm32l475xx.o
                0x08005800                RTC_Alarm_IRQHandler
                0x08005800                EXTI2_IRQHandler
                0x08005800                TIM8_TRG_COM_IRQHandler
                0x08005800                TIM8_CC_IRQHandler
                0x08005800                TIM1_CC_IRQHandler
                0x08005800                TSC_IRQHandler
                0x08005800                TAMP_STAMP_IRQHandler
                0x08005800                EXTI3_IRQHandler
                0x08005800                LPTIM2_IRQHandler
                0x08005800                DFSDM1_FLT1_IRQHandler
                0x08005800                I2C3_ER_IRQHandler
                0x08005800                DFSDM1_FLT2_IRQHandler
                0x08005800                EXTI0_IRQHandler
                0x08005800                I2C2_EV_IRQHandler
                0x08005800                CAN1_RX0_IRQHandler
                0x08005800                FPU_IRQHandler
                0x08005800                TIM1_UP_TIM16_IRQHandler
                0x08005800                ADC1_2_IRQHandler
                0x08005800                SPI1_IRQHandler
                0x08005800                TIM6_DAC_IRQHandler
                0x08005800                TIM8_UP_IRQHandler
                0x08005800                DMA2_Channel2_IRQHandler
                0x08005800                DMA1_Channel4_IRQHandler
                0x08005800                SAI2_IRQHandler
                0x08005800                DFSDM1_FLT3_IRQHandler
                0x08005800                USART3_IRQHandler
                0x08005800                DMA1_Channel7_IRQHandler
                0x08005800                CAN1_RX1_IRQHandler
                0x08005800                UART5_IRQHandler
                0x08005800                ADC3_IRQHandler
                0x08005800                TIM4_IRQHandler
                0x08005800                DMA2_Channel1_IRQHandler
                0x08005800                QUADSPI_IRQHandler
                0x08005800                I2C1_EV_IRQHandler
                0x08005800                DMA1_Channel6_IRQHandler
                0x08005800                UART4_IRQHandler
                0x08005800                DMA2_Channel4_IRQHandler
                0x08005800                TIM3_IRQHandler
                0x08005800                RCC_IRQHandler
                0x08005800                DMA1_Channel1_IRQHandler
                0x08005800                Default_Handler
                0x08005800                DMA2_Channel7_IRQHandler
                0x08005800                TIM7_IRQHandler
                0x08005800                SDMMC1_IRQHandler
                0x08005800                TIM5_IRQHandler
                0x08005800                I2C3_EV_IRQHandler
                0x08005800                RTC_WKUP_IRQHandler
                0x08005800                PVD_PVM_IRQHandler
                0x08005800                SPI2_IRQHandler
                0x08005800                CAN1_TX_IRQHandler
                0x08005800                DMA2_Channel5_IRQHandler
                0x08005800                DMA1_Channel5_IRQHandler
                0x08005800                EXTI4_IRQHandler
                0x08005800                RNG_IRQHandler
                0x08005800                TIM1_TRG_COM_TIM17_IRQHandler
                0x08005800                DMA1_Channel3_IRQHandler
                0x08005800                COMP_IRQHandler
                0x08005800                WWDG_IRQHandler
                0x08005800                LPUART1_IRQHandler
                0x08005800                DMA2_Channel6_IRQHandler
                0x08005800                EXTI1_IRQHandler
                0x08005800                USART2_IRQHandler
                0x08005800                DFSDM1_FLT0_IRQHandler
                0x08005800                I2C2_ER_IRQHandler
                0x08005800                DMA1_Channel2_IRQHandler
                0x08005800                TIM8_BRK_IRQHandler
                0x08005800                CAN1_SCE_IRQHandler
                0x08005800                FLASH_IRQHandler
                0x08005800                USART1_IRQHandler
                0x08005800                OTG_FS_IRQHandler
                0x08005800                SPI3_IRQHandler
                0x08005800                I2C1_ER_IRQHandler
                0x08005800                FMC_IRQHandler
                0x08005800                SWPMI1_IRQHandler
                0x08005800                LPTIM1_IRQHandler
                0x08005800                SAI1_IRQHandler
                0x08005800                DMA2_Channel3_IRQHandler
                0x08005800                TIM1_BRK_TIM15_IRQHandler
 *fill*         0x08005802        0x2 
 .text.__libc_init_array
                0x08005804       0x48 c:/program files (x86)/gnu tools arm embedded/6 2017-q2-update/bin/../lib/gcc/arm-none-eabi/6.3.1/../../../../arm-none-eabi/lib/thumb/v7e-m/fpv4-sp/hard\libc_nano.a(lib_a-init.o)
                0x08005804                __libc_init_array
 .text.memcpy   0x0800584c       0x16 c:/program files (x86)/gnu tools arm embedded/6 2017-q2-update/bin/../lib/gcc/arm-none-eabi/6.3.1/../../../../arm-none-eabi/lib/thumb/v7e-m/fpv4-sp/hard\libc_nano.a(lib_a-memcpy-stub.o)
                0x0800584c                memcpy
 .text.memset   0x08005862       0x10 c:/program files (x86)/gnu tools arm embedded/6 2017-q2-update/bin/../lib/gcc/arm-none-eabi/6.3.1/../../../../arm-none-eabi/lib/thumb/v7e-m/fpv4-sp/hard\libc_nano.a(lib_a-memset.o)
                0x08005862                memset
 *(.glue_7)
 .glue_7        0x08005872        0x0 linker stubs
 *(.glue_7t)
 .glue_7t       0x08005872        0x0 linker stubs
 *(.eh_frame)
 *fill*         0x08005872        0x2 
 .eh_frame      0x08005874        0x0 c:/program files (x86)/gnu tools arm embedded/6 2017-q2-update/bin/../lib/gcc/arm-none-eabi/6.3.1/thumb/v7e-m/fpv4-sp/hard/crtbegin.o
 *(.init)
 .init          0x08005874        0x4 c:/program files (x86)/gnu tools arm embedded/6 2017-q2-update/bin/../lib/gcc/arm-none-eabi/6.3.1/thumb/v7e-m/fpv4-sp/hard/crti.o
                0x08005874                _init
 .init          0x08005878        0x8 c:/program files (x86)/gnu tools arm embedded/6 2017-q2-update/bin/../lib/gcc/arm-none-eabi/6.3.1/thumb/v7e-m/fpv4-sp/hard/crtn.o
 *(.fini)
 .fini          0x08005880        0x4 c:/program files (x86)/gnu tools arm embedded/6 2017-q2-update/bin/../lib/gcc/arm-none-eabi/6.3.1/thumb/v7e-m/fpv4-sp/hard/crti.o
                0x08005880                _fini
 .fini          0x08005884        0x8 c:/program files (x86)/gnu tools arm embedded/6 2017-q2-update/bin/../lib/gcc/arm-none-eabi/6.3.1/thumb/v7e-m/fpv4-sp/hard/crtn.o
                0x08005890                . = ALIGN (0x8)
 *fill*         0x0800588c        0x4 
                0x08005890                _etext = .

.vfp11_veneer   0x08005890        0x0
 .vfp11_veneer  0x08005890        0x0 linker stubs

.v4_bx          0x08005890        0x0
 .v4_bx         0x08005890        0x0 linker stubs

.iplt           0x08005890        0x0
 .iplt          0x08005890        0x0 c:/program files (x86)/gnu tools arm embedded/6 2017-q2-update/bin/../lib/gcc/arm-none-eabi/6.3.1/thumb/v7e-m/fpv4-sp/hard/crtbegin.o

.rodata         0x08005890       0x88
                0x08005890                . = ALIGN (0x8)
 *(.rodata)
 .rodata        0x08005890        0x6 build/app_x-cube-ble1.o
 *fill*         0x08005896        0x2 
 .rodata        0x08005898       0x12 build/eddystone_beacon.o
 *(.rodata*)
 *fill*         0x080058aa        0x2 
 .rodata.MX_FREERTOS_Init.str1.4
                0x080058ac        0xc build/freertos.o
 .rodata.AHBPrescTable
                0x080058b8       0x10 build/system_stm32l4xx.o
                0x080058b8                AHBPrescTable
 .rodata.APBPrescTable
                0x080058c8        0x8 build/system_stm32l4xx.o
                0x080058c8                APBPrescTable
 .rodata.MSIRangeTable
                0x080058d0       0x30 build/system_stm32l4xx.o
                0x080058d0                MSIRangeTable
 .rodata.vTaskStartScheduler.str1.4
                0x08005900        0x5 build/tasks.o
 *fill*         0x08005905        0x3 
 .rodata.prvCheckForValidListAndQueue.str1.4
                0x08005908        0x5 build/timers.o
 *fill*         0x0800590d        0x3 
 .rodata.xTimerCreateTimerTask.str1.4
                0x08005910        0x8 build/timers.o
                0x08005918                . = ALIGN (0x8)

.ARM.extab      0x08005918        0x0
                0x08005918                . = ALIGN (0x8)
 *(.ARM.extab* .gnu.linkonce.armextab.*)
                0x08005918                . = ALIGN (0x8)

.ARM            0x08005918        0x8
                0x08005918                . = ALIGN (0x8)
                0x08005918                __exidx_start = .
 *(.ARM.exidx*)
 .ARM.exidx     0x08005918        0x8 c:/program files (x86)/gnu tools arm embedded/6 2017-q2-update/bin/../lib/gcc/arm-none-eabi/6.3.1/thumb/v7e-m/fpv4-sp/hard\libgcc.a(_udivmoddi4.o)
                0x08005920                __exidx_end = .
                0x08005920                . = ALIGN (0x8)

.rel.dyn        0x08005920        0x0
 .rel.iplt      0x08005920        0x0 c:/program files (x86)/gnu tools arm embedded/6 2017-q2-update/bin/../lib/gcc/arm-none-eabi/6.3.1/thumb/v7e-m/fpv4-sp/hard/crtbegin.o

.preinit_array  0x08005920        0x0
                0x08005920                . = ALIGN (0x8)
                0x08005920                PROVIDE (__preinit_array_start, .)
 *(.preinit_array*)
                0x08005920                PROVIDE (__preinit_array_end, .)
                0x08005920                . = ALIGN (0x8)

.init_array     0x08005920        0x8
                0x08005920                . = ALIGN (0x8)
                0x08005920                PROVIDE (__init_array_start, .)
 *(SORT(.init_array.*))
 *(.init_array*)
 .init_array    0x08005920        0x4 c:/program files (x86)/gnu tools arm embedded/6 2017-q2-update/bin/../lib/gcc/arm-none-eabi/6.3.1/thumb/v7e-m/fpv4-sp/hard/crtbegin.o
                0x08005924                PROVIDE (__init_array_end, .)
                0x08005928                . = ALIGN (0x8)
 *fill*         0x08005924        0x4 

.fini_array     0x08005928        0x8
                0x08005928                . = ALIGN (0x8)
                [!provide]                PROVIDE (__fini_array_start, .)
 *(SORT(.fini_array.*))
 *(.fini_array*)
 .fini_array    0x08005928        0x4 c:/program files (x86)/gnu tools arm embedded/6 2017-q2-update/bin/../lib/gcc/arm-none-eabi/6.3.1/thumb/v7e-m/fpv4-sp/hard/crtbegin.o
                [!provide]                PROVIDE (__fini_array_end, .)
                0x08005930                . = ALIGN (0x8)
 *fill*         0x0800592c        0x4 
                0x08005930                _sidata = LOADADDR (.data)

.data           0x20000000       0x18 load address 0x08005930
                0x20000000                . = ALIGN (0x8)
                0x20000000                _sdata = .
 *(.data)
 *(.data*)
 .data.COM_USART
                0x20000000        0x4 build/stm32l4xx_nucleo.o
                0x20000000                COM_USART
 .data.uwTickFreq
                0x20000004        0x4 build/stm32l4xx_hal.o
                0x20000004                uwTickFreq
 .data.uwTickPrio
                0x20000008        0x4 build/stm32l4xx_hal.o
                0x20000008                uwTickPrio
 .data.SystemCoreClock
                0x2000000c        0x4 build/system_stm32l4xx.o
                0x2000000c                SystemCoreClock
 .data.uxCriticalNesting
                0x20000010        0x4 build/port.o
                0x20000018                . = ALIGN (0x8)
 *fill*         0x20000014        0x4 
                0x20000018                _edata = .

.jcr            0x20000018        0x0 load address 0x08005948
 .jcr           0x20000018        0x0 c:/program files (x86)/gnu tools arm embedded/6 2017-q2-update/bin/../lib/gcc/arm-none-eabi/6.3.1/thumb/v7e-m/fpv4-sp/hard/crtbegin.o

.igot.plt       0x20000018        0x0 load address 0x08005948
 .igot.plt      0x20000018        0x0 c:/program files (x86)/gnu tools arm embedded/6 2017-q2-update/bin/../lib/gcc/arm-none-eabi/6.3.1/thumb/v7e-m/fpv4-sp/hard/crtbegin.o
                0x20000018                . = ALIGN (0x4)

.bss            0x20000018     0x1f78 load address 0x08005948
                0x20000018                _sbss = .
                0x20000018                __bss_start__ = _sbss
 *(.bss)
 .bss           0x20000018       0x1c c:/program files (x86)/gnu tools arm embedded/6 2017-q2-update/bin/../lib/gcc/arm-none-eabi/6.3.1/thumb/v7e-m/fpv4-sp/hard/crtbegin.o
 *(.bss*)
 .bss.DFSDM1_Init
                0x20000034        0x4 build/dfsdm.o
 .bss.a_dfsdm1ChannelHandle
                0x20000038       0x20 build/stm32l4xx_hal_dfsdm.o
 .bss.v_dfsdm1ChannelCounter
                0x20000058        0x4 build/stm32l4xx_hal_dfsdm.o
 .bss.pxCurrentTCB
                0x2000005c        0x4 build/tasks.o
                0x2000005c                pxCurrentTCB
 .bss.pxDelayedTaskList
                0x20000060        0x4 build/tasks.o
 .bss.pxOverflowDelayedTaskList
                0x20000064        0x4 build/tasks.o
 .bss.pxReadyTasksLists
                0x20000068      0x460 build/tasks.o
 .bss.uxCurrentNumberOfTasks
                0x200004c8        0x4 build/tasks.o
 .bss.uxDeletedTasksWaitingCleanUp
                0x200004cc        0x4 build/tasks.o
 .bss.uxPendedTicks
                0x200004d0        0x4 build/tasks.o
 .bss.uxSchedulerSuspended
                0x200004d4        0x4 build/tasks.o
 .bss.uxTaskNumber
                0x200004d8        0x4 build/tasks.o
 .bss.uxTopReadyPriority
                0x200004dc        0x4 build/tasks.o
 .bss.xDelayedTaskList1
                0x200004e0       0x14 build/tasks.o
 .bss.xDelayedTaskList2
                0x200004f4       0x14 build/tasks.o
 .bss.xNextTaskUnblockTime
                0x20000508        0x4 build/tasks.o
 .bss.xNumOfOverflows
                0x2000050c        0x4 build/tasks.o
 .bss.xPendingReadyList
                0x20000510       0x14 build/tasks.o
 .bss.xSchedulerRunning
                0x20000524        0x4 build/tasks.o
 .bss.xSuspendedTaskList
                0x20000528       0x14 build/tasks.o
 .bss.xTasksWaitingTermination
                0x2000053c       0x14 build/tasks.o
 .bss.xTickCount
                0x20000550        0x4 build/tasks.o
 .bss.xYieldPending
                0x20000554        0x4 build/tasks.o
 .bss.pxCurrentTimerList
                0x20000558        0x4 build/timers.o
 .bss.pxOverflowTimerList
                0x2000055c        0x4 build/timers.o
 .bss.ucStaticTimerQueueStorage.6653
                0x20000560       0xa0 build/timers.o
 .bss.xActiveTimerList1
                0x20000600       0x14 build/timers.o
 .bss.xActiveTimerList2
                0x20000614       0x14 build/timers.o
 .bss.xLastTime.6602
                0x20000628        0x4 build/timers.o
 .bss.xStaticTimerQueue.6652
                0x2000062c       0x50 build/timers.o
 .bss.xTimerQueue
                0x2000067c        0x4 build/timers.o
 .bss.xTimerTaskHandle
                0x20000680        0x4 build/timers.o
 .bss.Idle_Stack
                0x20000684      0x200 build/cmsis_os2.o
 .bss.Idle_TCB  0x20000884       0x5c build/cmsis_os2.o
 .bss.KernelState
                0x200008e0        0x4 build/cmsis_os2.o
 .bss.Timer_Stack
                0x200008e4      0x400 build/cmsis_os2.o
 .bss.Timer_TCB
                0x20000ce4       0x5c build/cmsis_os2.o
 .bss.pxEnd     0x20000d40        0x4 build/heap_4.o
 .bss.ucHeap    0x20000d44      0xbb8 build/heap_4.o
 .bss.xBlockAllocatedBit
                0x200018fc        0x4 build/heap_4.o
 .bss.xFreeBytesRemaining
                0x20001900        0x4 build/heap_4.o
 .bss.xMinimumEverFreeBytesRemaining
                0x20001904        0x4 build/heap_4.o
 .bss.xStart    0x20001908        0x8 build/heap_4.o
 .bss.ucMaxSysCallPriority
                0x20001910        0x1 build/port.o
 *fill*         0x20001911        0x3 
 .bss.ulMaxPRIGROUPValue
                0x20001914        0x4 build/port.o
 .bss.hciContext
                0x20001918       0x20 build/hci_tl.o
 *(COMMON)
 COMMON         0x20001938       0x38 build/dfsdm.o
                0x20001938                hdfsdm1_channel1
 COMMON         0x20001970        0x4 build/freertos.o
                0x20001970                defaultTaskHandle
 COMMON         0x20001974       0x4c build/i2c.o
                0x20001974                hi2c2
 COMMON         0x200019c0       0x44 build/quadspi.o
                0x200019c0                hqspi
 COMMON         0x20001a04       0x40 build/stm32l4xx_hal_timebase_tim.o
                0x20001a04                htim2
 COMMON         0x20001a44       0x80 build/usart.o
                0x20001a44                huart3
 COMMON         0x20001ac4      0x408 build/usb_otg.o
                0x20001ac4                hpcd_USB_OTG_FS
 COMMON         0x20001ecc       0x80 build/stm32l4xx_nucleo.o
                0x20001ecc                hcom_uart
 COMMON         0x20001f4c        0x4 build/stm32l4xx_hal.o
                0x20001f4c                uwTick
 COMMON         0x20001f50       0x40 build/queue.o
                0x20001f50                xQueueRegistry
                0x20001f90                . = ALIGN (0x4)
                0x20001f90                _ebss = .
                0x20001f90                __bss_end__ = _ebss

._user_heap_stack
                0x20001f90      0x600 load address 0x08005948
                0x20001f90                . = ALIGN (0x8)
                [!provide]                PROVIDE (end, .)
                [!provide]                PROVIDE (_end, .)
                0x20002190                . = (. + _Min_Heap_Size)
 *fill*         0x20001f90      0x200 
                0x20002590                . = (. + _Min_Stack_Size)
 *fill*         0x20002190      0x400 
                0x20002590                . = ALIGN (0x8)

/DISCARD/
 libc.a(*)
 libm.a(*)
 libgcc.a(*)

.ARM.attributes
                0x00000000       0x30
 *(.ARM.attributes)
 .ARM.attributes
                0x00000000       0x22 c:/program files (x86)/gnu tools arm embedded/6 2017-q2-update/bin/../lib/gcc/arm-none-eabi/6.3.1/thumb/v7e-m/fpv4-sp/hard/crti.o
 .ARM.attributes
                0x00000022       0x34 c:/program files (x86)/gnu tools arm embedded/6 2017-q2-update/bin/../lib/gcc/arm-none-eabi/6.3.1/thumb/v7e-m/fpv4-sp/hard/crtbegin.o
 .ARM.attributes
                0x00000056       0x39 build/main.o
 .ARM.attributes
                0x0000008f       0x39 build/gpio.o
 .ARM.attributes
                0x000000c8       0x39 build/dfsdm.o
 .ARM.attributes
                0x00000101       0x39 build/freertos.o
 .ARM.attributes
                0x0000013a       0x39 build/i2c.o
 .ARM.attributes
                0x00000173       0x39 build/quadspi.o
 .ARM.attributes
                0x000001ac       0x39 build/stm32l4xx_hal_timebase_tim.o
 .ARM.attributes
                0x000001e5       0x39 build/usart.o
 .ARM.attributes
                0x0000021e       0x39 build/usb_otg.o
 .ARM.attributes
                0x00000257       0x39 build/stm32l4xx_it.o
 .ARM.attributes
                0x00000290       0x39 build/stm32l4xx_hal_msp.o
 .ARM.attributes
                0x000002c9       0x39 build/app_x-cube-ble1.o
 .ARM.attributes
                0x00000302       0x39 build/eddystone_beacon.o
 .ARM.attributes
                0x0000033b       0x39 build/sensor_service.o
 .ARM.attributes
                0x00000374       0x39 build/stm32l4xx_nucleo.o
 .ARM.attributes
                0x000003ad       0x39 build/stm32l4xx_hal_dfsdm.o
 .ARM.attributes
                0x000003e6       0x39 build/stm32l4xx_hal.o
 .ARM.attributes
                0x0000041f       0x39 build/stm32l4xx_hal_i2c.o
 .ARM.attributes
                0x00000458       0x39 build/stm32l4xx_hal_i2c_ex.o
 .ARM.attributes
                0x00000491       0x39 build/stm32l4xx_hal_rcc.o
 .ARM.attributes
                0x000004ca       0x39 build/stm32l4xx_hal_rcc_ex.o
 .ARM.attributes
                0x00000503       0x39 build/stm32l4xx_hal_gpio.o
 .ARM.attributes
                0x0000053c       0x39 build/stm32l4xx_hal_pwr.o
 .ARM.attributes
                0x00000575       0x39 build/stm32l4xx_hal_pwr_ex.o
 .ARM.attributes
                0x000005ae       0x39 build/stm32l4xx_hal_cortex.o
 .ARM.attributes
                0x000005e7       0x39 build/stm32l4xx_hal_qspi.o
 .ARM.attributes
                0x00000620       0x39 build/stm32l4xx_hal_tim.o
 .ARM.attributes
                0x00000659       0x39 build/stm32l4xx_hal_tim_ex.o
 .ARM.attributes
                0x00000692       0x39 build/stm32l4xx_hal_uart.o
 .ARM.attributes
                0x000006cb       0x39 build/stm32l4xx_hal_pcd.o
 .ARM.attributes
                0x00000704       0x39 build/stm32l4xx_hal_pcd_ex.o
 .ARM.attributes
                0x0000073d       0x39 build/stm32l4xx_ll_usb.o
 .ARM.attributes
                0x00000776       0x39 build/system_stm32l4xx.o
 .ARM.attributes
                0x000007af       0x39 build/list.o
 .ARM.attributes
                0x000007e8       0x39 build/queue.o
 .ARM.attributes
                0x00000821       0x39 build/tasks.o
 .ARM.attributes
                0x0000085a       0x39 build/timers.o
 .ARM.attributes
                0x00000893       0x39 build/cmsis_os2.o
 .ARM.attributes
                0x000008cc       0x39 build/heap_4.o
 .ARM.attributes
                0x00000905       0x39 build/port.o
 .ARM.attributes
                0x0000093e       0x39 build/hci_le.o
 .ARM.attributes
                0x00000977       0x39 build/hci_tl.o
 .ARM.attributes
                0x000009b0       0x39 build/hci_tl_interface.o
 .ARM.attributes
                0x000009e9       0x39 build/bluenrg_hal_aci.o
 .ARM.attributes
                0x00000a22       0x39 build/bluenrg_gatt_aci.o
 .ARM.attributes
                0x00000a5b       0x39 build/bluenrg_gap_aci.o
 .ARM.attributes
                0x00000a94       0x39 build/bluenrg_utils_small.o
 .ARM.attributes
                0x00000acd       0x21 build/startup_stm32l475xx.o
 .ARM.attributes
                0x00000aee       0x34 c:/program files (x86)/gnu tools arm embedded/6 2017-q2-update/bin/../lib/gcc/arm-none-eabi/6.3.1/../../../../arm-none-eabi/lib/thumb/v7e-m/fpv4-sp/hard\libc_nano.a(lib_a-init.o)
 .ARM.attributes
                0x00000b22       0x34 c:/program files (x86)/gnu tools arm embedded/6 2017-q2-update/bin/../lib/gcc/arm-none-eabi/6.3.1/../../../../arm-none-eabi/lib/thumb/v7e-m/fpv4-sp/hard\libc_nano.a(lib_a-memcpy-stub.o)
 .ARM.attributes
                0x00000b56       0x34 c:/program files (x86)/gnu tools arm embedded/6 2017-q2-update/bin/../lib/gcc/arm-none-eabi/6.3.1/../../../../arm-none-eabi/lib/thumb/v7e-m/fpv4-sp/hard\libc_nano.a(lib_a-memset.o)
 .ARM.attributes
                0x00000b8a       0x22 c:/program files (x86)/gnu tools arm embedded/6 2017-q2-update/bin/../lib/gcc/arm-none-eabi/6.3.1/thumb/v7e-m/fpv4-sp/hard\libgcc.a(_aeabi_uldivmod.o)
 .ARM.attributes
                0x00000bac       0x34 c:/program files (x86)/gnu tools arm embedded/6 2017-q2-update/bin/../lib/gcc/arm-none-eabi/6.3.1/thumb/v7e-m/fpv4-sp/hard\libgcc.a(_udivmoddi4.o)
 .ARM.attributes
                0x00000be0       0x22 c:/program files (x86)/gnu tools arm embedded/6 2017-q2-update/bin/../lib/gcc/arm-none-eabi/6.3.1/thumb/v7e-m/fpv4-sp/hard\libgcc.a(_dvmd_tls.o)
 .ARM.attributes
                0x00000c02       0x22 c:/program files (x86)/gnu tools arm embedded/6 2017-q2-update/bin/../lib/gcc/arm-none-eabi/6.3.1/thumb/v7e-m/fpv4-sp/hard/crtn.o
OUTPUT(build/iPong3.elf elf32-littlearm)

.debug_info     0x00000000    0x45729
 .debug_info    0x00000000     0x211e build/main.o
 .debug_info    0x0000211e     0x131e build/gpio.o
 .debug_info    0x0000343c      0xfb7 build/dfsdm.o
 .debug_info    0x000043f3      0xb89 build/freertos.o
 .debug_info    0x00004f7c     0x10c7 build/i2c.o
 .debug_info    0x00006043      0xfd4 build/quadspi.o
 .debug_info    0x00007017      0xe6f build/stm32l4xx_hal_timebase_tim.o
 .debug_info    0x00007e86      0xd6f build/usart.o
 .debug_info    0x00008bf5     0x1321 build/usb_otg.o
 .debug_info    0x00009f16      0xd30 build/stm32l4xx_it.o
 .debug_info    0x0000ac46      0xd5f build/stm32l4xx_hal_msp.o
 .debug_info    0x0000b9a5     0x178a build/app_x-cube-ble1.o
 .debug_info    0x0000d12f     0x1030 build/eddystone_beacon.o
 .debug_info    0x0000e15f      0xccd build/sensor_service.o
 .debug_info    0x0000ee2c      0xf48 build/stm32l4xx_nucleo.o
 .debug_info    0x0000fd74     0x216b build/stm32l4xx_hal_dfsdm.o
 .debug_info    0x00011edf      0xdce build/stm32l4xx_hal.o
 .debug_info    0x00012cad     0x3bee build/stm32l4xx_hal_i2c.o
 .debug_info    0x0001689b      0xc60 build/stm32l4xx_hal_i2c_ex.o
 .debug_info    0x000174fb     0x1089 build/stm32l4xx_hal_rcc.o
 .debug_info    0x00018584     0x1436 build/stm32l4xx_hal_rcc_ex.o
 .debug_info    0x000199ba      0xa6d build/stm32l4xx_hal_gpio.o
 .debug_info    0x0001a427      0xbf6 build/stm32l4xx_hal_pwr.o
 .debug_info    0x0001b01d      0xc62 build/stm32l4xx_hal_pwr_ex.o
 .debug_info    0x0001bc7f     0x1196 build/stm32l4xx_hal_cortex.o
 .debug_info    0x0001ce15     0x1950 build/stm32l4xx_hal_qspi.o
 .debug_info    0x0001e765     0x36f1 build/stm32l4xx_hal_tim.o
 .debug_info    0x00021e56     0x192b build/stm32l4xx_hal_tim_ex.o
 .debug_info    0x00023781     0x1fa2 build/stm32l4xx_hal_uart.o
 .debug_info    0x00025723     0x1aae build/stm32l4xx_hal_pcd.o
 .debug_info    0x000271d1      0xbe5 build/stm32l4xx_hal_pcd_ex.o
 .debug_info    0x00027db6     0x1e33 build/stm32l4xx_ll_usb.o
 .debug_info    0x00029be9      0x7a6 build/system_stm32l4xx.o
 .debug_info    0x0002a38f      0xbe8 build/list.o
 .debug_info    0x0002af77     0x2e8d build/queue.o
 .debug_info    0x0002de04     0x36c1 build/tasks.o
 .debug_info    0x000314c5     0x217e build/timers.o
 .debug_info    0x00033643     0x4e4e build/cmsis_os2.o
 .debug_info    0x00038491      0xd82 build/heap_4.o
 .debug_info    0x00039213      0x5b3 build/port.o
 .debug_info    0x000397c6     0x24b3 build/hci_le.o
 .debug_info    0x0003bc79      0xecd build/hci_tl.o
 .debug_info    0x0003cb46       0x54 build/hci_tl_interface.o
 .debug_info    0x0003cb9a     0x12e4 build/bluenrg_hal_aci.o
 .debug_info    0x0003de7e     0x36a4 build/bluenrg_gatt_aci.o
 .debug_info    0x00041522     0x3378 build/bluenrg_gap_aci.o
 .debug_info    0x0004489a      0xe1f build/bluenrg_utils_small.o
 .debug_info    0x000456b9       0x70 build/startup_stm32l475xx.o

.debug_abbrev   0x00000000     0x6c8e
 .debug_abbrev  0x00000000      0x21b build/main.o
 .debug_abbrev  0x0000021b      0x198 build/gpio.o
 .debug_abbrev  0x000003b3      0x1c8 build/dfsdm.o
 .debug_abbrev  0x0000057b      0x1d2 build/freertos.o
 .debug_abbrev  0x0000074d      0x1d3 build/i2c.o
 .debug_abbrev  0x00000920      0x1c8 build/quadspi.o
 .debug_abbrev  0x00000ae8      0x1ec build/stm32l4xx_hal_timebase_tim.o
 .debug_abbrev  0x00000cd4      0x1c8 build/usart.o
 .debug_abbrev  0x00000e9c      0x1d7 build/usb_otg.o
 .debug_abbrev  0x00001073      0x198 build/stm32l4xx_it.o
 .debug_abbrev  0x0000120b      0x17c build/stm32l4xx_hal_msp.o
 .debug_abbrev  0x00001387      0x253 build/app_x-cube-ble1.o
 .debug_abbrev  0x000015da      0x284 build/eddystone_beacon.o
 .debug_abbrev  0x0000185e      0x1e1 build/sensor_service.o
 .debug_abbrev  0x00001a3f      0x273 build/stm32l4xx_nucleo.o
 .debug_abbrev  0x00001cb2      0x299 build/stm32l4xx_hal_dfsdm.o
 .debug_abbrev  0x00001f4b      0x221 build/stm32l4xx_hal.o
 .debug_abbrev  0x0000216c      0x2a9 build/stm32l4xx_hal_i2c.o
 .debug_abbrev  0x00002415      0x1b6 build/stm32l4xx_hal_i2c_ex.o
 .debug_abbrev  0x000025cb      0x253 build/stm32l4xx_hal_rcc.o
 .debug_abbrev  0x0000281e      0x27e build/stm32l4xx_hal_rcc_ex.o
 .debug_abbrev  0x00002a9c      0x211 build/stm32l4xx_hal_gpio.o
 .debug_abbrev  0x00002cad      0x1a5 build/stm32l4xx_hal_pwr.o
 .debug_abbrev  0x00002e52      0x1f6 build/stm32l4xx_hal_pwr_ex.o
 .debug_abbrev  0x00003048      0x33b build/stm32l4xx_hal_cortex.o
 .debug_abbrev  0x00003383      0x270 build/stm32l4xx_hal_qspi.o
 .debug_abbrev  0x000035f3      0x270 build/stm32l4xx_hal_tim.o
 .debug_abbrev  0x00003863      0x269 build/stm32l4xx_hal_tim_ex.o
 .debug_abbrev  0x00003acc      0x280 build/stm32l4xx_hal_uart.o
 .debug_abbrev  0x00003d4c      0x2ab build/stm32l4xx_hal_pcd.o
 .debug_abbrev  0x00003ff7      0x263 build/stm32l4xx_hal_pcd_ex.o
 .debug_abbrev  0x0000425a      0x2d7 build/stm32l4xx_ll_usb.o
 .debug_abbrev  0x00004531      0x14d build/system_stm32l4xx.o
 .debug_abbrev  0x0000467e      0x21e build/list.o
 .debug_abbrev  0x0000489c      0x3fc build/queue.o
 .debug_abbrev  0x00004c98      0x3f1 build/tasks.o
 .debug_abbrev  0x00005089      0x386 build/timers.o
 .debug_abbrev  0x0000540f      0x448 build/cmsis_os2.o
 .debug_abbrev  0x00005857      0x312 build/heap_4.o
 .debug_abbrev  0x00005b69      0x257 build/port.o
 .debug_abbrev  0x00005dc0      0x295 build/hci_le.o
 .debug_abbrev  0x00006055      0x271 build/hci_tl.o
 .debug_abbrev  0x000062c6       0x2e build/hci_tl_interface.o
 .debug_abbrev  0x000062f4      0x255 build/bluenrg_hal_aci.o
 .debug_abbrev  0x00006549      0x2a9 build/bluenrg_gatt_aci.o
 .debug_abbrev  0x000067f2      0x295 build/bluenrg_gap_aci.o
 .debug_abbrev  0x00006a87      0x1f5 build/bluenrg_utils_small.o
 .debug_abbrev  0x00006c7c       0x12 build/startup_stm32l475xx.o

.debug_loc      0x00000000    0x29e08
 .debug_loc     0x00000000       0xb3 build/main.o
 .debug_loc     0x000000b3       0x39 build/gpio.o
 .debug_loc     0x000000ec       0xf8 build/dfsdm.o
 .debug_loc     0x000001e4       0x79 build/freertos.o
 .debug_loc     0x0000025d       0xf8 build/i2c.o
 .debug_loc     0x00000355       0xf8 build/quadspi.o
 .debug_loc     0x0000044d       0xbd build/stm32l4xx_hal_timebase_tim.o
 .debug_loc     0x0000050a       0xf8 build/usart.o
 .debug_loc     0x00000602      0x103 build/usb_otg.o
 .debug_loc     0x00000705       0x60 build/stm32l4xx_it.o
 .debug_loc     0x00000765       0x38 build/stm32l4xx_hal_msp.o
 .debug_loc     0x0000079d      0x15c build/app_x-cube-ble1.o
 .debug_loc     0x000008f9      0x202 build/eddystone_beacon.o
 .debug_loc     0x00000afb      0x298 build/stm32l4xx_nucleo.o
 .debug_loc     0x00000d93     0x2247 build/stm32l4xx_hal_dfsdm.o
 .debug_loc     0x00002fda      0x2b2 build/stm32l4xx_hal.o
 .debug_loc     0x0000328c     0x4d55 build/stm32l4xx_hal_i2c.o
 .debug_loc     0x00007fe1      0x25c build/stm32l4xx_hal_i2c_ex.o
 .debug_loc     0x0000823d      0x7bf build/stm32l4xx_hal_rcc.o
 .debug_loc     0x000089fc     0x1d28 build/stm32l4xx_hal_rcc_ex.o
 .debug_loc     0x0000a724      0x39c build/stm32l4xx_hal_gpio.o
 .debug_loc     0x0000aac0      0x1bd build/stm32l4xx_hal_pwr.o
 .debug_loc     0x0000ac7d      0x980 build/stm32l4xx_hal_pwr_ex.o
 .debug_loc     0x0000b5fd      0x6a6 build/stm32l4xx_hal_cortex.o
 .debug_loc     0x0000bca3     0x17d2 build/stm32l4xx_hal_qspi.o
 .debug_loc     0x0000d475     0x4609 build/stm32l4xx_hal_tim.o
 .debug_loc     0x00011a7e     0x1ed4 build/stm32l4xx_hal_tim_ex.o
 .debug_loc     0x00013952     0x1ddd build/stm32l4xx_hal_uart.o
 .debug_loc     0x0001572f     0x10a3 build/stm32l4xx_hal_pcd.o
 .debug_loc     0x000167d2      0x1e8 build/stm32l4xx_hal_pcd_ex.o
 .debug_loc     0x000169ba     0x2017 build/stm32l4xx_ll_usb.o
 .debug_loc     0x000189d1      0x1e4 build/system_stm32l4xx.o
 .debug_loc     0x00018bb5       0x9c build/list.o
 .debug_loc     0x00018c51     0x1a04 build/queue.o
 .debug_loc     0x0001a655     0x244a build/tasks.o
 .debug_loc     0x0001ca9f      0xf91 build/timers.o
 .debug_loc     0x0001da30     0x4a73 build/cmsis_os2.o
 .debug_loc     0x000224a3      0x324 build/heap_4.o
 .debug_loc     0x000227c7      0x160 build/port.o
 .debug_loc     0x00022927     0x110f build/hci_le.o
 .debug_loc     0x00023a36       0xa4 build/hci_tl.o
 .debug_loc     0x00023ada      0x52f build/bluenrg_hal_aci.o
 .debug_loc     0x00024009     0x31bc build/bluenrg_gatt_aci.o
 .debug_loc     0x000271c5     0x2bcf build/bluenrg_gap_aci.o
 .debug_loc     0x00029d94       0x74 build/bluenrg_utils_small.o

.debug_aranges  0x00000000     0x25d0
 .debug_aranges
                0x00000000       0x38 build/main.o
 .debug_aranges
                0x00000038       0x20 build/gpio.o
 .debug_aranges
                0x00000058       0x30 build/dfsdm.o
 .debug_aranges
                0x00000088       0x28 build/freertos.o
 .debug_aranges
                0x000000b0       0x30 build/i2c.o
 .debug_aranges
                0x000000e0       0x30 build/quadspi.o
 .debug_aranges
                0x00000110       0x30 build/stm32l4xx_hal_timebase_tim.o
 .debug_aranges
                0x00000140       0x30 build/usart.o
 .debug_aranges
                0x00000170       0x30 build/usb_otg.o
 .debug_aranges
                0x000001a0       0x60 build/stm32l4xx_it.o
 .debug_aranges
                0x00000200       0x20 build/stm32l4xx_hal_msp.o
 .debug_aranges
                0x00000220       0x40 build/app_x-cube-ble1.o
 .debug_aranges
                0x00000260       0x38 build/eddystone_beacon.o
 .debug_aranges
                0x00000298       0x20 build/sensor_service.o
 .debug_aranges
                0x000002b8       0x58 build/stm32l4xx_nucleo.o
 .debug_aranges
                0x00000310      0x248 build/stm32l4xx_hal_dfsdm.o
 .debug_aranges
                0x00000558      0x130 build/stm32l4xx_hal.o
 .debug_aranges
                0x00000688      0x288 build/stm32l4xx_hal_i2c.o
 .debug_aranges
                0x00000910       0x48 build/stm32l4xx_hal_i2c_ex.o
 .debug_aranges
                0x00000958       0x88 build/stm32l4xx_hal_rcc.o
 .debug_aranges
                0x000009e0       0xc0 build/stm32l4xx_hal_rcc_ex.o
 .debug_aranges
                0x00000aa0       0x58 build/stm32l4xx_hal_gpio.o
 .debug_aranges
                0x00000af8       0x98 build/stm32l4xx_hal_pwr.o
 .debug_aranges
                0x00000b90      0x148 build/stm32l4xx_hal_pwr_ex.o
 .debug_aranges
                0x00000cd8       0xa8 build/stm32l4xx_hal_cortex.o
 .debug_aranges
                0x00000d80      0x160 build/stm32l4xx_hal_qspi.o
 .debug_aranges
                0x00000ee0      0x3b8 build/stm32l4xx_hal_tim.o
 .debug_aranges
                0x00001298      0x168 build/stm32l4xx_hal_tim_ex.o
 .debug_aranges
                0x00001400      0x1f8 build/stm32l4xx_hal_uart.o
 .debug_aranges
                0x000015f8      0x130 build/stm32l4xx_hal_pcd.o
 .debug_aranges
                0x00001728       0x60 build/stm32l4xx_hal_pcd_ex.o
 .debug_aranges
                0x00001788      0x198 build/stm32l4xx_ll_usb.o
 .debug_aranges
                0x00001920       0x28 build/system_stm32l4xx.o
 .debug_aranges
                0x00001948       0x40 build/list.o
 .debug_aranges
                0x00001988      0x158 build/queue.o
 .debug_aranges
                0x00001ae0      0x1f8 build/tasks.o
 .debug_aranges
                0x00001cd8       0xe0 build/timers.o
 .debug_aranges
                0x00001db8      0x228 build/cmsis_os2.o
 .debug_aranges
                0x00001fe0       0x50 build/heap_4.o
 .debug_aranges
                0x00002030       0x80 build/port.o
 .debug_aranges
                0x000020b0      0x110 build/hci_le.o
 .debug_aranges
                0x000021c0       0x58 build/hci_tl.o
 .debug_aranges
                0x00002218       0x28 build/hci_tl_interface.o
 .debug_aranges
                0x00002240       0x68 build/bluenrg_hal_aci.o
 .debug_aranges
                0x000022a8      0x178 build/bluenrg_gatt_aci.o
 .debug_aranges
                0x00002420      0x168 build/bluenrg_gap_aci.o
 .debug_aranges
                0x00002588       0x20 build/bluenrg_utils_small.o
 .debug_aranges
                0x000025a8       0x28 build/startup_stm32l475xx.o

.debug_ranges   0x00000000     0x25c0
 .debug_ranges  0x00000000       0x28 build/main.o
 .debug_ranges  0x00000028       0x10 build/gpio.o
 .debug_ranges  0x00000038       0x20 build/dfsdm.o
 .debug_ranges  0x00000058       0x18 build/freertos.o
 .debug_ranges  0x00000070       0x20 build/i2c.o
 .debug_ranges  0x00000090       0x20 build/quadspi.o
 .debug_ranges  0x000000b0       0x20 build/stm32l4xx_hal_timebase_tim.o
 .debug_ranges  0x000000d0       0x20 build/usart.o
 .debug_ranges  0x000000f0       0x20 build/usb_otg.o
 .debug_ranges  0x00000110       0x50 build/stm32l4xx_it.o
 .debug_ranges  0x00000160       0x10 build/stm32l4xx_hal_msp.o
 .debug_ranges  0x00000170       0x30 build/app_x-cube-ble1.o
 .debug_ranges  0x000001a0       0x28 build/eddystone_beacon.o
 .debug_ranges  0x000001c8       0x10 build/sensor_service.o
 .debug_ranges  0x000001d8       0x48 build/stm32l4xx_nucleo.o
 .debug_ranges  0x00000220      0x258 build/stm32l4xx_hal_dfsdm.o
 .debug_ranges  0x00000478      0x120 build/stm32l4xx_hal.o
 .debug_ranges  0x00000598      0x278 build/stm32l4xx_hal_i2c.o
 .debug_ranges  0x00000810       0x38 build/stm32l4xx_hal_i2c_ex.o
 .debug_ranges  0x00000848       0x90 build/stm32l4xx_hal_rcc.o
 .debug_ranges  0x000008d8       0xd0 build/stm32l4xx_hal_rcc_ex.o
 .debug_ranges  0x000009a8       0x48 build/stm32l4xx_hal_gpio.o
 .debug_ranges  0x000009f0       0x88 build/stm32l4xx_hal_pwr.o
 .debug_ranges  0x00000a78      0x138 build/stm32l4xx_hal_pwr_ex.o
 .debug_ranges  0x00000bb0       0xf8 build/stm32l4xx_hal_cortex.o
 .debug_ranges  0x00000ca8      0x150 build/stm32l4xx_hal_qspi.o
 .debug_ranges  0x00000df8      0x3a8 build/stm32l4xx_hal_tim.o
 .debug_ranges  0x000011a0      0x158 build/stm32l4xx_hal_tim_ex.o
 .debug_ranges  0x000012f8      0x1e8 build/stm32l4xx_hal_uart.o
 .debug_ranges  0x000014e0      0x120 build/stm32l4xx_hal_pcd.o
 .debug_ranges  0x00001600       0x50 build/stm32l4xx_hal_pcd_ex.o
 .debug_ranges  0x00001650      0x188 build/stm32l4xx_ll_usb.o
 .debug_ranges  0x000017d8       0x18 build/system_stm32l4xx.o
 .debug_ranges  0x000017f0       0x30 build/list.o
 .debug_ranges  0x00001820      0x238 build/queue.o
 .debug_ranges  0x00001a58      0x310 build/tasks.o
 .debug_ranges  0x00001d68       0xd0 build/timers.o
 .debug_ranges  0x00001e38      0x218 build/cmsis_os2.o
 .debug_ranges  0x00002050       0x40 build/heap_4.o
 .debug_ranges  0x00002090       0x70 build/port.o
 .debug_ranges  0x00002100      0x100 build/hci_le.o
 .debug_ranges  0x00002200       0x48 build/hci_tl.o
 .debug_ranges  0x00002248       0x18 build/hci_tl_interface.o
 .debug_ranges  0x00002260       0x70 build/bluenrg_hal_aci.o
 .debug_ranges  0x000022d0      0x168 build/bluenrg_gatt_aci.o
 .debug_ranges  0x00002438      0x158 build/bluenrg_gap_aci.o
 .debug_ranges  0x00002590       0x10 build/bluenrg_utils_small.o
 .debug_ranges  0x000025a0       0x20 build/startup_stm32l475xx.o

.debug_line     0x00000000    0x12b2f
 .debug_line    0x00000000      0x420 build/main.o
 .debug_line    0x00000420      0x2e9 build/gpio.o
 .debug_line    0x00000709      0x2cc build/dfsdm.o
 .debug_line    0x000009d5      0x2c2 build/freertos.o
 .debug_line    0x00000c97      0x2d3 build/i2c.o
 .debug_line    0x00000f6a      0x2bd build/quadspi.o
 .debug_line    0x00001227      0x290 build/stm32l4xx_hal_timebase_tim.o
 .debug_line    0x000014b7      0x2a0 build/usart.o
 .debug_line    0x00001757      0x30c build/usb_otg.o
 .debug_line    0x00001a63      0x2f6 build/stm32l4xx_it.o
 .debug_line    0x00001d59      0x25f build/stm32l4xx_hal_msp.o
 .debug_line    0x00001fb8      0x463 build/app_x-cube-ble1.o
 .debug_line    0x0000241b      0x379 build/eddystone_beacon.o
 .debug_line    0x00002794      0x306 build/sensor_service.o
 .debug_line    0x00002a9a      0x304 build/stm32l4xx_nucleo.o
 .debug_line    0x00002d9e      0xc2e build/stm32l4xx_hal_dfsdm.o
 .debug_line    0x000039cc      0x4b4 build/stm32l4xx_hal.o
 .debug_line    0x00003e80     0x16a3 build/stm32l4xx_hal_i2c.o
 .debug_line    0x00005523      0x38c build/stm32l4xx_hal_i2c_ex.o
 .debug_line    0x000058af      0x5e9 build/stm32l4xx_hal_rcc.o
 .debug_line    0x00005e98      0x85e build/stm32l4xx_hal_rcc_ex.o
 .debug_line    0x000066f6      0x39b build/stm32l4xx_hal_gpio.o
 .debug_line    0x00006a91      0x379 build/stm32l4xx_hal_pwr.o
 .debug_line    0x00006e0a      0x670 build/stm32l4xx_hal_pwr_ex.o
 .debug_line    0x0000747a      0x468 build/stm32l4xx_hal_cortex.o
 .debug_line    0x000078e2      0x8ea build/stm32l4xx_hal_qspi.o
 .debug_line    0x000081cc     0x16ce build/stm32l4xx_hal_tim.o
 .debug_line    0x0000989a      0x986 build/stm32l4xx_hal_tim_ex.o
 .debug_line    0x0000a220      0xe16 build/stm32l4xx_hal_uart.o
 .debug_line    0x0000b036      0x7a8 build/stm32l4xx_hal_pcd.o
 .debug_line    0x0000b7de      0x31d build/stm32l4xx_hal_pcd_ex.o
 .debug_line    0x0000bafb      0x888 build/stm32l4xx_ll_usb.o
 .debug_line    0x0000c383      0x24a build/system_stm32l4xx.o
 .debug_line    0x0000c5cd      0x33b build/list.o
 .debug_line    0x0000c908      0xb5b build/queue.o
 .debug_line    0x0000d463      0xefc build/tasks.o
 .debug_line    0x0000e35f      0x637 build/timers.o
 .debug_line    0x0000e996     0x15b2 build/cmsis_os2.o
 .debug_line    0x0000ff48      0x3e3 build/heap_4.o
 .debug_line    0x0001032b      0x345 build/port.o
 .debug_line    0x00010670      0x725 build/hci_le.o
 .debug_line    0x00010d95      0x37d build/hci_tl.o
 .debug_line    0x00011112       0x89 build/hci_tl_interface.o
 .debug_line    0x0001119b      0x456 build/bluenrg_hal_aci.o
 .debug_line    0x000115f1      0x954 build/bluenrg_gatt_aci.o
 .debug_line    0x00011f45      0x891 build/bluenrg_gap_aci.o
 .debug_line    0x000127d6      0x2e6 build/bluenrg_utils_small.o
 .debug_line    0x00012abc       0x73 build/startup_stm32l475xx.o

.debug_str      0x00000000     0xd619
 .debug_str     0x00000000     0x18cf build/main.o
                               0x1a61 (size before relaxing)
 .debug_str     0x000018cf      0x5ab build/gpio.o
                                0xe6c (size before relaxing)
 .debug_str     0x00001e7a       0x7a build/dfsdm.o
                                0xc21 (size before relaxing)
 .debug_str     0x00001ef4      0x4ee build/freertos.o
                                0xc93 (size before relaxing)
 .debug_str     0x000023e2       0x7e build/i2c.o
                                0xc9a (size before relaxing)
 .debug_str     0x00002460       0x4b build/quadspi.o
                                0xb6e (size before relaxing)
 .debug_str     0x000024ab       0xe4 build/stm32l4xx_hal_timebase_tim.o
                                0xf40 (size before relaxing)
 .debug_str     0x0000258f       0x49 build/usart.o
                                0x9ce (size before relaxing)
 .debug_str     0x000025d8       0x76 build/usb_otg.o
                                0xd95 (size before relaxing)
 .debug_str     0x0000264e       0xdc build/stm32l4xx_it.o
                                0xa87 (size before relaxing)
 .debug_str     0x0000272a       0x24 build/stm32l4xx_hal_msp.o
                                0xdbc (size before relaxing)
 .debug_str     0x0000274e      0x6bb build/app_x-cube-ble1.o
                                0xeaa (size before relaxing)
 .debug_str     0x00002e09      0x180 build/eddystone_beacon.o
                                0x952 (size before relaxing)
 .debug_str     0x00002f89       0x6a build/sensor_service.o
                                0x858 (size before relaxing)
 .debug_str     0x00002ff3       0xdc build/stm32l4xx_nucleo.o
                                0xa7a (size before relaxing)
 .debug_str     0x000030cf      0xbc4 build/stm32l4xx_hal_dfsdm.o
                               0x1440 (size before relaxing)
 .debug_str     0x00003c93      0x399 build/stm32l4xx_hal.o
                                0xe71 (size before relaxing)
 .debug_str     0x0000402c      0x84c build/stm32l4xx_hal_i2c.o
                               0x1129 (size before relaxing)
 .debug_str     0x00004878       0xb5 build/stm32l4xx_hal_i2c_ex.o
                                0xadb (size before relaxing)
 .debug_str     0x0000492d      0x212 build/stm32l4xx_hal_rcc.o
                                0xa52 (size before relaxing)
 .debug_str     0x00004b3f      0x307 build/stm32l4xx_hal_rcc_ex.o
                                0xcd7 (size before relaxing)
 .debug_str     0x00004e46       0xbc build/stm32l4xx_hal_gpio.o
                                0x76a (size before relaxing)
 .debug_str     0x00004f02      0x27c build/stm32l4xx_hal_pwr.o
                                0x8c6 (size before relaxing)
 .debug_str     0x0000517e      0x3bb build/stm32l4xx_hal_pwr_ex.o
                                0x9ef (size before relaxing)
 .debug_str     0x00005539      0x42e build/stm32l4xx_hal_cortex.o
                                0xe1c (size before relaxing)
 .debug_str     0x00005967      0x4c3 build/stm32l4xx_hal_qspi.o
                                0xd12 (size before relaxing)
 .debug_str     0x00005e2a      0xdf9 build/stm32l4xx_hal_tim.o
                               0x16b8 (size before relaxing)
 .debug_str     0x00006c23      0x646 build/stm32l4xx_hal_tim_ex.o
                                0xfd8 (size before relaxing)
 .debug_str     0x00007269      0x69c build/stm32l4xx_hal_uart.o
                               0x10a5 (size before relaxing)
 .debug_str     0x00007905      0x78c build/stm32l4xx_hal_pcd.o
                                0xf74 (size before relaxing)
 .debug_str     0x00008091      0x1ac build/stm32l4xx_hal_pcd_ex.o
                                0x9c4 (size before relaxing)
 .debug_str     0x0000823d      0x41f build/stm32l4xx_ll_usb.o
                                0xea7 (size before relaxing)
 .debug_str     0x0000865c       0x38 build/system_stm32l4xx.o
                                0x5b8 (size before relaxing)
 .debug_str     0x00008694      0x14d build/list.o
                                0x705 (size before relaxing)
 .debug_str     0x000087e1      0x9a8 build/queue.o
                               0x1072 (size before relaxing)
 .debug_str     0x00009189      0xc44 build/tasks.o
                               0x167f (size before relaxing)
 .debug_str     0x00009dcd      0x5a9 build/timers.o
                                0xff6 (size before relaxing)
 .debug_str     0x0000a376      0xa1f build/cmsis_os2.o
                               0x1cd0 (size before relaxing)
 .debug_str     0x0000ad95      0x1d5 build/heap_4.o
                                0x7ee (size before relaxing)
 .debug_str     0x0000af6a      0x18d build/port.o
                                0x48b (size before relaxing)
 .debug_str     0x0000b0f7      0x820 build/hci_le.o
                               0x13bf (size before relaxing)
 .debug_str     0x0000b917      0x102 build/hci_tl.o
                                0x936 (size before relaxing)
 .debug_str     0x0000ba19       0x5e build/hci_tl_interface.o
                                0x162 (size before relaxing)
 .debug_str     0x0000ba77      0x234 build/bluenrg_hal_aci.o
                                0xb72 (size before relaxing)
 .debug_str     0x0000bcab      0xc53 build/bluenrg_gatt_aci.o
                               0x18a4 (size before relaxing)
 .debug_str     0x0000c8fe      0xcdc build/bluenrg_gap_aci.o
                               0x1a3e (size before relaxing)
 .debug_str     0x0000d5da       0x3f build/bluenrg_utils_small.o
                                0x97a (size before relaxing)

.comment        0x00000000       0x7f
 .comment       0x00000000       0x7f build/main.o
                                 0x80 (size before relaxing)
 .comment       0x0000007f       0x80 build/gpio.o
 .comment       0x0000007f       0x80 build/dfsdm.o
 .comment       0x0000007f       0x80 build/freertos.o
 .comment       0x0000007f       0x80 build/i2c.o
 .comment       0x0000007f       0x80 build/quadspi.o
 .comment       0x0000007f       0x80 build/stm32l4xx_hal_timebase_tim.o
 .comment       0x0000007f       0x80 build/usart.o
 .comment       0x0000007f       0x80 build/usb_otg.o
 .comment       0x0000007f       0x80 build/stm32l4xx_it.o
 .comment       0x0000007f       0x80 build/stm32l4xx_hal_msp.o
 .comment       0x0000007f       0x80 build/app_x-cube-ble1.o
 .comment       0x0000007f       0x80 build/eddystone_beacon.o
 .comment       0x0000007f       0x80 build/sensor_service.o
 .comment       0x0000007f       0x80 build/stm32l4xx_nucleo.o
 .comment       0x0000007f       0x80 build/stm32l4xx_hal_dfsdm.o
 .comment       0x0000007f       0x80 build/stm32l4xx_hal.o
 .comment       0x0000007f       0x80 build/stm32l4xx_hal_i2c.o
 .comment       0x0000007f       0x80 build/stm32l4xx_hal_i2c_ex.o
 .comment       0x0000007f       0x80 build/stm32l4xx_hal_rcc.o
 .comment       0x0000007f       0x80 build/stm32l4xx_hal_rcc_ex.o
 .comment       0x0000007f       0x80 build/stm32l4xx_hal_gpio.o
 .comment       0x0000007f       0x80 build/stm32l4xx_hal_pwr.o
 .comment       0x0000007f       0x80 build/stm32l4xx_hal_pwr_ex.o
 .comment       0x0000007f       0x80 build/stm32l4xx_hal_cortex.o
 .comment       0x0000007f       0x80 build/stm32l4xx_hal_qspi.o
 .comment       0x0000007f       0x80 build/stm32l4xx_hal_tim.o
 .comment       0x0000007f       0x80 build/stm32l4xx_hal_tim_ex.o
 .comment       0x0000007f       0x80 build/stm32l4xx_hal_uart.o
 .comment       0x0000007f       0x80 build/stm32l4xx_hal_pcd.o
 .comment       0x0000007f       0x80 build/stm32l4xx_hal_pcd_ex.o
 .comment       0x0000007f       0x80 build/stm32l4xx_ll_usb.o
 .comment       0x0000007f       0x80 build/system_stm32l4xx.o
 .comment       0x0000007f       0x80 build/list.o
 .comment       0x0000007f       0x80 build/queue.o
 .comment       0x0000007f       0x80 build/tasks.o
 .comment       0x0000007f       0x80 build/timers.o
 .comment       0x0000007f       0x80 build/cmsis_os2.o
 .comment       0x0000007f       0x80 build/heap_4.o
 .comment       0x0000007f       0x80 build/port.o
 .comment       0x0000007f       0x80 build/hci_le.o
 .comment       0x0000007f       0x80 build/hci_tl.o
 .comment       0x0000007f       0x80 build/hci_tl_interface.o
 .comment       0x0000007f       0x80 build/bluenrg_hal_aci.o
 .comment       0x0000007f       0x80 build/bluenrg_gatt_aci.o
 .comment       0x0000007f       0x80 build/bluenrg_gap_aci.o
 .comment       0x0000007f       0x80 build/bluenrg_utils_small.o

.debug_frame    0x00000000     0x76c8
 .debug_frame   0x00000000       0x84 build/main.o
 .debug_frame   0x00000084       0x48 build/gpio.o
 .debug_frame   0x000000cc       0x68 build/dfsdm.o
 .debug_frame   0x00000134       0x48 build/freertos.o
 .debug_frame   0x0000017c       0x6c build/i2c.o
 .debug_frame   0x000001e8       0x68 build/quadspi.o
 .debug_frame   0x00000250       0x50 build/stm32l4xx_hal_timebase_tim.o
 .debug_frame   0x000002a0       0x68 build/usart.o
 .debug_frame   0x00000308       0x78 build/usb_otg.o
 .debug_frame   0x00000380       0xc4 build/stm32l4xx_it.o
 .debug_frame   0x00000444       0x2c build/stm32l4xx_hal_msp.o
 .debug_frame   0x00000470       0xa4 build/app_x-cube-ble1.o
 .debug_frame   0x00000514       0x94 build/eddystone_beacon.o
 .debug_frame   0x000005a8       0x20 build/sensor_service.o
 .debug_frame   0x000005c8       0xfc build/stm32l4xx_nucleo.o
 .debug_frame   0x000006c4      0x6c8 build/stm32l4xx_hal_dfsdm.o
 .debug_frame   0x00000d8c      0x290 build/stm32l4xx_hal.o
 .debug_frame   0x0000101c      0xa28 build/stm32l4xx_hal_i2c.o
 .debug_frame   0x00001a44       0x80 build/stm32l4xx_hal_i2c_ex.o
 .debug_frame   0x00001ac4      0x1c0 build/stm32l4xx_hal_rcc.o
 .debug_frame   0x00001c84      0x23c build/stm32l4xx_hal_rcc_ex.o
 .debug_frame   0x00001ec0       0xe4 build/stm32l4xx_hal_gpio.o
 .debug_frame   0x00001fa4      0x128 build/stm32l4xx_hal_pwr.o
 .debug_frame   0x000020cc      0x27c build/stm32l4xx_hal_pwr_ex.o
 .debug_frame   0x00002348      0x16c build/stm32l4xx_hal_cortex.o
 .debug_frame   0x000024b4      0x464 build/stm32l4xx_hal_qspi.o
 .debug_frame   0x00002918      0xc0c build/stm32l4xx_hal_tim.o
 .debug_frame   0x00003524      0x4b8 build/stm32l4xx_hal_tim_ex.o
 .debug_frame   0x000039dc      0x658 build/stm32l4xx_hal_uart.o
 .debug_frame   0x00004034      0x3b4 build/stm32l4xx_hal_pcd.o
 .debug_frame   0x000043e8       0xc0 build/stm32l4xx_hal_pcd_ex.o
 .debug_frame   0x000044a8      0x4d8 build/stm32l4xx_ll_usb.o
 .debug_frame   0x00004980       0x30 build/system_stm32l4xx.o
 .debug_frame   0x000049b0       0x70 build/list.o
 .debug_frame   0x00004a20      0x4dc build/queue.o
 .debug_frame   0x00004efc      0x71c build/tasks.o
 .debug_frame   0x00005618      0x314 build/timers.o
 .debug_frame   0x0000592c      0x890 build/cmsis_os2.o
 .debug_frame   0x000061bc       0xbc build/heap_4.o
 .debug_frame   0x00006278      0x104 build/port.o
 .debug_frame   0x0000637c      0x438 build/hci_le.o
 .debug_frame   0x000067b4       0x9c build/hci_tl.o
 .debug_frame   0x00006850       0x30 build/hci_tl_interface.o
 .debug_frame   0x00006880      0x164 build/bluenrg_hal_aci.o
 .debug_frame   0x000069e4      0x610 build/bluenrg_gatt_aci.o
 .debug_frame   0x00006ff4      0x5cc build/bluenrg_gap_aci.o
 .debug_frame   0x000075c0       0x34 build/bluenrg_utils_small.o
 .debug_frame   0x000075f4       0x2c c:/program files (x86)/gnu tools arm embedded/6 2017-q2-update/bin/../lib/gcc/arm-none-eabi/6.3.1/../../../../arm-none-eabi/lib/thumb/v7e-m/fpv4-sp/hard\libc_nano.a(lib_a-init.o)
 .debug_frame   0x00007620       0x28 c:/program files (x86)/gnu tools arm embedded/6 2017-q2-update/bin/../lib/gcc/arm-none-eabi/6.3.1/../../../../arm-none-eabi/lib/thumb/v7e-m/fpv4-sp/hard\libc_nano.a(lib_a-memcpy-stub.o)
 .debug_frame   0x00007648       0x20 c:/program files (x86)/gnu tools arm embedded/6 2017-q2-update/bin/../lib/gcc/arm-none-eabi/6.3.1/../../../../arm-none-eabi/lib/thumb/v7e-m/fpv4-sp/hard\libc_nano.a(lib_a-memset.o)
 .debug_frame   0x00007668       0x2c c:/program files (x86)/gnu tools arm embedded/6 2017-q2-update/bin/../lib/gcc/arm-none-eabi/6.3.1/thumb/v7e-m/fpv4-sp/hard\libgcc.a(_aeabi_uldivmod.o)
 .debug_frame   0x00007694       0x34 c:/program files (x86)/gnu tools arm embedded/6 2017-q2-update/bin/../lib/gcc/arm-none-eabi/6.3.1/thumb/v7e-m/fpv4-sp/hard\libgcc.a(_udivmoddi4.o)

Cross Reference Table

Symbol                                            File
ADC1_2_IRQHandler                                 build/startup_stm32l475xx.o
ADC3_IRQHandler                                   build/startup_stm32l475xx.o
AHBPrescTable                                     build/system_stm32l4xx.o
                                                  build/stm32l4xx_hal_rcc.o
APBPrescTable                                     build/system_stm32l4xx.o
                                                  build/stm32l4xx_hal_rcc.o
BSP_COM_DeInit                                    build/stm32l4xx_nucleo.o
BSP_COM_Init                                      build/stm32l4xx_nucleo.o
                                                  build/app_x-cube-ble1.o
BSP_COM_SelectLogPort                             build/stm32l4xx_nucleo.o
BSP_GetVersion                                    build/stm32l4xx_nucleo.o
BusFault_Handler                                  build/stm32l4xx_it.o
CAN1_RX0_IRQHandler                               build/startup_stm32l475xx.o
CAN1_RX1_IRQHandler                               build/startup_stm32l475xx.o
CAN1_SCE_IRQHandler                               build/startup_stm32l475xx.o
CAN1_TX_IRQHandler                                build/startup_stm32l475xx.o
COMP_IRQHandler                                   build/startup_stm32l475xx.o
COM_USART                                         build/stm32l4xx_nucleo.o
DFSDM1_FLT0_IRQHandler                            build/startup_stm32l475xx.o
DFSDM1_FLT1_IRQHandler                            build/startup_stm32l475xx.o
DFSDM1_FLT2_IRQHandler                            build/startup_stm32l475xx.o
DFSDM1_FLT3_IRQHandler                            build/startup_stm32l475xx.o
DMA1_Channel1_IRQHandler                          build/startup_stm32l475xx.o
DMA1_Channel2_IRQHandler                          build/startup_stm32l475xx.o
DMA1_Channel3_IRQHandler                          build/startup_stm32l475xx.o
DMA1_Channel4_IRQHandler                          build/startup_stm32l475xx.o
DMA1_Channel5_IRQHandler                          build/startup_stm32l475xx.o
DMA1_Channel6_IRQHandler                          build/startup_stm32l475xx.o
DMA1_Channel7_IRQHandler                          build/startup_stm32l475xx.o
DMA2_Channel1_IRQHandler                          build/startup_stm32l475xx.o
DMA2_Channel2_IRQHandler                          build/startup_stm32l475xx.o
DMA2_Channel3_IRQHandler                          build/startup_stm32l475xx.o
DMA2_Channel4_IRQHandler                          build/startup_stm32l475xx.o
DMA2_Channel5_IRQHandler                          build/startup_stm32l475xx.o
DMA2_Channel6_IRQHandler                          build/startup_stm32l475xx.o
DMA2_Channel7_IRQHandler                          build/startup_stm32l475xx.o
DebugMon_Handler                                  build/stm32l4xx_it.o
Default_Handler                                   build/startup_stm32l475xx.o
EXTI0_IRQHandler                                  build/startup_stm32l475xx.o
EXTI15_10_IRQHandler                              build/stm32l4xx_it.o
EXTI1_IRQHandler                                  build/startup_stm32l475xx.o
EXTI2_IRQHandler                                  build/startup_stm32l475xx.o
EXTI3_IRQHandler                                  build/startup_stm32l475xx.o
EXTI4_IRQHandler                                  build/startup_stm32l475xx.o
EXTI9_5_IRQHandler                                build/stm32l4xx_it.o
EddystoneUID_Init                                 build/eddystone_beacon.o
EddystoneUID_Start                                build/eddystone_beacon.o
                                                  build/app_x-cube-ble1.o
EddystoneURL_Init                                 build/eddystone_beacon.o
EddystoneURL_Start                                build/eddystone_beacon.o
EnterStopMode                                     build/app_x-cube-ble1.o
Error_Handler                                     build/main.o
                                                  build/usb_otg.o
                                                  build/usart.o
                                                  build/quadspi.o
                                                  build/i2c.o
                                                  build/dfsdm.o
FLASH_FlushCaches                                 build/stm32l4xx_hal_flash_ex.o
                                                  build/stm32l4xx_hal_flash.o
FLASH_IRQHandler                                  build/startup_stm32l475xx.o
FLASH_PageErase                                   build/stm32l4xx_hal_flash_ex.o
                                                  build/stm32l4xx_hal_flash.o
FLASH_WaitForLastOperation                        build/stm32l4xx_hal_flash.o
                                                  build/stm32l4xx_hal_flash_ex.o
FMC_IRQHandler                                    build/startup_stm32l475xx.o
FPU_IRQHandler                                    build/startup_stm32l475xx.o
HAL_DBGMCU_DisableDBGSleepMode                    build/stm32l4xx_hal.o
HAL_DBGMCU_DisableDBGStandbyMode                  build/stm32l4xx_hal.o
HAL_DBGMCU_DisableDBGStopMode                     build/stm32l4xx_hal.o
HAL_DBGMCU_EnableDBGSleepMode                     build/stm32l4xx_hal.o
HAL_DBGMCU_EnableDBGStandbyMode                   build/stm32l4xx_hal.o
HAL_DBGMCU_EnableDBGStopMode                      build/stm32l4xx_hal.o
HAL_DFSDM_ChannelCkabCallback                     build/stm32l4xx_hal_dfsdm.o
HAL_DFSDM_ChannelCkabStart                        build/stm32l4xx_hal_dfsdm.o
HAL_DFSDM_ChannelCkabStart_IT                     build/stm32l4xx_hal_dfsdm.o
HAL_DFSDM_ChannelCkabStop                         build/stm32l4xx_hal_dfsdm.o
HAL_DFSDM_ChannelCkabStop_IT                      build/stm32l4xx_hal_dfsdm.o
HAL_DFSDM_ChannelDeInit                           build/stm32l4xx_hal_dfsdm.o
HAL_DFSDM_ChannelGetAwdValue                      build/stm32l4xx_hal_dfsdm.o
HAL_DFSDM_ChannelGetState                         build/stm32l4xx_hal_dfsdm.o
HAL_DFSDM_ChannelInit                             build/stm32l4xx_hal_dfsdm.o
                                                  build/dfsdm.o
HAL_DFSDM_ChannelModifyOffset                     build/stm32l4xx_hal_dfsdm.o
HAL_DFSDM_ChannelMspDeInit                        build/dfsdm.o
HAL_DFSDM_ChannelMspInit                          build/dfsdm.o
HAL_DFSDM_ChannelPollForCkab                      build/stm32l4xx_hal_dfsdm.o
HAL_DFSDM_ChannelPollForScd                       build/stm32l4xx_hal_dfsdm.o
HAL_DFSDM_ChannelScdCallback                      build/stm32l4xx_hal_dfsdm.o
HAL_DFSDM_ChannelScdStart                         build/stm32l4xx_hal_dfsdm.o
HAL_DFSDM_ChannelScdStart_IT                      build/stm32l4xx_hal_dfsdm.o
HAL_DFSDM_ChannelScdStop                          build/stm32l4xx_hal_dfsdm.o
HAL_DFSDM_ChannelScdStop_IT                       build/stm32l4xx_hal_dfsdm.o
HAL_DFSDM_FilterAwdCallback                       build/stm32l4xx_hal_dfsdm.o
HAL_DFSDM_FilterAwdStart_IT                       build/stm32l4xx_hal_dfsdm.o
HAL_DFSDM_FilterAwdStop_IT                        build/stm32l4xx_hal_dfsdm.o
HAL_DFSDM_FilterConfigInjChannel                  build/stm32l4xx_hal_dfsdm.o
HAL_DFSDM_FilterConfigRegChannel                  build/stm32l4xx_hal_dfsdm.o
HAL_DFSDM_FilterDeInit                            build/stm32l4xx_hal_dfsdm.o
HAL_DFSDM_FilterErrorCallback                     build/stm32l4xx_hal_dfsdm.o
HAL_DFSDM_FilterExdStart                          build/stm32l4xx_hal_dfsdm.o
HAL_DFSDM_FilterExdStop                           build/stm32l4xx_hal_dfsdm.o
HAL_DFSDM_FilterGetConvTimeValue                  build/stm32l4xx_hal_dfsdm.o
HAL_DFSDM_FilterGetError                          build/stm32l4xx_hal_dfsdm.o
HAL_DFSDM_FilterGetExdMaxValue                    build/stm32l4xx_hal_dfsdm.o
HAL_DFSDM_FilterGetExdMinValue                    build/stm32l4xx_hal_dfsdm.o
HAL_DFSDM_FilterGetInjectedValue                  build/stm32l4xx_hal_dfsdm.o
HAL_DFSDM_FilterGetRegularValue                   build/stm32l4xx_hal_dfsdm.o
HAL_DFSDM_FilterGetState                          build/stm32l4xx_hal_dfsdm.o