Archive member included to satisfy reference by file (symbol)

c:/program files (x86)/gnu tools arm embedded/6 2017-q2-update/bin/../lib/gcc/arm-none-eabi/6.3.1/../../../../arm-none-eabi/lib/thumb/v7e-m/fpv4-sp/hard\libc_nano.a(lib_a-exit.o)
                              c:/program files (x86)/gnu tools arm embedded/6 2017-q2-update/bin/../lib/gcc/arm-none-eabi/6.3.1/../../../../arm-none-eabi/lib/thumb/v7e-m/fpv4-sp/hard/crt0.o (exit)
c:/program files (x86)/gnu tools arm embedded/6 2017-q2-update/bin/../lib/gcc/arm-none-eabi/6.3.1/../../../../arm-none-eabi/lib/thumb/v7e-m/fpv4-sp/hard\libc_nano.a(lib_a-impure.o)
                              c:/program files (x86)/gnu tools arm embedded/6 2017-q2-update/bin/../lib/gcc/arm-none-eabi/6.3.1/../../../../arm-none-eabi/lib/thumb/v7e-m/fpv4-sp/hard\libc_nano.a(lib_a-exit.o) (_global_impure_ptr)
c:/program files (x86)/gnu tools arm embedded/6 2017-q2-update/bin/../lib/gcc/arm-none-eabi/6.3.1/../../../../arm-none-eabi/lib/thumb/v7e-m/fpv4-sp/hard\libc_nano.a(lib_a-init.o)
                              c:/program files (x86)/gnu tools arm embedded/6 2017-q2-update/bin/../lib/gcc/arm-none-eabi/6.3.1/../../../../arm-none-eabi/lib/thumb/v7e-m/fpv4-sp/hard/crt0.o (__libc_init_array)
c:/program files (x86)/gnu tools arm embedded/6 2017-q2-update/bin/../lib/gcc/arm-none-eabi/6.3.1/../../../../arm-none-eabi/lib/thumb/v7e-m/fpv4-sp/hard\libc_nano.a(lib_a-memcpy-stub.o)
                              build/queue.o (memcpy)
c:/program files (x86)/gnu tools arm embedded/6 2017-q2-update/bin/../lib/gcc/arm-none-eabi/6.3.1/../../../../arm-none-eabi/lib/thumb/v7e-m/fpv4-sp/hard\libc_nano.a(lib_a-memset.o)
                              c:/program files (x86)/gnu tools arm embedded/6 2017-q2-update/bin/../lib/gcc/arm-none-eabi/6.3.1/../../../../arm-none-eabi/lib/thumb/v7e-m/fpv4-sp/hard/crt0.o (memset)
c:/program files (x86)/gnu tools arm embedded/6 2017-q2-update/bin/../lib/gcc/arm-none-eabi/6.3.1/../../../../arm-none-eabi/lib/thumb/v7e-m/fpv4-sp/hard\libnosys.a(_exit.o)
                              c:/program files (x86)/gnu tools arm embedded/6 2017-q2-update/bin/../lib/gcc/arm-none-eabi/6.3.1/../../../../arm-none-eabi/lib/thumb/v7e-m/fpv4-sp/hard\libc_nano.a(lib_a-exit.o) (_exit)
c:/program files (x86)/gnu tools arm embedded/6 2017-q2-update/bin/../lib/gcc/arm-none-eabi/6.3.1/thumb/v7e-m/fpv4-sp/hard\libgcc.a(_aeabi_uldivmod.o)
                              build/stm32l4xx_hal_uart.o (__aeabi_uldivmod)
c:/program files (x86)/gnu tools arm embedded/6 2017-q2-update/bin/../lib/gcc/arm-none-eabi/6.3.1/thumb/v7e-m/fpv4-sp/hard\libgcc.a(_udivmoddi4.o)
                              c:/program files (x86)/gnu tools arm embedded/6 2017-q2-update/bin/../lib/gcc/arm-none-eabi/6.3.1/thumb/v7e-m/fpv4-sp/hard\libgcc.a(_aeabi_uldivmod.o) (__udivmoddi4)
c:/program files (x86)/gnu tools arm embedded/6 2017-q2-update/bin/../lib/gcc/arm-none-eabi/6.3.1/thumb/v7e-m/fpv4-sp/hard\libgcc.a(_dvmd_tls.o)
                              c:/program files (x86)/gnu tools arm embedded/6 2017-q2-update/bin/../lib/gcc/arm-none-eabi/6.3.1/thumb/v7e-m/fpv4-sp/hard\libgcc.a(_aeabi_uldivmod.o) (__aeabi_ldiv0)

Allocating common symbols
Common symbol       size              file

hdfsdm1_channel1    0x38              build/main.o
defaultTaskHandle   0x4               build/main.o
huart3              0x80              build/main.o
hpcd_USB_OTG_FS     0x408             build/main.o
hi2c2               0x4c              build/main.o
uwTick              0x4               build/stm32l4xx_hal.o
xQueueRegistry      0x40              build/queue.o
htim2               0x40              build/stm32l4xx_hal_timebase_tim.o
hqspi               0x44              build/main.o

Discarded input sections

 .text          0x00000000        0x0 c:/program files (x86)/gnu tools arm embedded/6 2017-q2-update/bin/../lib/gcc/arm-none-eabi/6.3.1/thumb/v7e-m/fpv4-sp/hard/crti.o
 .data          0x00000000        0x0 c:/program files (x86)/gnu tools arm embedded/6 2017-q2-update/bin/../lib/gcc/arm-none-eabi/6.3.1/thumb/v7e-m/fpv4-sp/hard/crti.o
 .bss           0x00000000        0x0 c:/program files (x86)/gnu tools arm embedded/6 2017-q2-update/bin/../lib/gcc/arm-none-eabi/6.3.1/thumb/v7e-m/fpv4-sp/hard/crti.o
 .data          0x00000000        0x4 c:/program files (x86)/gnu tools arm embedded/6 2017-q2-update/bin/../lib/gcc/arm-none-eabi/6.3.1/thumb/v7e-m/fpv4-sp/hard/crtbegin.o
 .text          0x00000000       0x74 c:/program files (x86)/gnu tools arm embedded/6 2017-q2-update/bin/../lib/gcc/arm-none-eabi/6.3.1/../../../../arm-none-eabi/lib/thumb/v7e-m/fpv4-sp/hard/crt0.o
 .data          0x00000000        0x0 c:/program files (x86)/gnu tools arm embedded/6 2017-q2-update/bin/../lib/gcc/arm-none-eabi/6.3.1/../../../../arm-none-eabi/lib/thumb/v7e-m/fpv4-sp/hard/crt0.o
[...]
Memory Configuration

Name             Origin             Length             Attributes
RAM              0x20000000         0x00018000         xrw
RAM2             0x10000000         0x00008000         xrw
FLASH            0x08000000         0x00100000         xr
*default*        0x00000000         0xffffffff

Linker script and memory map

LOAD c:/program files (x86)/gnu tools arm embedded/6 2017-q2-update/bin/../lib/gcc/arm-none-eabi/6.3.1/thumb/v7e-m/fpv4-sp/hard/crti.o
LOAD c:/program files (x86)/gnu tools arm embedded/6 2017-q2-update/bin/../lib/gcc/arm-none-eabi/6.3.1/thumb/v7e-m/fpv4-sp/hard/crtbegin.o
LOAD c:/program files (x86)/gnu tools arm embedded/6 2017-q2-update/bin/../lib/gcc/arm-none-eabi/6.3.1/../../../../arm-none-eabi/lib/thumb/v7e-m/fpv4-sp/hard/crt0.o
LOAD build/main.o
LOAD build/freertos.o
LOAD build/stm32l4xx_it.o
LOAD build/stm32l4xx_hal_msp.o
LOAD build/stm32l4xx_hal_timebase_tim.o
LOAD build/stm32l4xx_hal_dfsdm.o
LOAD build/stm32l4xx_hal.o
LOAD build/stm32l4xx_hal_i2c.o
LOAD build/stm32l4xx_hal_i2c_ex.o
LOAD build/stm32l4xx_hal_rcc.o
LOAD build/stm32l4xx_hal_rcc_ex.o
LOAD build/stm32l4xx_hal_flash.o
LOAD build/stm32l4xx_hal_flash_ex.o
LOAD build/stm32l4xx_hal_flash_ramfunc.o
LOAD build/stm32l4xx_hal_gpio.o
LOAD build/stm32l4xx_hal_dma.o
LOAD build/stm32l4xx_hal_dma_ex.o
LOAD build/stm32l4xx_hal_pwr.o
LOAD build/stm32l4xx_hal_pwr_ex.o
LOAD build/stm32l4xx_hal_cortex.o
LOAD build/stm32l4xx_hal_exti.o
LOAD build/stm32l4xx_hal_qspi.o
LOAD build/stm32l4xx_hal_tim.o
LOAD build/stm32l4xx_hal_tim_ex.o
LOAD build/stm32l4xx_hal_uart.o
LOAD build/stm32l4xx_hal_uart_ex.o
LOAD build/stm32l4xx_hal_pcd.o
LOAD build/stm32l4xx_hal_pcd_ex.o
LOAD build/stm32l4xx_ll_usb.o
LOAD build/system_stm32l4xx.o
LOAD build/croutine.o
LOAD build/event_groups.o
LOAD build/list.o
LOAD build/queue.o
LOAD build/stream_buffer.o
LOAD build/tasks.o
LOAD build/timers.o
LOAD build/cmsis_os2.o
LOAD build/heap_4.o
LOAD build/port.o
LOAD build/startup_stm32l475xx.o
LOAD c:/program files (x86)/gnu tools arm embedded/6 2017-q2-update/bin/../lib/gcc/arm-none-eabi/6.3.1/../../../../arm-none-eabi/lib/thumb/v7e-m/fpv4-sp/hard\libc_nano.a
LOAD c:/program files (x86)/gnu tools arm embedded/6 2017-q2-update/bin/../lib/gcc/arm-none-eabi/6.3.1/../../../../arm-none-eabi/lib/thumb/v7e-m/fpv4-sp/hard\libm.a
LOAD c:/program files (x86)/gnu tools arm embedded/6 2017-q2-update/bin/../lib/gcc/arm-none-eabi/6.3.1/../../../../arm-none-eabi/lib/thumb/v7e-m/fpv4-sp/hard\libnosys.a
START GROUP
LOAD c:/program files (x86)/gnu tools arm embedded/6 2017-q2-update/bin/../lib/gcc/arm-none-eabi/6.3.1/thumb/v7e-m/fpv4-sp/hard\libgcc.a
LOAD c:/program files (x86)/gnu tools arm embedded/6 2017-q2-update/bin/../lib/gcc/arm-none-eabi/6.3.1/../../../../arm-none-eabi/lib/thumb/v7e-m/fpv4-sp/hard\libc_nano.a
END GROUP
START GROUP
LOAD c:/program files (x86)/gnu tools arm embedded/6 2017-q2-update/bin/../lib/gcc/arm-none-eabi/6.3.1/thumb/v7e-m/fpv4-sp/hard\libgcc.a
LOAD c:/program files (x86)/gnu tools arm embedded/6 2017-q2-update/bin/../lib/gcc/arm-none-eabi/6.3.1/../../../../arm-none-eabi/lib/thumb/v7e-m/fpv4-sp/hard\libc_nano.a
END GROUP
LOAD c:/program files (x86)/gnu tools arm embedded/6 2017-q2-update/bin/../lib/gcc/arm-none-eabi/6.3.1/thumb/v7e-m/fpv4-sp/hard/crtend.o
LOAD c:/program files (x86)/gnu tools arm embedded/6 2017-q2-update/bin/../lib/gcc/arm-none-eabi/6.3.1/thumb/v7e-m/fpv4-sp/hard/crtn.o
                0x20018000                _estack = 0x20018000
                0x00000200                _Min_Heap_Size = 0x200
                0x00000400                _Min_Stack_Size = 0x400

.isr_vector     0x08000000      0x188
                0x08000000                . = ALIGN (0x8)
 *(.isr_vector)
 .isr_vector    0x08000000      0x188 build/startup_stm32l475xx.o
                0x08000000                g_pfnVectors
                0x08000188                . = ALIGN (0x8)

.text           0x08000190     0x4f80
                0x08000190                . = ALIGN (0x8)
 *(.text)
 .text          0x08000190       0x6c c:/program files (x86)/gnu tools arm embedded/6 2017-q2-update/bin/../lib/gcc/arm-none-eabi/6.3.1/thumb/v7e-m/fpv4-sp/hard/crtbegin.o
 .text          0x080001fc       0x30 c:/program files (x86)/gnu tools arm embedded/6 2017-q2-update/bin/../lib/gcc/arm-none-eabi/6.3.1/thumb/v7e-m/fpv4-sp/hard\libgcc.a(_aeabi_uldivmod.o)
                0x080001fc                __aeabi_uldivmod
 .text          0x0800022c      0x2dc c:/program files (x86)/gnu tools arm embedded/6 2017-q2-update/bin/../lib/gcc/arm-none-eabi/6.3.1/thumb/v7e-m/fpv4-sp/hard\libgcc.a(_udivmoddi4.o)
                0x0800022c                __udivmoddi4
 .text          0x08000508        0x4 c:/program files (x86)/gnu tools arm embedded/6 2017-q2-update/bin/../lib/gcc/arm-none-eabi/6.3.1/thumb/v7e-m/fpv4-sp/hard\libgcc.a(_dvmd_tls.o)
                0x08000508                __aeabi_idiv0
                0x08000508                __aeabi_ldiv0
 *(.text*)
 .text.MX_GPIO_Init
                0x0800050c      0x314 build/main.o
 .text.MX_DFSDM1_Init
                0x08000820       0x3c build/main.o
 .text.MX_I2C2_Init
                0x0800085c       0x44 build/main.o
 .text.MX_QUADSPI_Init
                0x080008a0       0x28 build/main.o
 .text.MX_USART3_UART_Init
                0x080008c8       0x30 build/main.o
 .text.MX_USB_OTG_FS_PCD_Init
                0x080008f8       0x2c build/main.o
 .text.StartDefaultTask
                0x08000924        0xe build/main.o
                0x08000924                StartDefaultTask
 *fill*         0x08000932        0x2 
 .text.SystemClock_Config
                0x08000934       0xb8 build/main.o
                0x08000934                SystemClock_Config
 .text.main     0x080009ec       0x60 build/main.o
                0x080009ec                main
 .text.HAL_TIM_PeriodElapsedCallback
                0x08000a4c       0x12 build/main.o
                0x08000a4c                HAL_TIM_PeriodElapsedCallback
 .text.NMI_Handler
                0x08000a5e        0x2 build/stm32l4xx_it.o
                0x08000a5e                NMI_Handler
 .text.HardFault_Handler
                0x08000a60        0x2 build/stm32l4xx_it.o
                0x08000a60                HardFault_Handler
 .text.MemManage_Handler
                0x08000a62        0x2 build/stm32l4xx_it.o
                0x08000a62                MemManage_Handler
 .text.BusFault_Handler
                0x08000a64        0x2 build/stm32l4xx_it.o
                0x08000a64                BusFault_Handler
 .text.UsageFault_Handler
                0x08000a66        0x2 build/stm32l4xx_it.o
                0x08000a66                UsageFault_Handler
 .text.DebugMon_Handler
                0x08000a68        0x2 build/stm32l4xx_it.o
                0x08000a68                DebugMon_Handler
 .text.EXTI9_5_IRQHandler
                0x08000a6a       0x1e build/stm32l4xx_it.o
                0x08000a6a                EXTI9_5_IRQHandler
 .text.TIM2_IRQHandler
                0x08000a88       0x10 build/stm32l4xx_it.o
                0x08000a88                TIM2_IRQHandler
 .text.EXTI15_10_IRQHandler
                0x08000a98       0x2c build/stm32l4xx_it.o
                0x08000a98                EXTI15_10_IRQHandler
 .text.HAL_MspInit
                0x08000ac4       0x40 build/stm32l4xx_hal_msp.o
                0x08000ac4                HAL_MspInit
 .text.HAL_DFSDM_ChannelMspInit
                0x08000b04       0x68 build/stm32l4xx_hal_msp.o
                0x08000b04                HAL_DFSDM_ChannelMspInit
 .text.HAL_I2C_MspInit
                0x08000b6c       0x70 build/stm32l4xx_hal_msp.o
                0x08000b6c                HAL_I2C_MspInit
 .text.HAL_QSPI_MspInit
                0x08000bdc       0x70 build/stm32l4xx_hal_msp.o
                0x08000bdc                HAL_QSPI_MspInit
 .text.HAL_UART_MspInit
                0x08000c4c       0x6c build/stm32l4xx_hal_msp.o
                0x08000c4c                HAL_UART_MspInit
 .text.HAL_PCD_MspInit
                0x08000cb8       0xa8 build/stm32l4xx_hal_msp.o
                0x08000cb8                HAL_PCD_MspInit
 .text.HAL_InitTick
                0x08000d60       0x78 build/stm32l4xx_hal_timebase_tim.o
                0x08000d60                HAL_InitTick
 .text.DFSDM_GetChannelFromInstance
                0x08000dd8       0x58 build/stm32l4xx_hal_dfsdm.o
 .text.HAL_DFSDM_ChannelInit
                0x08000e30      0x108 build/stm32l4xx_hal_dfsdm.o
                0x08000e30                HAL_DFSDM_ChannelInit
 .text.HAL_Init
                0x08000f38       0x1e build/stm32l4xx_hal.o
                0x08000f38                HAL_Init
 *fill*         0x08000f56        0x2 
 .text.HAL_IncTick
                0x08000f58       0x18 build/stm32l4xx_hal.o
                0x08000f58                HAL_IncTick
 .text.HAL_GetTick
                0x08000f70        0xc build/stm32l4xx_hal.o
                0x08000f70                HAL_GetTick
 .text.HAL_Delay
                0x08000f7c       0x28 build/stm32l4xx_hal.o
                0x08000f7c                HAL_Delay
 .text.HAL_I2C_Init
                0x08000fa4       0xbc build/stm32l4xx_hal_i2c.o
                0x08000fa4                HAL_I2C_Init
 .text.HAL_I2CEx_ConfigAnalogFilter
                0x08001060       0x5c build/stm32l4xx_hal_i2c_ex.o
                0x08001060                HAL_I2CEx_ConfigAnalogFilter
 .text.HAL_I2CEx_ConfigDigitalFilter
                0x080010bc       0x58 build/stm32l4xx_hal_i2c_ex.o
                0x080010bc                HAL_I2CEx_ConfigDigitalFilter
 .text.RCC_SetFlashLatencyFromMSIRange
                0x08001114       0x90 build/stm32l4xx_hal_rcc.o
 .text.HAL_RCC_GetSysClockFreq
                0x080011a4       0xb4 build/stm32l4xx_hal_rcc.o
                0x080011a4                HAL_RCC_GetSysClockFreq
 .text.HAL_RCC_OscConfig
                0x08001258      0x5d8 build/stm32l4xx_hal_rcc.o
                0x08001258                HAL_RCC_OscConfig
 .text.HAL_RCC_ClockConfig
                0x08001830      0x158 build/stm32l4xx_hal_rcc.o
                0x08001830                HAL_RCC_ClockConfig
 .text.HAL_RCC_GetHCLKFreq
                0x08001988        0xc build/stm32l4xx_hal_rcc.o
                0x08001988                HAL_RCC_GetHCLKFreq
 .text.HAL_RCC_GetPCLK1Freq
                0x08001994       0x24 build/stm32l4xx_hal_rcc.o
                0x08001994                HAL_RCC_GetPCLK1Freq
 .text.HAL_RCC_GetPCLK2Freq
                0x080019b8       0x24 build/stm32l4xx_hal_rcc.o
                0x080019b8                HAL_RCC_GetPCLK2Freq
 .text.HAL_RCC_GetClockConfig
                0x080019dc       0x3c build/stm32l4xx_hal_rcc.o
                0x080019dc                HAL_RCC_GetClockConfig
 .text.RCCEx_PLLSAI1_Config
                0x08001a18      0x180 build/stm32l4xx_hal_rcc_ex.o
 .text.RCCEx_PLLSAI2_Config
                0x08001b98      0x15c build/stm32l4xx_hal_rcc_ex.o
 .text.HAL_RCCEx_PeriphCLKConfig
                0x08001cf4      0x458 build/stm32l4xx_hal_rcc_ex.o
                0x08001cf4                HAL_RCCEx_PeriphCLKConfig
 .text.HAL_RCCEx_EnableMSIPLLMode
                0x0800214c       0x10 build/stm32l4xx_hal_rcc_ex.o
                0x0800214c                HAL_RCCEx_EnableMSIPLLMode
 .text.HAL_GPIO_Init
                0x0800215c      0x1d4 build/stm32l4xx_hal_gpio.o
                0x0800215c                HAL_GPIO_Init
 .text.HAL_GPIO_WritePin
                0x08002330        0xa build/stm32l4xx_hal_gpio.o
                0x08002330                HAL_GPIO_WritePin
 .text.HAL_GPIO_EXTI_Callback
                0x0800233a        0x2 build/stm32l4xx_hal_gpio.o
                0x0800233a                HAL_GPIO_EXTI_Callback
 .text.HAL_GPIO_EXTI_IRQHandler
                0x0800233c       0x1c build/stm32l4xx_hal_gpio.o
                0x0800233c                HAL_GPIO_EXTI_IRQHandler
 .text.HAL_PWR_EnableBkUpAccess
                0x08002358       0x10 build/stm32l4xx_hal_pwr.o
                0x08002358                HAL_PWR_EnableBkUpAccess
 .text.HAL_PWREx_GetVoltageRange
                0x08002368       0x10 build/stm32l4xx_hal_pwr_ex.o
                0x08002368                HAL_PWREx_GetVoltageRange
 .text.HAL_PWREx_ControlVoltageScaling
                0x08002378       0x90 build/stm32l4xx_hal_pwr_ex.o
                0x08002378                HAL_PWREx_ControlVoltageScaling
 .text.HAL_PWREx_EnableVddUSB
                0x08002408       0x10 build/stm32l4xx_hal_pwr_ex.o
                0x08002408                HAL_PWREx_EnableVddUSB
 .text.HAL_NVIC_SetPriorityGrouping
                0x08002418       0x24 build/stm32l4xx_hal_cortex.o
                0x08002418                HAL_NVIC_SetPriorityGrouping
 .text.HAL_NVIC_SetPriority
                0x0800243c       0x64 build/stm32l4xx_hal_cortex.o
                0x0800243c                HAL_NVIC_SetPriority
 .text.HAL_NVIC_EnableIRQ
                0x080024a0       0x1c build/stm32l4xx_hal_cortex.o
                0x080024a0                HAL_NVIC_EnableIRQ
 .text.QSPI_WaitFlagStateUntilTimeout
                0x080024bc       0x4e build/stm32l4xx_hal_qspi.o
 .text.HAL_QSPI_SetTimeout
                0x0800250a        0x4 build/stm32l4xx_hal_qspi.o
                0x0800250a                HAL_QSPI_SetTimeout
 *fill*         0x0800250e        0x2 
 .text.HAL_QSPI_Init
                0x08002510       0xc0 build/stm32l4xx_hal_qspi.o
                0x08002510                HAL_QSPI_Init
 .text.HAL_TIM_Base_MspInit
                0x080025d0        0x2 build/stm32l4xx_hal_tim.o
                0x080025d0                HAL_TIM_Base_MspInit
 *fill*         0x080025d2        0x2 
 .text.HAL_TIM_Base_Start_IT
                0x080025d4       0x2c build/stm32l4xx_hal_tim.o
                0x080025d4                HAL_TIM_Base_Start_IT
 .text.HAL_TIM_OC_DelayElapsedCallback
                0x08002600        0x2 build/stm32l4xx_hal_tim.o
                0x08002600                HAL_TIM_OC_DelayElapsedCallback
 .text.HAL_TIM_IC_CaptureCallback
                0x08002602        0x2 build/stm32l4xx_hal_tim.o
                0x08002602                HAL_TIM_IC_CaptureCallback
 .text.HAL_TIM_PWM_PulseFinishedCallback
                0x08002604        0x2 build/stm32l4xx_hal_tim.o
                0x08002604                HAL_TIM_PWM_PulseFinishedCallback
 .text.HAL_TIM_TriggerCallback
                0x08002606        0x2 build/stm32l4xx_hal_tim.o
                0x08002606                HAL_TIM_TriggerCallback
 .text.HAL_TIM_IRQHandler
                0x08002608      0x19a build/stm32l4xx_hal_tim.o
                0x08002608                HAL_TIM_IRQHandler
 *fill*         0x080027a2        0x2 
 .text.TIM_Base_SetConfig
                0x080027a4       0xc8 build/stm32l4xx_hal_tim.o
                0x080027a4                TIM_Base_SetConfig
 .text.HAL_TIM_Base_Init
                0x0800286c       0x32 build/stm32l4xx_hal_tim.o
                0x0800286c                HAL_TIM_Base_Init
 .text.HAL_TIMEx_CommutCallback
                0x0800289e        0x2 build/stm32l4xx_hal_tim_ex.o
                0x0800289e                HAL_TIMEx_CommutCallback
 .text.HAL_TIMEx_BreakCallback
                0x080028a0        0x2 build/stm32l4xx_hal_tim_ex.o
                0x080028a0                HAL_TIMEx_BreakCallback
 .text.HAL_TIMEx_Break2Callback
                0x080028a2        0x2 build/stm32l4xx_hal_tim_ex.o
                0x080028a2                HAL_TIMEx_Break2Callback
 .text.UART_SetConfig
                0x080028a4      0x410 build/stm32l4xx_hal_uart.o
                0x080028a4                UART_SetConfig
 .text.UART_AdvFeatureConfig
                0x08002cb4       0xca build/stm32l4xx_hal_uart.o
                0x08002cb4                UART_AdvFeatureConfig
 .text.UART_WaitOnFlagUntilTimeout
                0x08002d7e       0x62 build/stm32l4xx_hal_uart.o
                0x08002d7e                UART_WaitOnFlagUntilTimeout
 .text.UART_CheckIdleState
                0x08002de0       0x6c build/stm32l4xx_hal_uart.o
                0x08002de0                UART_CheckIdleState
 .text.HAL_UART_Init
                0x08002e4c       0x64 build/stm32l4xx_hal_uart.o
                0x08002e4c                HAL_UART_Init
 .text.HAL_PCD_Init
                0x08002eb0      0x130 build/stm32l4xx_hal_pcd.o
                0x08002eb0                HAL_PCD_Init
 .text.HAL_PCDEx_ActivateLPM
                0x08002fe0       0x26 build/stm32l4xx_hal_pcd_ex.o
                0x08002fe0                HAL_PCDEx_ActivateLPM
 *fill*         0x08003006        0x2 
 .text.USB_CoreReset
                0x08003008       0x3c build/stm32l4xx_ll_usb.o
 .text.USB_CoreInit
                0x08003044       0x72 build/stm32l4xx_ll_usb.o
                0x08003044                USB_CoreInit
 .text.USB_DisableGlobalInt
                0x080030b6        0xc build/stm32l4xx_ll_usb.o
                0x080030b6                USB_DisableGlobalInt
 .text.USB_SetCurrentMode
                0x080030c2       0x30 build/stm32l4xx_ll_usb.o
                0x080030c2                USB_SetCurrentMode
 *fill*         0x080030f2        0x2 
 .text.USB_FlushTxFifo
                0x080030f4       0x28 build/stm32l4xx_ll_usb.o
                0x080030f4                USB_FlushTxFifo
 .text.USB_FlushRxFifo
                0x0800311c       0x24 build/stm32l4xx_ll_usb.o
                0x0800311c                USB_FlushRxFifo
 .text.USB_SetDevSpeed
                0x08003140        0xe build/stm32l4xx_ll_usb.o
                0x08003140                USB_SetDevSpeed
 *fill*         0x0800314e        0x2 
 .text.USB_DevInit
                0x08003150      0x15c build/stm32l4xx_ll_usb.o
                0x08003150                USB_DevInit
 .text.USB_DevDisconnect
                0x080032ac       0x18 build/stm32l4xx_ll_usb.o
                0x080032ac                USB_DevDisconnect
 .text.SystemInit
                0x080032c4       0x48 build/system_stm32l4xx.o
                0x080032c4                SystemInit
 .text.vListInitialise
                0x0800330c       0x16 build/list.o
                0x0800330c                vListInitialise
 .text.vListInitialiseItem
                0x08003322        0x6 build/list.o
                0x08003322                vListInitialiseItem
 .text.vListInsertEnd
                0x08003328       0x18 build/list.o
                0x08003328                vListInsertEnd
 .text.vListInsert
                0x08003340       0x34 build/list.o
                0x08003340                vListInsert
 .text.uxListRemove
                0x08003374       0x28 build/list.o
                0x08003374                uxListRemove
 .text.prvIsQueueFull
                0x0800339c       0x1e build/queue.o
 .text.prvIsQueueEmpty
                0x080033ba       0x1a build/queue.o
 .text.prvCopyDataToQueue
                0x080033d4       0x76 build/queue.o
 .text.prvCopyDataFromQueue
                0x0800344a       0x24 build/queue.o
 .text.prvUnlockQueue
                0x0800346e       0x6e build/queue.o
 .text.xQueueGenericReset
                0x080034dc       0x80 build/queue.o
                0x080034dc                xQueueGenericReset
 .text.prvInitialiseNewQueue
                0x0800355c       0x22 build/queue.o
 .text.xQueueGenericCreateStatic
                0x0800357e       0xa0 build/queue.o
                0x0800357e                xQueueGenericCreateStatic
 *fill*         0x0800361e        0x2 
 .text.xQueueGenericSend
                0x08003620      0x188 build/queue.o
                0x08003620                xQueueGenericSend
 .text.xQueueGenericSendFromISR
                0x080037a8       0xde build/queue.o
                0x080037a8                xQueueGenericSendFromISR
 *fill*         0x08003886        0x2 
 .text.xQueueReceive
                0x08003888      0x15c build/queue.o
                0x08003888                xQueueReceive
 .text.vQueueAddToRegistry
                0x080039e4       0x28 build/queue.o
                0x080039e4                vQueueAddToRegistry
 .text.vQueueWaitForMessageRestricted
                0x08003a0c       0x52 build/queue.o
                0x08003a0c                vQueueWaitForMessageRestricted
 *fill*         0x08003a5e        0x2 
 .text.prvResetNextTaskUnblockTime
                0x08003a60       0x34 build/tasks.o
 .text.prvInitialiseNewTask
                0x08003a94       0x90 build/tasks.o
 .text.prvInitialiseTaskLists
                0x08003b24       0x68 build/tasks.o
 .text.prvAddNewTaskToReadyList
                0x08003b8c       0xac build/tasks.o
 .text.prvDeleteTCB
                0x08003c38       0x3a build/tasks.o
 *fill*         0x08003c72        0x2 
 .text.prvCheckTasksWaitingTermination
                0x08003c74       0x4c build/tasks.o
 .text.prvIdleTask
                0x08003cc0       0x28 build/tasks.o
 .text.prvAddCurrentTaskToDelayedList
                0x08003ce8       0x7c build/tasks.o
 .text.xTaskCreateStatic
                0x08003d64       0x72 build/tasks.o
                0x08003d64                xTaskCreateStatic
 .text.xTaskCreate
                0x08003dd6       0x66 build/tasks.o
                0x08003dd6                xTaskCreate
 .text.vTaskStartScheduler
                0x08003e3c       0x9c build/tasks.o
                0x08003e3c                vTaskStartScheduler
 .text.vTaskSuspendAll
                0x08003ed8       0x10 build/tasks.o
                0x08003ed8                vTaskSuspendAll
 .text.xTaskGetTickCount
                0x08003ee8        0xc build/tasks.o
                0x08003ee8                xTaskGetTickCount
 .text.xTaskIncrementTick
                0x08003ef4      0x120 build/tasks.o
                0x08003ef4                xTaskIncrementTick
 .text.xTaskResumeAll
                0x08004014       0xfc build/tasks.o
                0x08004014                xTaskResumeAll
 .text.vTaskDelay
                0x08004110       0x50 build/tasks.o
                0x08004110                vTaskDelay
 .text.vTaskSwitchContext
                0x08004160       0x9c build/tasks.o
                0x08004160                vTaskSwitchContext
 .text.vTaskPlaceOnEventList
                0x080041fc       0x30 build/tasks.o
                0x080041fc                vTaskPlaceOnEventList
 .text.vTaskPlaceOnEventListRestricted
                0x0800422c       0x38 build/tasks.o
                0x0800422c                vTaskPlaceOnEventListRestricted
 .text.xTaskRemoveFromEventList
                0x08004264       0x8c build/tasks.o
                0x08004264                xTaskRemoveFromEventList
 .text.vTaskInternalSetTimeOutState
                0x080042f0       0x18 build/tasks.o
                0x080042f0                vTaskInternalSetTimeOutState
 .text.xTaskCheckForTimeOut
                0x08004308       0x80 build/tasks.o
                0x08004308                xTaskCheckForTimeOut
 .text.vTaskMissedYield
                0x08004388        0xc build/tasks.o
                0x08004388                vTaskMissedYield
 .text.xTaskGetSchedulerState
                0x08004394       0x20 build/tasks.o
                0x08004394                xTaskGetSchedulerState
 .text.xTaskPriorityDisinherit
                0x080043b4       0x90 build/tasks.o
                0x080043b4                xTaskPriorityDisinherit
 .text.prvGetNextExpireTime
                0x08004444       0x20 build/timers.o
 .text.prvInsertTimerInActiveList
                0x08004464       0x48 build/timers.o
 .text.prvCheckForValidListAndQueue
                0x080044ac       0x70 build/timers.o
 .text.xTimerCreateTimerTask
                0x0800451c       0x70 build/timers.o
                0x0800451c                xTimerCreateTimerTask
 .text.xTimerGenericCommand
                0x0800458c       0x6c build/timers.o
                0x0800458c                xTimerGenericCommand
 .text.prvSwitchTimerLists
                0x080045f8       0x78 build/timers.o
 .text.prvSampleTimeNow
                0x08004670       0x2c build/timers.o
 .text.prvProcessExpiredTimer
                0x0800469c       0x60 build/timers.o
 .text.prvProcessTimerOrBlockTask
                0x080046fc       0x74 build/timers.o
 .text.prvProcessReceivedCommands
                0x08004770       0xfc build/timers.o
 .text.prvTimerTask
                0x0800486c       0x16 build/timers.o
 *fill*         0x08004882        0x2 
 .text.osKernelInitialize
                0x08004884       0x44 build/cmsis_os2.o
                0x08004884                osKernelInitialize
 .text.osKernelStart
                0x080048c8       0x4c build/cmsis_os2.o
                0x080048c8                osKernelStart
 .text.osThreadNew
                0x08004914       0xec build/cmsis_os2.o
                0x08004914                osThreadNew
 .text.osDelay  0x08004a00       0x44 build/cmsis_os2.o
                0x08004a00                osDelay
 .text.vApplicationGetIdleTaskMemory
                0x08004a44       0x18 build/cmsis_os2.o
                0x08004a44                vApplicationGetIdleTaskMemory
 .text.vApplicationGetTimerTaskMemory
                0x08004a5c       0x18 build/cmsis_os2.o
                0x08004a5c                vApplicationGetTimerTaskMemory
 .text.prvHeapInit
                0x08004a74       0x68 build/heap_4.o
 .text.prvInsertBlockIntoFreeList
                0x08004adc       0x58 build/heap_4.o
 .text.pvPortMalloc
                0x08004b34      0x108 build/heap_4.o
                0x08004b34                pvPortMalloc
 .text.vPortFree
                0x08004c3c       0x70 build/heap_4.o
                0x08004c3c                vPortFree
 .text.prvTaskExitError
                0x08004cac       0x40 build/port.o
 .text.prvPortStartFirstTask
                0x08004cec       0x28 build/port.o
 .text.vPortEnableVFP
                0x08004d14       0x14 build/port.o
 .text.pxPortInitialiseStack
                0x08004d28       0x2c build/port.o
                0x08004d28                pxPortInitialiseStack
 *fill*         0x08004d54        0xc 
 .text.SVC_Handler
                0x08004d60       0x24 build/port.o
                0x08004d60                SVC_Handler
 .text.vPortEnterCritical
                0x08004d84       0x44 build/port.o
                0x08004d84                vPortEnterCritical
 .text.vPortExitCritical
                0x08004dc8       0x2c build/port.o
                0x08004dc8                vPortExitCritical
 *fill*         0x08004df4        0xc 
 .text.PendSV_Handler
                0x08004e00       0x64 build/port.o
                0x08004e00                PendSV_Handler
 .text.SysTick_Handler
                0x08004e64       0x2c build/port.o
                0x08004e64                SysTick_Handler
 .text.vPortSetupTimerInterrupt
                0x08004e90       0x38 build/port.o
                0x08004e90                vPortSetupTimerInterrupt
 .text.xPortStartScheduler
                0x08004ec8      0x110 build/port.o
                0x08004ec8                xPortStartScheduler
 .text.vPortValidateInterruptPriority
                0x08004fd8       0x5c build/port.o
                0x08004fd8                vPortValidateInterruptPriority
 .text.Reset_Handler
                0x08005034       0x50 build/startup_stm32l475xx.o
                0x08005034                Reset_Handler
 .text.Default_Handler
                0x08005084        0x2 build/startup_stm32l475xx.o
                0x08005084                RTC_Alarm_IRQHandler
                0x08005084                EXTI2_IRQHandler
                0x08005084                TIM8_TRG_COM_IRQHandler
                0x08005084                TIM8_CC_IRQHandler
                0x08005084                TIM1_CC_IRQHandler
                0x08005084                TSC_IRQHandler
                0x08005084                TAMP_STAMP_IRQHandler
                0x08005084                EXTI3_IRQHandler
                0x08005084                LPTIM2_IRQHandler
                0x08005084                DFSDM1_FLT1_IRQHandler
                0x08005084                I2C3_ER_IRQHandler
                0x08005084                DFSDM1_FLT2_IRQHandler
                0x08005084                EXTI0_IRQHandler
                0x08005084                I2C2_EV_IRQHandler
                0x08005084                CAN1_RX0_IRQHandler
                0x08005084                FPU_IRQHandler
                0x08005084                TIM1_UP_TIM16_IRQHandler
                0x08005084                ADC1_2_IRQHandler
                0x08005084                SPI1_IRQHandler
                0x08005084                TIM6_DAC_IRQHandler
                0x08005084                TIM8_UP_IRQHandler
                0x08005084                DMA2_Channel2_IRQHandler
                0x08005084                DMA1_Channel4_IRQHandler
                0x08005084                SAI2_IRQHandler
                0x08005084                DFSDM1_FLT3_IRQHandler
                0x08005084                USART3_IRQHandler
                0x08005084                DMA1_Channel7_IRQHandler
                0x08005084                CAN1_RX1_IRQHandler
                0x08005084                UART5_IRQHandler
                0x08005084                ADC3_IRQHandler
                0x08005084                TIM4_IRQHandler
                0x08005084                DMA2_Channel1_IRQHandler
                0x08005084                QUADSPI_IRQHandler
                0x08005084                I2C1_EV_IRQHandler
                0x08005084                DMA1_Channel6_IRQHandler
                0x08005084                UART4_IRQHandler
                0x08005084                DMA2_Channel4_IRQHandler
                0x08005084                TIM3_IRQHandler
                0x08005084                RCC_IRQHandler
                0x08005084                DMA1_Channel1_IRQHandler
                0x08005084                Default_Handler
                0x08005084                DMA2_Channel7_IRQHandler
                0x08005084                TIM7_IRQHandler
                0x08005084                SDMMC1_IRQHandler
                0x08005084                TIM5_IRQHandler
                0x08005084                I2C3_EV_IRQHandler
                0x08005084                RTC_WKUP_IRQHandler
                0x08005084                PVD_PVM_IRQHandler
                0x08005084                SPI2_IRQHandler
                0x08005084                CAN1_TX_IRQHandler
                0x08005084                DMA2_Channel5_IRQHandler
                0x08005084                DMA1_Channel5_IRQHandler
                0x08005084                EXTI4_IRQHandler
                0x08005084                RNG_IRQHandler
                0x08005084                TIM1_TRG_COM_TIM17_IRQHandler
                0x08005084                DMA1_Channel3_IRQHandler
                0x08005084                COMP_IRQHandler
                0x08005084                WWDG_IRQHandler
                0x08005084                LPUART1_IRQHandler
                0x08005084                DMA2_Channel6_IRQHandler
                0x08005084                EXTI1_IRQHandler
                0x08005084                USART2_IRQHandler
                0x08005084                DFSDM1_FLT0_IRQHandler
                0x08005084                I2C2_ER_IRQHandler
                0x08005084                DMA1_Channel2_IRQHandler
                0x08005084                TIM8_BRK_IRQHandler
                0x08005084                CAN1_SCE_IRQHandler
                0x08005084                FLASH_IRQHandler
                0x08005084                USART1_IRQHandler
                0x08005084                OTG_FS_IRQHandler
                0x08005084                SPI3_IRQHandler
                0x08005084                I2C1_ER_IRQHandler
                0x08005084                FMC_IRQHandler
                0x08005084                SWPMI1_IRQHandler
                0x08005084                LPTIM1_IRQHandler
                0x08005084                SAI1_IRQHandler
                0x08005084                DMA2_Channel3_IRQHandler
                0x08005084                TIM1_BRK_TIM15_IRQHandler
 *fill*         0x08005086        0x2 
 .text.__libc_init_array
                0x08005088       0x48 c:/program files (x86)/gnu tools arm embedded/6 2017-q2-update/bin/../lib/gcc/arm-none-eabi/6.3.1/../../../../arm-none-eabi/lib/thumb/v7e-m/fpv4-sp/hard\libc_nano.a(lib_a-init.o)
                0x08005088                __libc_init_array
 .text.memcpy   0x080050d0       0x16 c:/program files (x86)/gnu tools arm embedded/6 2017-q2-update/bin/../lib/gcc/arm-none-eabi/6.3.1/../../../../arm-none-eabi/lib/thumb/v7e-m/fpv4-sp/hard\libc_nano.a(lib_a-memcpy-stub.o)
                0x080050d0                memcpy
 .text.memset   0x080050e6       0x10 c:/program files (x86)/gnu tools arm embedded/6 2017-q2-update/bin/../lib/gcc/arm-none-eabi/6.3.1/../../../../arm-none-eabi/lib/thumb/v7e-m/fpv4-sp/hard\libc_nano.a(lib_a-memset.o)
                0x080050e6                memset
 *(.glue_7)
 .glue_7        0x080050f6        0x0 linker stubs
 *(.glue_7t)
 .glue_7t       0x080050f6        0x0 linker stubs
 *(.eh_frame)
 *fill*         0x080050f6        0x2 
 .eh_frame      0x080050f8        0x0 c:/program files (x86)/gnu tools arm embedded/6 2017-q2-update/bin/../lib/gcc/arm-none-eabi/6.3.1/thumb/v7e-m/fpv4-sp/hard/crtbegin.o
 *(.init)
 .init          0x080050f8        0x4 c:/program files (x86)/gnu tools arm embedded/6 2017-q2-update/bin/../lib/gcc/arm-none-eabi/6.3.1/thumb/v7e-m/fpv4-sp/hard/crti.o
                0x080050f8                _init
 .init          0x080050fc        0x8 c:/program files (x86)/gnu tools arm embedded/6 2017-q2-update/bin/../lib/gcc/arm-none-eabi/6.3.1/thumb/v7e-m/fpv4-sp/hard/crtn.o
 *(.fini)
 .fini          0x08005104        0x4 c:/program files (x86)/gnu tools arm embedded/6 2017-q2-update/bin/../lib/gcc/arm-none-eabi/6.3.1/thumb/v7e-m/fpv4-sp/hard/crti.o
                0x08005104                _fini
 .fini          0x08005108        0x8 c:/program files (x86)/gnu tools arm embedded/6 2017-q2-update/bin/../lib/gcc/arm-none-eabi/6.3.1/thumb/v7e-m/fpv4-sp/hard/crtn.o
                0x08005110                . = ALIGN (0x8)
                0x08005110                _etext = .

.vfp11_veneer   0x08005110        0x0
 .vfp11_veneer  0x08005110        0x0 linker stubs

.v4_bx          0x08005110        0x0
 .v4_bx         0x08005110        0x0 linker stubs

.iplt           0x08005110        0x0
 .iplt          0x08005110        0x0 c:/program files (x86)/gnu tools arm embedded/6 2017-q2-update/bin/../lib/gcc/arm-none-eabi/6.3.1/thumb/v7e-m/fpv4-sp/hard/crtbegin.o

.rodata         0x08005110       0x70
                0x08005110                . = ALIGN (0x8)
 *(.rodata)
 *(.rodata*)
 .rodata.main.str1.4
                0x08005110        0xc build/main.o
 .rodata.AHBPrescTable
                0x0800511c       0x10 build/system_stm32l4xx.o
                0x0800511c                AHBPrescTable
 .rodata.APBPrescTable
                0x0800512c        0x8 build/system_stm32l4xx.o
                0x0800512c                APBPrescTable
 .rodata.MSIRangeTable
                0x08005134       0x30 build/system_stm32l4xx.o
                0x08005134                MSIRangeTable
 .rodata.vTaskStartScheduler.str1.4
                0x08005164        0x5 build/tasks.o
 *fill*         0x08005169        0x3 
 .rodata.prvCheckForValidListAndQueue.str1.4
                0x0800516c        0x5 build/timers.o
 *fill*         0x08005171        0x3 
 .rodata.xTimerCreateTimerTask.str1.4
                0x08005174        0x8 build/timers.o
                0x08005180                . = ALIGN (0x8)
 *fill*         0x0800517c        0x4 

.ARM.extab      0x08005180        0x0
                0x08005180                . = ALIGN (0x8)
 *(.ARM.extab* .gnu.linkonce.armextab.*)
                0x08005180                . = ALIGN (0x8)

.ARM            0x08005180        0x8
                0x08005180                . = ALIGN (0x8)
                0x08005180                __exidx_start = .
 *(.ARM.exidx*)
 .ARM.exidx     0x08005180        0x8 c:/program files (x86)/gnu tools arm embedded/6 2017-q2-update/bin/../lib/gcc/arm-none-eabi/6.3.1/thumb/v7e-m/fpv4-sp/hard\libgcc.a(_udivmoddi4.o)
                0x08005188                __exidx_end = .
                0x08005188                . = ALIGN (0x8)

.rel.dyn        0x08005188        0x0
 .rel.iplt      0x08005188        0x0 c:/program files (x86)/gnu tools arm embedded/6 2017-q2-update/bin/../lib/gcc/arm-none-eabi/6.3.1/thumb/v7e-m/fpv4-sp/hard/crtbegin.o

.preinit_array  0x08005188        0x0
                0x08005188                . = ALIGN (0x8)
                0x08005188                PROVIDE (__preinit_array_start, .)
 *(.preinit_array*)
                0x08005188                PROVIDE (__preinit_array_end, .)
                0x08005188                . = ALIGN (0x8)

.init_array     0x08005188        0x8
                0x08005188                . = ALIGN (0x8)
                0x08005188                PROVIDE (__init_array_start, .)
 *(SORT(.init_array.*))
 *(.init_array*)
 .init_array    0x08005188        0x4 c:/program files (x86)/gnu tools arm embedded/6 2017-q2-update/bin/../lib/gcc/arm-none-eabi/6.3.1/thumb/v7e-m/fpv4-sp/hard/crtbegin.o
                0x0800518c                PROVIDE (__init_array_end, .)
                0x08005190                . = ALIGN (0x8)
 *fill*         0x0800518c        0x4 

.fini_array     0x08005190        0x8
                0x08005190                . = ALIGN (0x8)
                [!provide]                PROVIDE (__fini_array_start, .)
 *(SORT(.fini_array.*))
 *(.fini_array*)
 .fini_array    0x08005190        0x4 c:/program files (x86)/gnu tools arm embedded/6 2017-q2-update/bin/../lib/gcc/arm-none-eabi/6.3.1/thumb/v7e-m/fpv4-sp/hard/crtbegin.o
                [!provide]                PROVIDE (__fini_array_end, .)
                0x08005198                . = ALIGN (0x8)
 *fill*         0x08005194        0x4 
                0x08005198                _sidata = LOADADDR (.data)

.data           0x20000000       0x10 load address 0x08005198
                0x20000000                . = ALIGN (0x8)
                0x20000000                _sdata = .
 *(.data)
 *(.data*)
 .data.uwTickFreq
                0x20000000        0x4 build/stm32l4xx_hal.o
                0x20000000                uwTickFreq
 .data.uwTickPrio
                0x20000004        0x4 build/stm32l4xx_hal.o
                0x20000004                uwTickPrio
 .data.SystemCoreClock
                0x20000008        0x4 build/system_stm32l4xx.o
                0x20000008                SystemCoreClock
 .data.uxCriticalNesting
                0x2000000c        0x4 build/port.o
                0x20000010                . = ALIGN (0x8)
                0x20000010                _edata = .

.jcr            0x20000010        0x0 load address 0x080051a8
 .jcr           0x20000010        0x0 c:/program files (x86)/gnu tools arm embedded/6 2017-q2-update/bin/../lib/gcc/arm-none-eabi/6.3.1/thumb/v7e-m/fpv4-sp/hard/crtbegin.o

.igot.plt       0x20000010        0x0 load address 0x080051a8
 .igot.plt      0x20000010        0x0 c:/program files (x86)/gnu tools arm embedded/6 2017-q2-update/bin/../lib/gcc/arm-none-eabi/6.3.1/thumb/v7e-m/fpv4-sp/hard/crtbegin.o
                0x20000010                . = ALIGN (0x4)

.bss            0x20000010     0x1ed8 load address 0x080051a8
                0x20000010                _sbss = .
                0x20000010                __bss_start__ = _sbss
 *(.bss)
 .bss           0x20000010       0x1c c:/program files (x86)/gnu tools arm embedded/6 2017-q2-update/bin/../lib/gcc/arm-none-eabi/6.3.1/thumb/v7e-m/fpv4-sp/hard/crtbegin.o
 *(.bss*)
 .bss.DFSDM1_Init
                0x2000002c        0x4 build/stm32l4xx_hal_msp.o
 .bss.a_dfsdm1ChannelHandle
                0x20000030       0x20 build/stm32l4xx_hal_dfsdm.o
 .bss.v_dfsdm1ChannelCounter
                0x20000050        0x4 build/stm32l4xx_hal_dfsdm.o
 .bss.pxCurrentTCB
                0x20000054        0x4 build/tasks.o
                0x20000054                pxCurrentTCB
 .bss.pxDelayedTaskList
                0x20000058        0x4 build/tasks.o
 .bss.pxOverflowDelayedTaskList
                0x2000005c        0x4 build/tasks.o
 .bss.pxReadyTasksLists
                0x20000060      0x460 build/tasks.o
 .bss.uxCurrentNumberOfTasks
                0x200004c0        0x4 build/tasks.o
 .bss.uxDeletedTasksWaitingCleanUp
                0x200004c4        0x4 build/tasks.o
 .bss.uxPendedTicks
                0x200004c8        0x4 build/tasks.o
 .bss.uxSchedulerSuspended
                0x200004cc        0x4 build/tasks.o
 .bss.uxTaskNumber
                0x200004d0        0x4 build/tasks.o
 .bss.uxTopReadyPriority
                0x200004d4        0x4 build/tasks.o
 .bss.xDelayedTaskList1
                0x200004d8       0x14 build/tasks.o
 .bss.xDelayedTaskList2
                0x200004ec       0x14 build/tasks.o
 .bss.xNextTaskUnblockTime
                0x20000500        0x4 build/tasks.o
 .bss.xNumOfOverflows
                0x20000504        0x4 build/tasks.o
 .bss.xPendingReadyList
                0x20000508       0x14 build/tasks.o
 .bss.xSchedulerRunning
                0x2000051c        0x4 build/tasks.o
 .bss.xSuspendedTaskList
                0x20000520       0x14 build/tasks.o
 .bss.xTasksWaitingTermination
                0x20000534       0x14 build/tasks.o
 .bss.xTickCount
                0x20000548        0x4 build/tasks.o
 .bss.xYieldPending
                0x2000054c        0x4 build/tasks.o
 .bss.pxCurrentTimerList
                0x20000550        0x4 build/timers.o
 .bss.pxOverflowTimerList
                0x20000554        0x4 build/timers.o
 .bss.ucStaticTimerQueueStorage.6653
                0x20000558       0xa0 build/timers.o
 .bss.xActiveTimerList1
                0x200005f8       0x14 build/timers.o
 .bss.xActiveTimerList2
                0x2000060c       0x14 build/timers.o
 .bss.xLastTime.6602
                0x20000620        0x4 build/timers.o
 .bss.xStaticTimerQueue.6652
                0x20000624       0x50 build/timers.o
 .bss.xTimerQueue
                0x20000674        0x4 build/timers.o
 .bss.xTimerTaskHandle
                0x20000678        0x4 build/timers.o
 .bss.Idle_Stack
                0x2000067c      0x200 build/cmsis_os2.o
 .bss.Idle_TCB  0x2000087c       0x5c build/cmsis_os2.o
 .bss.KernelState
                0x200008d8        0x4 build/cmsis_os2.o
 .bss.Timer_Stack
                0x200008dc      0x400 build/cmsis_os2.o
 .bss.Timer_TCB
                0x20000cdc       0x5c build/cmsis_os2.o
 .bss.pxEnd     0x20000d38        0x4 build/heap_4.o
 .bss.ucHeap    0x20000d3c      0xbb8 build/heap_4.o
 .bss.xBlockAllocatedBit
                0x200018f4        0x4 build/heap_4.o
 .bss.xFreeBytesRemaining
                0x200018f8        0x4 build/heap_4.o
 .bss.xMinimumEverFreeBytesRemaining
                0x200018fc        0x4 build/heap_4.o
 .bss.xStart    0x20001900        0x8 build/heap_4.o
 .bss.ucMaxSysCallPriority
                0x20001908        0x1 build/port.o
 *fill*         0x20001909        0x3 
 .bss.ulMaxPRIGROUPValue
                0x2000190c        0x4 build/port.o
 *(COMMON)
 COMMON         0x20001910      0x554 build/main.o
                0x20001910                hdfsdm1_channel1
                0x20001948                defaultTaskHandle
                0x2000194c                huart3
                0x200019cc                hpcd_USB_OTG_FS
                0x20001dd4                hi2c2
                0x20001e20                hqspi
 COMMON         0x20001e64       0x40 build/stm32l4xx_hal_timebase_tim.o
                0x20001e64                htim2
 COMMON         0x20001ea4        0x4 build/stm32l4xx_hal.o
                0x20001ea4                uwTick
 COMMON         0x20001ea8       0x40 build/queue.o
                0x20001ea8                xQueueRegistry
                0x20001ee8                . = ALIGN (0x4)
                0x20001ee8                _ebss = .
                0x20001ee8                __bss_end__ = _ebss

._user_heap_stack
                0x20001ee8      0x600 load address 0x080051a8
                0x20001ee8                . = ALIGN (0x8)
                [!provide]                PROVIDE (end, .)
                [!provide]                PROVIDE (_end, .)
                0x200020e8                . = (. + _Min_Heap_Size)
 *fill*         0x20001ee8      0x200 
                0x200024e8                . = (. + _Min_Stack_Size)
 *fill*         0x200020e8      0x400 
                0x200024e8                . = ALIGN (0x8)

/DISCARD/
 libc.a(*)
 libm.a(*)
 libgcc.a(*)

.ARM.attributes
                0x00000000       0x30
 *(.ARM.attributes)
 .ARM.attributes
                0x00000000       0x22 c:/program files (x86)/gnu tools arm embedded/6 2017-q2-update/bin/../lib/gcc/arm-none-eabi/6.3.1/thumb/v7e-m/fpv4-sp/hard/crti.o
 .ARM.attributes
                0x00000022       0x34 c:/program files (x86)/gnu tools arm embedded/6 2017-q2-update/bin/../lib/gcc/arm-none-eabi/6.3.1/thumb/v7e-m/fpv4-sp/hard/crtbegin.o
 .ARM.attributes
                0x00000056       0x39 build/main.o
 .ARM.attributes
                0x0000008f       0x39 build/stm32l4xx_it.o
 .ARM.attributes
                0x000000c8       0x39 build/stm32l4xx_hal_msp.o
 .ARM.attributes
                0x00000101       0x39 build/stm32l4xx_hal_timebase_tim.o
 .ARM.attributes
                0x0000013a       0x39 build/stm32l4xx_hal_dfsdm.o
 .ARM.attributes
                0x00000173       0x39 build/stm32l4xx_hal.o
 .ARM.attributes
                0x000001ac       0x39 build/stm32l4xx_hal_i2c.o
 .ARM.attributes
                0x000001e5       0x39 build/stm32l4xx_hal_i2c_ex.o
 .ARM.attributes
                0x0000021e       0x39 build/stm32l4xx_hal_rcc.o
 .ARM.attributes
                0x00000257       0x39 build/stm32l4xx_hal_rcc_ex.o
 .ARM.attributes
                0x00000290       0x39 build/stm32l4xx_hal_gpio.o
 .ARM.attributes
                0x000002c9       0x39 build/stm32l4xx_hal_pwr.o
 .ARM.attributes
                0x00000302       0x39 build/stm32l4xx_hal_pwr_ex.o
 .ARM.attributes
                0x0000033b       0x39 build/stm32l4xx_hal_cortex.o
 .ARM.attributes
                0x00000374       0x39 build/stm32l4xx_hal_qspi.o
 .ARM.attributes
                0x000003ad       0x39 build/stm32l4xx_hal_tim.o
 .ARM.attributes
                0x000003e6       0x39 build/stm32l4xx_hal_tim_ex.o
 .ARM.attributes
                0x0000041f       0x39 build/stm32l4xx_hal_uart.o
 .ARM.attributes
                0x00000458       0x39 build/stm32l4xx_hal_pcd.o
 .ARM.attributes
                0x00000491       0x39 build/stm32l4xx_hal_pcd_ex.o
 .ARM.attributes
                0x000004ca       0x39 build/stm32l4xx_ll_usb.o
 .ARM.attributes
                0x00000503       0x39 build/system_stm32l4xx.o
 .ARM.attributes
                0x0000053c       0x39 build/list.o
 .ARM.attributes
                0x00000575       0x39 build/queue.o
 .ARM.attributes
                0x000005ae       0x39 build/tasks.o
 .ARM.attributes
                0x000005e7       0x39 build/timers.o
 .ARM.attributes
                0x00000620       0x39 build/cmsis_os2.o
 .ARM.attributes
                0x00000659       0x39 build/heap_4.o
 .ARM.attributes
                0x00000692       0x39 build/port.o
 .ARM.attributes
                0x000006cb       0x21 build/startup_stm32l475xx.o
 .ARM.attributes
                0x000006ec       0x34 c:/program files (x86)/gnu tools arm embedded/6 2017-q2-update/bin/../lib/gcc/arm-none-eabi/6.3.1/../../../../arm-none-eabi/lib/thumb/v7e-m/fpv4-sp/hard\libc_nano.a(lib_a-init.o)
 .ARM.attributes
                0x00000720       0x34 c:/program files (x86)/gnu tools arm embedded/6 2017-q2-update/bin/../lib/gcc/arm-none-eabi/6.3.1/../../../../arm-none-eabi/lib/thumb/v7e-m/fpv4-sp/hard\libc_nano.a(lib_a-memcpy-stub.o)
 .ARM.attributes
                0x00000754       0x34 c:/program files (x86)/gnu tools arm embedded/6 2017-q2-update/bin/../lib/gcc/arm-none-eabi/6.3.1/../../../../arm-none-eabi/lib/thumb/v7e-m/fpv4-sp/hard\libc_nano.a(lib_a-memset.o)
 .ARM.attributes
                0x00000788       0x22 c:/program files (x86)/gnu tools arm embedded/6 2017-q2-update/bin/../lib/gcc/arm-none-eabi/6.3.1/thumb/v7e-m/fpv4-sp/hard\libgcc.a(_aeabi_uldivmod.o)
 .ARM.attributes
                0x000007aa       0x34 c:/program files (x86)/gnu tools arm embedded/6 2017-q2-update/bin/../lib/gcc/arm-none-eabi/6.3.1/thumb/v7e-m/fpv4-sp/hard\libgcc.a(_udivmoddi4.o)
 .ARM.attributes
                0x000007de       0x22 c:/program files (x86)/gnu tools arm embedded/6 2017-q2-update/bin/../lib/gcc/arm-none-eabi/6.3.1/thumb/v7e-m/fpv4-sp/hard\libgcc.a(_dvmd_tls.o)
 .ARM.attributes
                0x00000800       0x22 c:/program files (x86)/gnu tools arm embedded/6 2017-q2-update/bin/../lib/gcc/arm-none-eabi/6.3.1/thumb/v7e-m/fpv4-sp/hard/crtn.o
OUTPUT(build/iPong.elf elf32-littlearm)

.debug_info     0x00000000    0x30091
 .debug_info    0x00000000     0x2d9d build/main.o
 .debug_info    0x00002d9d      0x9aa build/stm32l4xx_it.o
 .debug_info    0x00003747     0x2019 build/stm32l4xx_hal_msp.o
 .debug_info    0x00005760      0xe6f build/stm32l4xx_hal_timebase_tim.o
 .debug_info    0x000065cf     0x216b build/stm32l4xx_hal_dfsdm.o
 .debug_info    0x0000873a      0xdce build/stm32l4xx_hal.o
 .debug_info    0x00009508     0x3bee build/stm32l4xx_hal_i2c.o
 .debug_info    0x0000d0f6      0xc60 build/stm32l4xx_hal_i2c_ex.o
 .debug_info    0x0000dd56     0x1089 build/stm32l4xx_hal_rcc.o
 .debug_info    0x0000eddf     0x1436 build/stm32l4xx_hal_rcc_ex.o
 .debug_info    0x00010215      0xa6d build/stm32l4xx_hal_gpio.o
 .debug_info    0x00010c82      0xbf6 build/stm32l4xx_hal_pwr.o
 .debug_info    0x00011878      0xc62 build/stm32l4xx_hal_pwr_ex.o
 .debug_info    0x000124da     0x1196 build/stm32l4xx_hal_cortex.o
 .debug_info    0x00013670     0x1950 build/stm32l4xx_hal_qspi.o
 .debug_info    0x00014fc0     0x36f1 build/stm32l4xx_hal_tim.o
 .debug_info    0x000186b1     0x192b build/stm32l4xx_hal_tim_ex.o
 .debug_info    0x00019fdc     0x1fa2 build/stm32l4xx_hal_uart.o
 .debug_info    0x0001bf7e     0x1aae build/stm32l4xx_hal_pcd.o
 .debug_info    0x0001da2c      0xbe5 build/stm32l4xx_hal_pcd_ex.o
 .debug_info    0x0001e611     0x1e33 build/stm32l4xx_ll_usb.o
 .debug_info    0x00020444      0x7a6 build/system_stm32l4xx.o
 .debug_info    0x00020bea      0xbe8 build/list.o
 .debug_info    0x000217d2     0x2e8d build/queue.o
 .debug_info    0x0002465f     0x36c1 build/tasks.o
 .debug_info    0x00027d20     0x217e build/timers.o
 .debug_info    0x00029e9e     0x4e4e build/cmsis_os2.o
 .debug_info    0x0002ecec      0xd82 build/heap_4.o
 .debug_info    0x0002fa6e      0x5b3 build/port.o
 .debug_info    0x00030021       0x70 build/startup_stm32l475xx.o

.debug_abbrev   0x00000000     0x4978
 .debug_abbrev  0x00000000      0x2c5 build/main.o
 .debug_abbrev  0x000002c5      0x198 build/stm32l4xx_it.o
 .debug_abbrev  0x0000045d      0x20f build/stm32l4xx_hal_msp.o
 .debug_abbrev  0x0000066c      0x1ec build/stm32l4xx_hal_timebase_tim.o
 .debug_abbrev  0x00000858      0x299 build/stm32l4xx_hal_dfsdm.o
 .debug_abbrev  0x00000af1      0x221 build/stm32l4xx_hal.o
 .debug_abbrev  0x00000d12      0x2a9 build/stm32l4xx_hal_i2c.o
 .debug_abbrev  0x00000fbb      0x1b6 build/stm32l4xx_hal_i2c_ex.o
 .debug_abbrev  0x00001171      0x253 build/stm32l4xx_hal_rcc.o
 .debug_abbrev  0x000013c4      0x27e build/stm32l4xx_hal_rcc_ex.o
 .debug_abbrev  0x00001642      0x211 build/stm32l4xx_hal_gpio.o
 .debug_abbrev  0x00001853      0x1a5 build/stm32l4xx_hal_pwr.o
 .debug_abbrev  0x000019f8      0x1f6 build/stm32l4xx_hal_pwr_ex.o
 .debug_abbrev  0x00001bee      0x33b build/stm32l4xx_hal_cortex.o
 .debug_abbrev  0x00001f29      0x270 build/stm32l4xx_hal_qspi.o
 .debug_abbrev  0x00002199      0x270 build/stm32l4xx_hal_tim.o
 .debug_abbrev  0x00002409      0x269 build/stm32l4xx_hal_tim_ex.o
 .debug_abbrev  0x00002672      0x280 build/stm32l4xx_hal_uart.o
 .debug_abbrev  0x000028f2      0x2ab build/stm32l4xx_hal_pcd.o
 .debug_abbrev  0x00002b9d      0x263 build/stm32l4xx_hal_pcd_ex.o
 .debug_abbrev  0x00002e00      0x2d7 build/stm32l4xx_ll_usb.o
 .debug_abbrev  0x000030d7      0x14d build/system_stm32l4xx.o
 .debug_abbrev  0x00003224      0x21e build/list.o
 .debug_abbrev  0x00003442      0x3fc build/queue.o
 .debug_abbrev  0x0000383e      0x3f1 build/tasks.o
 .debug_abbrev  0x00003c2f      0x386 build/timers.o
 .debug_abbrev  0x00003fb5      0x448 build/cmsis_os2.o
 .debug_abbrev  0x000043fd      0x312 build/heap_4.o
 .debug_abbrev  0x0000470f      0x257 build/port.o
 .debug_abbrev  0x00004966       0x12 build/startup_stm32l475xx.o

.debug_loc      0x00000000    0x22305
 .debug_loc     0x00000000      0x1d9 build/main.o
 .debug_loc     0x000001d9       0x60 build/stm32l4xx_it.o
 .debug_loc     0x00000239      0x47b build/stm32l4xx_hal_msp.o
 .debug_loc     0x000006b4       0xbd build/stm32l4xx_hal_timebase_tim.o
 .debug_loc     0x00000771     0x2247 build/stm32l4xx_hal_dfsdm.o
 .debug_loc     0x000029b8      0x2b2 build/stm32l4xx_hal.o
 .debug_loc     0x00002c6a     0x4d55 build/stm32l4xx_hal_i2c.o
 .debug_loc     0x000079bf      0x25c build/stm32l4xx_hal_i2c_ex.o
 .debug_loc     0x00007c1b      0x7bf build/stm32l4xx_hal_rcc.o
 .debug_loc     0x000083da     0x1d28 build/stm32l4xx_hal_rcc_ex.o
 .debug_loc     0x0000a102      0x39c build/stm32l4xx_hal_gpio.o
 .debug_loc     0x0000a49e      0x1bd build/stm32l4xx_hal_pwr.o
 .debug_loc     0x0000a65b      0x980 build/stm32l4xx_hal_pwr_ex.o
 .debug_loc     0x0000afdb      0x6a6 build/stm32l4xx_hal_cortex.o
 .debug_loc     0x0000b681     0x17d2 build/stm32l4xx_hal_qspi.o
 .debug_loc     0x0000ce53     0x4609 build/stm32l4xx_hal_tim.o
 .debug_loc     0x0001145c     0x1ed4 build/stm32l4xx_hal_tim_ex.o
 .debug_loc     0x00013330     0x1ddd build/stm32l4xx_hal_uart.o
 .debug_loc     0x0001510d     0x10a3 build/stm32l4xx_hal_pcd.o
 .debug_loc     0x000161b0      0x1e8 build/stm32l4xx_hal_pcd_ex.o
 .debug_loc     0x00016398     0x2017 build/stm32l4xx_ll_usb.o
 .debug_loc     0x000183af      0x1e4 build/system_stm32l4xx.o
 .debug_loc     0x00018593       0x9c build/list.o
 .debug_loc     0x0001862f     0x1a04 build/queue.o
 .debug_loc     0x0001a033     0x244a build/tasks.o
 .debug_loc     0x0001c47d      0xf91 build/timers.o
 .debug_loc     0x0001d40e     0x4a73 build/cmsis_os2.o
 .debug_loc     0x00021e81      0x324 build/heap_4.o
 .debug_loc     0x000221a5      0x160 build/port.o

.debug_aranges  0x00000000     0x1f38
 .debug_aranges
                0x00000000       0x70 build/main.o
 .debug_aranges
                0x00000070       0x60 build/stm32l4xx_it.o
 .debug_aranges
                0x000000d0       0x70 build/stm32l4xx_hal_msp.o
 .debug_aranges
                0x00000140       0x30 build/stm32l4xx_hal_timebase_tim.o
 .debug_aranges
                0x00000170      0x248 build/stm32l4xx_hal_dfsdm.o
 .debug_aranges
                0x000003b8      0x130 build/stm32l4xx_hal.o
 .debug_aranges
                0x000004e8      0x288 build/stm32l4xx_hal_i2c.o
 .debug_aranges
                0x00000770       0x48 build/stm32l4xx_hal_i2c_ex.o
 .debug_aranges
                0x000007b8       0x88 build/stm32l4xx_hal_rcc.o
 .debug_aranges
                0x00000840       0xc0 build/stm32l4xx_hal_rcc_ex.o
 .debug_aranges
                0x00000900       0x58 build/stm32l4xx_hal_gpio.o
 .debug_aranges
                0x00000958       0x98 build/stm32l4xx_hal_pwr.o
 .debug_aranges
                0x000009f0      0x148 build/stm32l4xx_hal_pwr_ex.o
 .debug_aranges
                0x00000b38       0xa8 build/stm32l4xx_hal_cortex.o
 .debug_aranges
                0x00000be0      0x160 build/stm32l4xx_hal_qspi.o
 .debug_aranges
                0x00000d40      0x3b8 build/stm32l4xx_hal_tim.o
 .debug_aranges
                0x000010f8      0x168 build/stm32l4xx_hal_tim_ex.o
 .debug_aranges
                0x00001260      0x1f8 build/stm32l4xx_hal_uart.o
 .debug_aranges
                0x00001458      0x130 build/stm32l4xx_hal_pcd.o
 .debug_aranges
                0x00001588       0x60 build/stm32l4xx_hal_pcd_ex.o
 .debug_aranges
                0x000015e8      0x198 build/stm32l4xx_ll_usb.o
 .debug_aranges
                0x00001780       0x28 build/system_stm32l4xx.o
 .debug_aranges
                0x000017a8       0x40 build/list.o
 .debug_aranges
                0x000017e8      0x158 build/queue.o
 .debug_aranges
                0x00001940      0x1f8 build/tasks.o
 .debug_aranges
                0x00001b38       0xe0 build/timers.o
 .debug_aranges
                0x00001c18      0x228 build/cmsis_os2.o
 .debug_aranges
                0x00001e40       0x50 build/heap_4.o
 .debug_aranges
                0x00001e90       0x80 build/port.o
 .debug_aranges
                0x00001f10       0x28 build/startup_stm32l475xx.o

.debug_ranges   0x00000000     0x2030
 .debug_ranges  0x00000000       0x60 build/main.o
 .debug_ranges  0x00000060       0x50 build/stm32l4xx_it.o
 .debug_ranges  0x000000b0       0x60 build/stm32l4xx_hal_msp.o
 .debug_ranges  0x00000110       0x20 build/stm32l4xx_hal_timebase_tim.o
 .debug_ranges  0x00000130      0x258 build/stm32l4xx_hal_dfsdm.o
 .debug_ranges  0x00000388      0x120 build/stm32l4xx_hal.o
 .debug_ranges  0x000004a8      0x278 build/stm32l4xx_hal_i2c.o
 .debug_ranges  0x00000720       0x38 build/stm32l4xx_hal_i2c_ex.o
 .debug_ranges  0x00000758       0x90 build/stm32l4xx_hal_rcc.o
 .debug_ranges  0x000007e8       0xd0 build/stm32l4xx_hal_rcc_ex.o
 .debug_ranges  0x000008b8       0x48 build/stm32l4xx_hal_gpio.o
 .debug_ranges  0x00000900       0x88 build/stm32l4xx_hal_pwr.o
 .debug_ranges  0x00000988      0x138 build/stm32l4xx_hal_pwr_ex.o
 .debug_ranges  0x00000ac0       0xf8 build/stm32l4xx_hal_cortex.o
 .debug_ranges  0x00000bb8      0x150 build/stm32l4xx_hal_qspi.o
 .debug_ranges  0x00000d08      0x3a8 build/stm32l4xx_hal_tim.o
 .debug_ranges  0x000010b0      0x158 build/stm32l4xx_hal_tim_ex.o
 .debug_ranges  0x00001208      0x1e8 build/stm32l4xx_hal_uart.o
 .debug_ranges  0x000013f0      0x120 build/stm32l4xx_hal_pcd.o
 .debug_ranges  0x00001510       0x50 build/stm32l4xx_hal_pcd_ex.o
 .debug_ranges  0x00001560      0x188 build/stm32l4xx_ll_usb.o
 .debug_ranges  0x000016e8       0x18 build/system_stm32l4xx.o
 .debug_ranges  0x00001700       0x30 build/list.o
 .debug_ranges  0x00001730      0x238 build/queue.o
 .debug_ranges  0x00001968      0x310 build/tasks.o
 .debug_ranges  0x00001c78       0xd0 build/timers.o
 .debug_ranges  0x00001d48      0x218 build/cmsis_os2.o
 .debug_ranges  0x00001f60       0x40 build/heap_4.o
 .debug_ranges  0x00001fa0       0x70 build/port.o
 .debug_ranges  0x00002010       0x20 build/startup_stm32l475xx.o

.debug_line     0x00000000     0xe7f8
 .debug_line    0x00000000      0x54e build/main.o
 .debug_line    0x0000054e      0x2c4 build/stm32l4xx_it.o
 .debug_line    0x00000812      0x411 build/stm32l4xx_hal_msp.o
 .debug_line    0x00000c23      0x290 build/stm32l4xx_hal_timebase_tim.o
 .debug_line    0x00000eb3      0xc2e build/stm32l4xx_hal_dfsdm.o
 .debug_line    0x00001ae1      0x4b4 build/stm32l4xx_hal.o
 .debug_line    0x00001f95     0x16a3 build/stm32l4xx_hal_i2c.o
 .debug_line    0x00003638      0x38c build/stm32l4xx_hal_i2c_ex.o
 .debug_line    0x000039c4      0x5e9 build/stm32l4xx_hal_rcc.o
 .debug_line    0x00003fad      0x85e build/stm32l4xx_hal_rcc_ex.o
 .debug_line    0x0000480b      0x39b build/stm32l4xx_hal_gpio.o
 .debug_line    0x00004ba6      0x379 build/stm32l4xx_hal_pwr.o
 .debug_line    0x00004f1f      0x670 build/stm32l4xx_hal_pwr_ex.o
 .debug_line    0x0000558f      0x468 build/stm32l4xx_hal_cortex.o
 .debug_line    0x000059f7      0x8ea build/stm32l4xx_hal_qspi.o
 .debug_line    0x000062e1     0x16ce build/stm32l4xx_hal_tim.o
 .debug_line    0x000079af      0x986 build/stm32l4xx_hal_tim_ex.o
 .debug_line    0x00008335      0xe16 build/stm32l4xx_hal_uart.o
 .debug_line    0x0000914b      0x7a8 build/stm32l4xx_hal_pcd.o
 .debug_line    0x000098f3      0x31d build/stm32l4xx_hal_pcd_ex.o
 .debug_line    0x00009c10      0x888 build/stm32l4xx_ll_usb.o
 .debug_line    0x0000a498      0x24a build/system_stm32l4xx.o
 .debug_line    0x0000a6e2      0x33b build/list.o
 .debug_line    0x0000aa1d      0xb5b build/queue.o
 .debug_line    0x0000b578      0xefc build/tasks.o
 .debug_line    0x0000c474      0x637 build/timers.o
 .debug_line    0x0000caab     0x15b2 build/cmsis_os2.o
 .debug_line    0x0000e05d      0x3e3 build/heap_4.o
 .debug_line    0x0000e440      0x345 build/port.o
 .debug_line    0x0000e785       0x73 build/startup_stm32l475xx.o

.debug_str      0x00000000     0xab66
 .debug_str     0x00000000     0x23bf build/main.o
                               0x2561 (size before relaxing)
 .debug_str     0x000023bf       0xe2 build/stm32l4xx_it.o
                                0x879 (size before relaxing)
 .debug_str     0x000024a1      0x142 build/stm32l4xx_hal_msp.o
                               0x1965 (size before relaxing)
 .debug_str     0x000025e3       0xde build/stm32l4xx_hal_timebase_tim.o
                                0xf40 (size before relaxing)
 .debug_str     0x000026c1      0xbb5 build/stm32l4xx_hal_dfsdm.o
                               0x1440 (size before relaxing)
 .debug_str     0x00003276      0x3a8 build/stm32l4xx_hal.o
                                0xe71 (size before relaxing)
 .debug_str     0x0000361e      0x847 build/stm32l4xx_hal_i2c.o
                               0x1129 (size before relaxing)
 .debug_str     0x00003e65       0xb5 build/stm32l4xx_hal_i2c_ex.o
                                0xadb (size before relaxing)
 .debug_str     0x00003f1a      0x28f build/stm32l4xx_hal_rcc.o
                                0xa52 (size before relaxing)
 .debug_str     0x000041a9      0x307 build/stm32l4xx_hal_rcc_ex.o
                                0xcd7 (size before relaxing)
 .debug_str     0x000044b0       0xbc build/stm32l4xx_hal_gpio.o
                                0x76a (size before relaxing)
 .debug_str     0x0000456c      0x292 build/stm32l4xx_hal_pwr.o
                                0x8c6 (size before relaxing)
 .debug_str     0x000047fe      0x3bb build/stm32l4xx_hal_pwr_ex.o
                                0x9ef (size before relaxing)
 .debug_str     0x00004bb9      0x42e build/stm32l4xx_hal_cortex.o
                                0xe1c (size before relaxing)
 .debug_str     0x00004fe7      0x4cc build/stm32l4xx_hal_qspi.o
                                0xd12 (size before relaxing)
 .debug_str     0x000054b3      0xdf9 build/stm32l4xx_hal_tim.o
                               0x16b8 (size before relaxing)
 .debug_str     0x000062ac      0x646 build/stm32l4xx_hal_tim_ex.o
                                0xfd8 (size before relaxing)
 .debug_str     0x000068f2      0x6be build/stm32l4xx_hal_uart.o
                               0x10a5 (size before relaxing)
 .debug_str     0x00006fb0      0x787 build/stm32l4xx_hal_pcd.o
                                0xf74 (size before relaxing)
 .debug_str     0x00007737      0x1ac build/stm32l4xx_hal_pcd_ex.o
                                0x9c4 (size before relaxing)
 .debug_str     0x000078e3      0x41f build/stm32l4xx_ll_usb.o
                                0xea7 (size before relaxing)
 .debug_str     0x00007d02       0x38 build/system_stm32l4xx.o
                                0x5b8 (size before relaxing)
 .debug_str     0x00007d3a      0x50e build/list.o
                                0x705 (size before relaxing)
 .debug_str     0x00008248      0x9a8 build/queue.o
                               0x1072 (size before relaxing)
 .debug_str     0x00008bf0      0xc44 build/tasks.o
                               0x167f (size before relaxing)
 .debug_str     0x00009834      0x5a9 build/timers.o
                                0xff6 (size before relaxing)
 .debug_str     0x00009ddd      0xa27 build/cmsis_os2.o
                               0x1cd0 (size before relaxing)
 .debug_str     0x0000a804      0x1d5 build/heap_4.o
                                0x7ee (size before relaxing)
 .debug_str     0x0000a9d9      0x18d build/port.o
                                0x48b (size before relaxing)

.comment        0x00000000       0x7f
 .comment       0x00000000       0x7f build/main.o
                                 0x80 (size before relaxing)
 .comment       0x0000007f       0x80 build/stm32l4xx_it.o
 .comment       0x0000007f       0x80 build/stm32l4xx_hal_msp.o
 .comment       0x0000007f       0x80 build/stm32l4xx_hal_timebase_tim.o
 .comment       0x0000007f       0x80 build/stm32l4xx_hal_dfsdm.o
 .comment       0x0000007f       0x80 build/stm32l4xx_hal.o
 .comment       0x0000007f       0x80 build/stm32l4xx_hal_i2c.o
 .comment       0x0000007f       0x80 build/stm32l4xx_hal_i2c_ex.o
 .comment       0x0000007f       0x80 build/stm32l4xx_hal_rcc.o
 .comment       0x0000007f       0x80 build/stm32l4xx_hal_rcc_ex.o
 .comment       0x0000007f       0x80 build/stm32l4xx_hal_gpio.o
 .comment       0x0000007f       0x80 build/stm32l4xx_hal_pwr.o
 .comment       0x0000007f       0x80 build/stm32l4xx_hal_pwr_ex.o
 .comment       0x0000007f       0x80 build/stm32l4xx_hal_cortex.o
 .comment       0x0000007f       0x80 build/stm32l4xx_hal_qspi.o
 .comment       0x0000007f       0x80 build/stm32l4xx_hal_tim.o
 .comment       0x0000007f       0x80 build/stm32l4xx_hal_tim_ex.o
 .comment       0x0000007f       0x80 build/stm32l4xx_hal_uart.o
 .comment       0x0000007f       0x80 build/stm32l4xx_hal_pcd.o
 .comment       0x0000007f       0x80 build/stm32l4xx_hal_pcd_ex.o
 .comment       0x0000007f       0x80 build/stm32l4xx_ll_usb.o
 .comment       0x0000007f       0x80 build/system_stm32l4xx.o
 .comment       0x0000007f       0x80 build/list.o
 .comment       0x0000007f       0x80 build/queue.o
 .comment       0x0000007f       0x80 build/tasks.o
 .comment       0x0000007f       0x80 build/timers.o
 .comment       0x0000007f       0x80 build/cmsis_os2.o
 .comment       0x0000007f       0x80 build/heap_4.o
 .comment       0x0000007f       0x80 build/port.o

.debug_frame    0x00000000     0x6174
 .debug_frame   0x00000000      0x168 build/main.o
 .debug_frame   0x00000168       0xc4 build/stm32l4xx_it.o
 .debug_frame   0x0000022c      0x16c build/stm32l4xx_hal_msp.o
 .debug_frame   0x00000398       0x50 build/stm32l4xx_hal_timebase_tim.o
 .debug_frame   0x000003e8      0x6c8 build/stm32l4xx_hal_dfsdm.o
 .debug_frame   0x00000ab0      0x290 build/stm32l4xx_hal.o
 .debug_frame   0x00000d40      0xa28 build/stm32l4xx_hal_i2c.o
 .debug_frame   0x00001768       0x80 build/stm32l4xx_hal_i2c_ex.o
 .debug_frame   0x000017e8      0x1c0 build/stm32l4xx_hal_rcc.o
 .debug_frame   0x000019a8      0x23c build/stm32l4xx_hal_rcc_ex.o
 .debug_frame   0x00001be4       0xe4 build/stm32l4xx_hal_gpio.o
 .debug_frame   0x00001cc8      0x128 build/stm32l4xx_hal_pwr.o
 .debug_frame   0x00001df0      0x27c build/stm32l4xx_hal_pwr_ex.o
 .debug_frame   0x0000206c      0x16c build/stm32l4xx_hal_cortex.o
 .debug_frame   0x000021d8      0x464 build/stm32l4xx_hal_qspi.o
 .debug_frame   0x0000263c      0xc0c build/stm32l4xx_hal_tim.o
 .debug_frame   0x00003248      0x4b8 build/stm32l4xx_hal_tim_ex.o
 .debug_frame   0x00003700      0x658 build/stm32l4xx_hal_uart.o
 .debug_frame   0x00003d58      0x3b4 build/stm32l4xx_hal_pcd.o
 .debug_frame   0x0000410c       0xc0 build/stm32l4xx_hal_pcd_ex.o
 .debug_frame   0x000041cc      0x4d8 build/stm32l4xx_ll_usb.o
 .debug_frame   0x000046a4       0x30 build/system_stm32l4xx.o
 .debug_frame   0x000046d4       0x70 build/list.o
 .debug_frame   0x00004744      0x4dc build/queue.o
 .debug_frame   0x00004c20      0x71c build/tasks.o
 .debug_frame   0x0000533c      0x314 build/timers.o
 .debug_frame   0x00005650      0x890 build/cmsis_os2.o
 .debug_frame   0x00005ee0       0xbc build/heap_4.o
 .debug_frame   0x00005f9c      0x104 build/port.o
 .debug_frame   0x000060a0       0x2c c:/program files (x86)/gnu tools arm embedded/6 2017-q2-update/bin/../lib/gcc/arm-none-eabi/6.3.1/../../../../arm-none-eabi/lib/thumb/v7e-m/fpv4-sp/hard\libc_nano.a(lib_a-init.o)
 .debug_frame   0x000060cc       0x28 c:/program files (x86)/gnu tools arm embedded/6 2017-q2-update/bin/../lib/gcc/arm-none-eabi/6.3.1/../../../../arm-none-eabi/lib/thumb/v7e-m/fpv4-sp/hard\libc_nano.a(lib_a-memcpy-stub.o)
 .debug_frame   0x000060f4       0x20 c:/program files (x86)/gnu tools arm embedded/6 2017-q2-update/bin/../lib/gcc/arm-none-eabi/6.3.1/../../../../arm-none-eabi/lib/thumb/v7e-m/fpv4-sp/hard\libc_nano.a(lib_a-memset.o)
 .debug_frame   0x00006114       0x2c c:/program files (x86)/gnu tools arm embedded/6 2017-q2-update/bin/../lib/gcc/arm-none-eabi/6.3.1/thumb/v7e-m/fpv4-sp/hard\libgcc.a(_aeabi_uldivmod.o)
 .debug_frame   0x00006140       0x34 c:/program files (x86)/gnu tools arm embedded/6 2017-q2-update/bin/../lib/gcc/arm-none-eabi/6.3.1/thumb/v7e-m/fpv4-sp/hard\libgcc.a(_udivmoddi4.o)

Cross Reference Table

Symbol                                            File
ADC1_2_IRQHandler                                 build/startup_stm32l475xx.o
ADC3_IRQHandler                                   build/startup_stm32l475xx.o
AHBPrescTable                                     build/system_stm32l4xx.o
                                                  build/stm32l4xx_hal_rcc.o
APBPrescTable                                     build/system_stm32l4xx.o
                                                  build/stm32l4xx_hal_rcc.o
BusFault_Handler                                  build/stm32l4xx_it.o
CAN1_RX0_IRQHandler                               build/startup_stm32l475xx.o
CAN1_RX1_IRQHandler                               build/startup_stm32l475xx.o
CAN1_SCE_IRQHandler                               build/startup_stm32l475xx.o
CAN1_TX_IRQHandler                                build/startup_stm32l475xx.o
COMP_IRQHandler                                   build/startup_stm32l475xx.o
DFSDM1_FLT0_IRQHandler                            build/startup_stm32l475xx.o
DFSDM1_FLT1_IRQHandler                            build/startup_stm32l475xx.o
DFSDM1_FLT2_IRQHandler                            build/startup_stm32l475xx.o
DFSDM1_FLT3_IRQHandler                            build/startup_stm32l475xx.o
DMA1_Channel1_IRQHandler                          build/startup_stm32l475xx.o
DMA1_Channel2_IRQHandler                          build/startup_stm32l475xx.o
DMA1_Channel3_IRQHandler                          build/startup_stm32l475xx.o
DMA1_Channel4_IRQHandler                          build/startup_stm32l475xx.o
DMA1_Channel5_IRQHandler                          build/startup_stm32l475xx.o
DMA1_Channel6_IRQHandler                          build/startup_stm32l475xx.o
DMA1_Channel7_IRQHandler                          build/startup_stm32l475xx.o
DMA2_Channel1_IRQHandler                          build/startup_stm32l475xx.o
DMA2_Channel2_IRQHandler                          build/startup_stm32l475xx.o
DMA2_Channel3_IRQHandler                          build/startup_stm32l475xx.o
DMA2_Channel4_IRQHandler                          build/startup_stm32l475xx.o
DMA2_Channel5_IRQHandler                          build/startup_stm32l475xx.o
DMA2_Channel6_IRQHandler                          build/startup_stm32l475xx.o
DMA2_Channel7_IRQHandler                          build/startup_stm32l475xx.o
DebugMon_Handler                                  build/stm32l4xx_it.o
Default_Handler                                   build/startup_stm32l475xx.o
EXTI0_IRQHandler                                  build/startup_stm32l475xx.o
EXTI15_10_IRQHandler                              build/stm32l4xx_it.o
EXTI1_IRQHandler                                  build/startup_stm32l475xx.o
EXTI2_IRQHandler                                  build/startup_stm32l475xx.o
EXTI3_IRQHandler                                  build/startup_stm32l475xx.o
EXTI4_IRQHandler                                  build/startup_stm32l475xx.o
EXTI9_5_IRQHandler                                build/stm32l4xx_it.o
Error_Handler                                     build/main.o
FLASH_FlushCaches                                 build/stm32l4xx_hal_flash_ex.o
                                                  build/stm32l4xx_hal_flash.o
FLASH_IRQHandler                                  build/startup_stm32l475xx.o
FLASH_PageErase                                   build/stm32l4xx_hal_flash_ex.o
                                                  build/stm32l4xx_hal_flash.o
FLASH_WaitForLastOperation                        build/stm32l4xx_hal_flash.o
                                                  build/stm32l4xx_hal_flash_ex.o
FMC_IRQHandler                                    build/startup_stm32l475xx.o
FPU_IRQHandler                                    build/startup_stm32l475xx.o
HAL_DBGMCU_DisableDBGSleepMode                    build/stm32l4xx_hal.o
HAL_DBGMCU_DisableDBGStandbyMode                  build/stm32l4xx_hal.o
HAL_DBGMCU_DisableDBGStopMode                     build/stm32l4xx_hal.o
HAL_DBGMCU_EnableDBGSleepMode                     build/stm32l4xx_hal.o
HAL_DBGMCU_EnableDBGStandbyMode                   build/stm32l4xx_hal.o
HAL_DBGMCU_EnableDBGStopMode                      build/stm32l4xx_hal.o
HAL_DFSDM_ChannelCkabCallback                     build/stm32l4xx_hal_dfsdm.o
HAL_DFSDM_ChannelCkabStart                        build/stm32l4xx_hal_dfsdm.o
HAL_DFSDM_ChannelCkabStart_IT                     build/stm32l4xx_hal_dfsdm.o
HAL_DFSDM_ChannelCkabStop                         build/stm32l4xx_hal_dfsdm.o
HAL_DFSDM_ChannelCkabStop_IT                      build/stm32l4xx_hal_dfsdm.o
HAL_DFSDM_ChannelDeInit                           build/stm32l4xx_hal_dfsdm.o
HAL_DFSDM_ChannelGetAwdValue                      build/stm32l4xx_hal_dfsdm.o
HAL_DFSDM_ChannelGetState                         build/stm32l4xx_hal_dfsdm.o
HAL_DFSDM_ChannelInit                             build/stm32l4xx_hal_dfsdm.o
                                                  build/main.o
HAL_DFSDM_ChannelModifyOffset                     build/stm32l4xx_hal_dfsdm.o
HAL_DFSDM_ChannelMspDeInit                        build/stm32l4xx_hal_msp.o
HAL_DFSDM_ChannelMspInit                          build/stm32l4xx_hal_msp.o
HAL_DFSDM_ChannelPollForCkab                      build/stm32l4xx_hal_dfsdm.o
HAL_DFSDM_ChannelPollForScd                       build/stm32l4xx_hal_dfsdm.o
HAL_DFSDM_ChannelScdCallback                      build/stm32l4xx_hal_dfsdm.o
HAL_DFSDM_ChannelScdStart                         build/stm32l4xx_hal_dfsdm.o
HAL_DFSDM_ChannelScdStart_IT                      build/stm32l4xx_hal_dfsdm.o
HAL_DFSDM_ChannelScdStop                          build/stm32l4xx_hal_dfsdm.o
HAL_DFSDM_ChannelScdStop_IT                       build/stm32l4xx_hal_dfsdm.o
HAL_DFSDM_FilterAwdCallback                       build/stm32l4xx_hal_dfsdm.o
HAL_DFSDM_FilterAwdStart_IT                       build/stm32l4xx_hal_dfsdm.o
HAL_DFSDM_FilterAwdStop_IT                        build/stm32l4xx_hal_dfsdm.o
HAL_DFSDM_FilterConfigInjChannel                  build/stm32l4xx_hal_dfsdm.o
HAL_DFSDM_FilterConfigRegChannel                  build/stm32l4xx_hal_dfsdm.o
HAL_DFSDM_FilterDeInit                            build/stm32l4xx_hal_dfsdm.o
HAL_DFSDM_FilterErrorCallback                     build/stm32l4xx_hal_dfsdm.o
HAL_DFSDM_FilterExdStart                          build/stm32l4xx_hal_dfsdm.o
HAL_DFSDM_FilterExdStop                           build/stm32l4xx_hal_dfsdm.o
HAL_DFSDM_FilterGetConvTimeValue                  build/stm32l4xx_hal_dfsdm.o
HAL_DFSDM_FilterGetError                          build/stm32l4xx_hal_dfsdm.o
HAL_DFSDM_FilterGetExdMaxValue                    build/stm32l4xx_hal_dfsdm.o
HAL_DFSDM_FilterGetExdMinValue                    build/stm32l4xx_hal_dfsdm.o
HAL_DFSDM_FilterGetInjectedValue                  build/stm32l4xx_hal_dfsdm.o
HAL_DFSDM_FilterGetRegularValue                   build/stm32l4xx_hal_dfsdm.o
HAL_DFSDM_FilterGetState                          build/stm32l4xx_hal_dfsdm.o
HAL_DFSDM_FilterInit                              build/stm32l4xx_hal_dfsdm.o
HAL_DFSDM_FilterInjConvCpltCallback               build/stm32l4xx_hal_dfsdm.o
HAL_DFSDM_FilterInjConvHalfCpltCallback           build/stm32l4xx_hal_dfsdm.o
HAL_DFSDM_FilterInjectedMsbStart_DMA              build/stm32l4xx_hal_dfsdm.o
HAL_DFSDM_FilterInjectedStart                     build/stm32l4xx_hal_dfsdm.o
HAL_DFSDM_FilterInjectedStart_DMA                 build/stm32l4xx_hal_dfsdm.o
HAL_DFSDM_FilterInjectedStart_IT                  build/stm32l4xx_hal_dfsdm.o
HAL_DFSDM_FilterInjectedStop                      build/stm32l4xx_hal_dfsdm.o
HAL_DFSDM_FilterInjectedStop_DMA                  build/stm32l4xx_hal_dfsdm.o
HAL_DFSDM_FilterInjectedStop_IT                   build/stm32l4xx_hal_dfsdm.o
HAL_DFSDM_FilterMspDeInit                         build/stm32l4xx_hal_dfsdm.o
HAL_DFSDM_FilterMspInit                           build/stm32l4xx_hal_dfsdm.o
HAL_DFSDM_FilterPollForInjConversion              build/stm32l4xx_hal_dfsdm.o
HAL_DFSDM_FilterPollForRegConversion              build/stm32l4xx_hal_dfsdm.o
HAL_DFSDM_FilterRegConvCpltCallback               build/stm32l4xx_hal_dfsdm.o
HAL_DFSDM_FilterRegConvHalfCpltCallback           build/stm32l4xx_hal_dfsdm.o
HAL_DFSDM_FilterRegularMsbStart_DMA               build/stm32l4xx_hal_dfsdm.o
HAL_DFSDM_FilterRegularStart                      build/stm32l4xx_hal_dfsdm.o
HAL_DFSDM_FilterRegularStart_DMA                  build/stm32l4xx_hal_dfsdm.o
HAL_DFSDM_FilterRegularStart_IT                   build/stm32l4xx_hal_dfsdm.o
HAL_DFSDM_FilterRegularStop                       build/stm32l4xx_hal_dfsdm.o
HAL_DFSDM_FilterRegularStop_DMA                   build/stm32l4xx_hal_dfsdm.o
HAL_DFSDM_FilterRegularStop_IT                    build/stm32l4xx_hal_dfsdm.o
HAL_DFSDM_IRQHandler                              build/stm32l4xx_hal_dfsdm.o
HAL_DMA_Abort                                     build/stm32l4xx_hal_dma.o
                                                  build/stm32l4xx_hal_uart.o
                                                  build/stm32l4xx_hal_qspi.o
                                                  build/stm32l4xx_hal_dfsdm.o
HAL_DMA_Abort_IT                                  build/stm32l4xx_hal_dma.o
                                                  build/stm32l4xx_hal_uart.o
                                                  build/stm32l4xx_hal_tim_ex.o
                                                  build/stm32l4xx_hal_tim.o
                                                  build/stm32l4xx_hal_qspi.o
                                                  build/stm32l4xx_hal_i2c.o
HAL_DMA_DeInit                                    build/stm32l4xx_hal_dma.o
HAL_DMA_GetError                                  build/stm32l4xx_hal_dma.o
                                                  build/stm32l4xx_hal_uart.o
HAL_DMA_GetState                                  build/stm32l4xx_hal_dma.o
HAL_DMA_IRQHandler                                build/stm32l4xx_hal_dma.o
HAL_DMA_Init                                      build/stm32l4xx_hal_dma.o
HAL_DMA_PollForTransfer                           build/stm32l4xx_hal_dma.o
HAL_DMA_RegisterCallback                          build/stm32l4xx_hal_dma.o
HAL_DMA_Start                                     build/stm32l4xx_hal_dma.o
HAL_DMA_Start_IT                                  build/stm32l4xx_hal_dma.o
                                                  build/stm32l4xx_hal_uart.o
                                                  build/stm32l4xx_hal_tim_ex.o
                                                  build/stm32l4xx_hal_tim.o
                                                  build/stm32l4xx_hal_qspi.o
                                                  build/stm32l4xx_hal_i2c.o
                                                  build/stm32l4xx_hal_dfsdm.o
HAL_DMA_UnRegisterCallback                        build/stm32l4xx_hal_dma.o
HAL_DeInit                                        build/stm32l4xx_hal.o
HAL_Delay                                         build/stm32l4xx_hal.o
                                                  build/stm32l4xx_ll_usb.o
                                                  build/stm32l4xx_hal_pcd_ex.o
HAL_EXTI_ClearConfigLine                          build/stm32l4xx_hal_exti.o
HAL_EXTI_ClearPending                             build/stm32l4xx_hal_exti.o
HAL_EXTI_GenerateSWI                              build/stm32l4xx_hal_exti.o
HAL_EXTI_GetConfigLine                            build/stm32l4xx_hal_exti.o
HAL_EXTI_GetHandle                                build/stm32l4xx_hal_exti.o
HAL_EXTI_GetPending                               build/stm32l4xx_hal_exti.o
HAL_EXTI_IRQHandler                               build/stm32l4xx_hal_exti.o
HAL_EXTI_RegisterCallback                         build/stm32l4xx_hal_exti.o
HAL_EXTI_SetConfigLine                            build/stm32l4xx_hal_exti.o
HAL_FLASHEx_DisableRunPowerDown                   build/stm32l4xx_hal_flash_ramfunc.o
HAL_FLASHEx_EnableRunPowerDown                    build/stm32l4xx_hal_flash_ramfunc.o
HAL_FLASHEx_Erase                                 build/stm32l4xx_hal_flash_ex.o
HAL_FLASHEx_Erase_IT                              build/stm32l4xx_hal_flash_ex.o
HAL_FLASHEx_OBGetConfig                           build/stm32l4xx_hal_flash_ex.o
HAL_FLASHEx_OBProgram                             build/stm32l4xx_hal_flash_ex.o
HAL_FLASH_EndOfOperationCallback                  build/stm32l4xx_hal_flash.o
HAL_FLASH_GetError                                build/stm32l4xx_hal_flash.o
HAL_FLASH_IRQHandler                              build/stm32l4xx_hal_flash.o
HAL_FLASH_Lock                                    build/stm32l4xx_hal_flash.o
HAL_FLASH_OB_Launch                               build/stm32l4xx_hal_flash.o
HAL_FLASH_OB_Lock                                 build/stm32l4xx_hal_flash.o
HAL_FLASH_OB_Unlock                               build/stm32l4xx_hal_flash.o
HAL_FLASH_OperationErrorCallback                  build/stm32l4xx_hal_flash.o
HAL_FLASH_Program                                 build/stm32l4xx_hal_flash.o
HAL_FLASH_Program_IT                              build/stm32l4xx_hal_flash.o
HAL_FLASH_Unlock                                  build/stm32l4xx_hal_flash.o
HAL_GPIO_DeInit                                   build/stm32l4xx_hal_gpio.o
                                                  build/stm32l4xx_hal_msp.o
HAL_GPIO_EXTI_Callback                            build/stm32l4xx_hal_gpio.o
HAL_GPIO_EXTI_IRQHandler                          build/stm32l4xx_hal_gpio.o
                                                  build/stm32l4xx_it.o
HAL_GPIO_Init                                     build/stm32l4xx_hal_gpio.o
                                                  build/stm32l4xx_hal_rcc_ex.o
                                                  build/stm32l4xx_hal_rcc.o
                                                  build/stm32l4xx_hal_msp.o
                                                  build/main.o
HAL_GPIO_LockPin                                  build/stm32l4xx_hal_gpio.o
HAL_GPIO_ReadPin                                  build/stm32l4xx_hal_gpio.o
HAL_GPIO_TogglePin                                build/stm32l4xx_hal_gpio.o
HAL_GPIO_WritePin                                 build/stm32l4xx_hal_gpio.o
                                                  build/main.o
HAL_GetDEVID                                      build/stm32l4xx_hal.o
HAL_GetHalVersion                                 build/stm32l4xx_hal.o
HAL_GetREVID                                      build/stm32l4xx_hal.o
HAL_GetTick                                       build/stm32l4xx_hal.o
                                                  build/stm32l4xx_hal_pcd_ex.o
                                                  build/stm32l4xx_hal_uart_ex.o
                                                  build/stm32l4xx_hal_uart.o
                                                  build/stm32l4xx_hal_qspi.o
                                                  build/stm32l4xx_hal_dma.o
                                                  build/stm32l4xx_hal_flash.o
                                                  build/stm32l4xx_hal_rcc_ex.o
                                                  build/stm32l4xx_hal_rcc.o
                                                  build/stm32l4xx_hal_i2c.o
                                                  build/stm32l4xx_hal_dfsdm.o
HAL_GetTickFreq                                   build/stm32l4xx_hal.o
HAL_GetTickPrio                                   build/stm32l4xx_hal.o
HAL_GetUIDw0                                      build/stm32l4xx_hal.o
HAL_GetUIDw1                                      build/stm32l4xx_hal.o
HAL_GetUIDw2                                      build/stm32l4xx_hal.o
HAL_HalfDuplex_EnableReceiver                     build/stm32l4xx_hal_uart.o
HAL_HalfDuplex_EnableTransmitter                  build/stm32l4xx_hal_uart.o
HAL_HalfDuplex_Init                               build/stm32l4xx_hal_uart.o
HAL_I2CEx_ConfigAnalogFilter                      build/stm32l4xx_hal_i2c_ex.o
                                                  build/main.o
HAL_I2CEx_ConfigDigitalFilter                     build/stm32l4xx_hal_i2c_ex.o
                                                  build/main.o
HAL_I2CEx_DisableFastModePlus                     build/stm32l4xx_hal_i2c_ex.o
HAL_I2CEx_DisableWakeUp                           build/stm32l4xx_hal_i2c_ex.o
HAL_I2CEx_EnableFastModePlus                      build/stm32l4xx_hal_i2c_ex.o
HAL_I2CEx_EnableWakeUp                            build/stm32l4xx_hal_i2c_ex.o
HAL_I2C_AbortCpltCallback                         build/stm32l4xx_hal_i2c.o
HAL_I2C_AddrCallback                              build/stm32l4xx_hal_i2c.o
HAL_I2C_DeInit                                    build/stm32l4xx_hal_i2c.o
HAL_I2C_DisableListen_IT                          build/stm32l4xx_hal_i2c.o
HAL_I2C_ER_IRQHandler                             build/stm32l4xx_hal_i2c.o
HAL_I2C_EV_IRQHandler                             build/stm32l4xx_hal_i2c.o
HAL_I2C_EnableListen_IT                           build/stm32l4xx_hal_i2c.o
HAL_I2C_ErrorCallback                             build/stm32l4xx_hal_i2c.o
HAL_I2C_GetError                                  build/stm32l4xx_hal_i2c.o
HAL_I2C_GetMode                                   build/stm32l4xx_hal_i2c.o
HAL_I2C_GetState                                  build/stm32l4xx_hal_i2c.o
HAL_I2C_Init                                      build/stm32l4xx_hal_i2c.o
                                                  build/main.o
HAL_I2C_IsDeviceReady                             build/stm32l4xx_hal_i2c.o
HAL_I2C_ListenCpltCallback                        build/stm32l4xx_hal_i2c.o
HAL_I2C_MasterRxCpltCallback                      build/stm32l4xx_hal_i2c.o
HAL_I2C_MasterTxCpltCallback                      build/stm32l4xx_hal_i2c.o
HAL_I2C_Master_Abort_IT                           build/stm32l4xx_hal_i2c.o
HAL_I2C_Master_Receive                            build/stm32l4xx_hal_i2c.o
HAL_I2C_Master_Receive_DMA                        build/stm32l4xx_hal_i2c.o
HAL_I2C_Master_Receive_IT                         build/stm32l4xx_hal_i2c.o
HAL_I2C_Master_Seq_Receive_DMA                    build/stm32l4xx_hal_i2c.o
HAL_I2C_Master_Seq_Receive_IT                     build/stm32l4xx_hal_i2c.o
HAL_I2C_Master_Seq_Transmit_DMA                   build/stm32l4xx_hal_i2c.o
HAL_I2C_Master_Seq_Transmit_IT                    build/stm32l4xx_hal_i2c.o
HAL_I2C_Master_Transmit                           build/stm32l4xx_hal_i2c.o
HAL_I2C_Master_Transmit_DMA                       build/stm32l4xx_hal_i2c.o
HAL_I2C_Master_Transmit_IT                        build/stm32l4xx_hal_i2c.o
HAL_I2C_MemRxCpltCallback                         build/stm32l4xx_hal_i2c.o
HAL_I2C_MemTxCpltCallback                         build/stm32l4xx_hal_i2c.o
HAL_I2C_Mem_Read                                  build/stm32l4xx_hal_i2c.o
HAL_I2C_Mem_Read_DMA                              build/stm32l4xx_hal_i2c.o
HAL_I2C_Mem_Read_IT                               build/stm32l4xx_hal_i2c.o
HAL_I2C_Mem_Write                                 build/stm32l4xx_hal_i2c.o
HAL_I2C_Mem_Write_DMA                             build/stm32l4xx_hal_i2c.o
HAL_I2C_Mem_Write_IT                              build/stm32l4xx_hal_i2c.o
HAL_I2C_MspDeInit                                 build/stm32l4xx_hal_msp.o
HAL_I2C_MspInit                                   build/stm32l4xx_hal_msp.o
HAL_I2C_SlaveRxCpltCallback                       build/stm32l4xx_hal_i2c.o
HAL_I2C_SlaveTxCpltCallback                       build/stm32l4xx_hal_i2c.o
HAL_I2C_Slave_Receive                             build/stm32l4xx_hal_i2c.o
HAL_I2C_Slave_Receive_DMA                         build/stm32l4xx_hal_i2c.o
HAL_I2C_Slave_Receive_IT                          build/stm32l4xx_hal_i2c.o
HAL_I2C_Slave_Seq_Receive_DMA                     build/stm32l4xx_hal_i2c.o
HAL_I2C_Slave_Seq_Receive_IT                      build/stm32l4xx_hal_i2c.o
HAL_I2C_Slave_Seq_Transmit_DMA                    build/stm32l4xx_hal_i2c.o
HAL_I2C_Slave_Seq_Transmit_IT                     build/stm32l4xx_hal_i2c.o
HAL_I2C_Slave_Transmit                            build/stm32l4xx_hal_i2c.o
HAL_I2C_Slave_Transmit_DMA                        build/stm32l4xx_hal_i2c.o
HAL_I2C_Slave_Transmit_IT                         build/stm32l4xx_hal_i2c.o
HAL_IncTick                                       build/stm32l4xx_hal.o
                                                  build/main.o
HAL_Init                                          build/stm32l4xx_hal.o
                                                  build/main.o
HAL_InitTick                                      build/stm32l4xx_hal_timebase_tim.o
                                                  build/stm32l4xx_hal_rcc.o
HAL_LIN_Init                                      build/stm32l4xx_hal_uart.o
HAL_LIN_SendBreak                                 build/stm32l4xx_hal_uart.o
HAL_MPU_ConfigRegion                              build/stm32l4xx_hal_cortex.o
HAL_MPU_Disable                                   build/stm32l4xx_hal_cortex.o
HAL_MPU_Enable                                    build/stm32l4xx_hal_cortex.o
HAL_MspDeInit                                     build/stm32l4xx_hal.o
HAL_MspInit                                       build/stm32l4xx_hal_msp.o
HAL_MultiProcessorEx_AddressLength_Set            build/stm32l4xx_hal_uart_ex.o
HAL_MultiProcessor_DisableMuteMode                build/stm32l4xx_hal_uart.o
HAL_MultiProcessor_EnableMuteMode                 build/stm32l4xx_hal_uart.o
HAL_MultiProcessor_EnterMuteMode                  build/stm32l4xx_hal_uart.o
HAL_MultiProcessor_Init                           build/stm32l4xx_hal_uart.o
HAL_NVIC_ClearPendingIRQ                          build/stm32l4xx_hal_cortex.o
HAL_NVIC_DisableIRQ                               build/stm32l4xx_hal_cortex.o
HAL_NVIC_EnableIRQ                                build/stm32l4xx_hal_cortex.o
                                                  build/stm32l4xx_hal_timebase_tim.o
                                                  build/main.o
HAL_NVIC_GetActive                                build/stm32l4xx_hal_cortex.o
HAL_NVIC_GetPendingIRQ                            build/stm32l4xx_hal_cortex.o
HAL_NVIC_GetPriority                              build/stm32l4xx_hal_cortex.o
HAL_NVIC_GetPriorityGrouping                      build/stm32l4xx_hal_cortex.o
HAL_NVIC_SetPendingIRQ                            build/stm32l4xx_hal_cortex.o
HAL_NVIC_SetPriority                              build/stm32l4xx_hal_cortex.o
                                                  build/stm32l4xx_hal.o
                                                  build/stm32l4xx_hal_timebase_tim.o
                                                  build/stm32l4xx_hal_msp.o
                                                  build/main.o
HAL_NVIC_SetPriorityGrouping                      build/stm32l4xx_hal_cortex.o
                                                  build/stm32l4xx_hal.o
HAL_NVIC_SystemReset                              build/stm32l4xx_hal_cortex.o
HAL_PCDEx_ActivateBCD                             build/stm32l4xx_hal_pcd_ex.o
HAL_PCDEx_ActivateLPM                             build/stm32l4xx_hal_pcd_ex.o
                                                  build/stm32l4xx_hal_pcd.o
HAL_PCDEx_BCD_Callback                            build/stm32l4xx_hal_pcd_ex.o
HAL_PCDEx_BCD_VBUSDetect                          build/stm32l4xx_hal_pcd_ex.o
HAL_PCDEx_DeActivateBCD                           build/stm32l4xx_hal_pcd_ex.o
HAL_PCDEx_DeActivateLPM                           build/stm32l4xx_hal_pcd_ex.o
HAL_PCDEx_LPM_Callback                            build/stm32l4xx_hal_pcd_ex.o
                                                  build/stm32l4xx_hal_pcd.o
HAL_PCDEx_SetRxFiFo                               build/stm32l4xx_hal_pcd_ex.o
HAL_PCDEx_SetTxFiFo                               build/stm32l4xx_hal_pcd_ex.o
HAL_PCD_ActivateRemoteWakeup                      build/stm32l4xx_hal_pcd.o
HAL_PCD_ConnectCallback                           build/stm32l4xx_hal_pcd.o
HAL_PCD_DataInStageCallback                       build/stm32l4xx_hal_pcd.o
HAL_PCD_DataOutStageCallback                      build/stm32l4xx_hal_pcd.o
HAL_PCD_DeActivateRemoteWakeup                    build/stm32l4xx_hal_pcd.o
HAL_PCD_DeInit                                    build/stm32l4xx_hal_pcd.o
HAL_PCD_DevConnect                                build/stm32l4xx_hal_pcd.o
HAL_PCD_DevDisconnect                             build/stm32l4xx_hal_pcd.o
HAL_PCD_DisconnectCallback                        build/stm32l4xx_hal_pcd.o
HAL_PCD_EP_Close                                  build/stm32l4xx_hal_pcd.o
HAL_PCD_EP_ClrStall                               build/stm32l4xx_hal_pcd.o
HAL_PCD_EP_Flush                                  build/stm32l4xx_hal_pcd.o
HAL_PCD_EP_GetRxCount                             build/stm32l4xx_hal_pcd.o
HAL_PCD_EP_Open                                   build/stm32l4xx_hal_pcd.o
HAL_PCD_EP_Receive                                build/stm32l4xx_hal_pcd.o
HAL_PCD_EP_SetStall                               build/stm32l4xx_hal_pcd.o
HAL_PCD_EP_Transmit                               build/stm32l4xx_hal_pcd.o
HAL_PCD_GetState                                  build/stm32l4xx_hal_pcd.o